Archive member included to satisfy reference by file (symbol)

../../../../project/realtek_amebaD2_va0_example/GCC-RELEASE/project_ap/asdk/build/atf/lib/libc.a(assert.o)
                              ../../../../project/realtek_amebaD2_va0_example/GCC-RELEASE/project_ap/asdk/build/atf/bl1/io_semihosting.o (__assert)
../../../../project/realtek_amebaD2_va0_example/GCC-RELEASE/project_ap/asdk/build/atf/lib/libc.a(memcmp.o)
                              ../../../../project/realtek_amebaD2_va0_example/GCC-RELEASE/project_ap/asdk/build/atf/bl1/io_fip.o (memcmp)
../../../../project/realtek_amebaD2_va0_example/GCC-RELEASE/project_ap/asdk/build/atf/lib/libc.a(memcpy.o)
                              ../../../../project/realtek_amebaD2_va0_example/GCC-RELEASE/project_ap/asdk/build/atf/bl1/io_memmap.o (memcpy)
../../../../project/realtek_amebaD2_va0_example/GCC-RELEASE/project_ap/asdk/build/atf/lib/libc.a(memmove.o)
                              ../../../../project/realtek_amebaD2_va0_example/GCC-RELEASE/project_ap/asdk/build/atf/bl1/xlat_tables_core.o (memmove)
../../../../project/realtek_amebaD2_va0_example/GCC-RELEASE/project_ap/asdk/build/atf/lib/libc.a(printf.o)
                              ../../../../project/realtek_amebaD2_va0_example/GCC-RELEASE/project_ap/asdk/build/atf/bl1/tf_log.o (vprintf)
../../../../project/realtek_amebaD2_va0_example/GCC-RELEASE/project_ap/asdk/build/atf/lib/libc.a(putchar.o)
                              ../../../../project/realtek_amebaD2_va0_example/GCC-RELEASE/project_ap/asdk/build/atf/bl1/tf_log.o (putchar)
../../../../project/realtek_amebaD2_va0_example/GCC-RELEASE/project_ap/asdk/build/atf/lib/libc.a(strlen.o)
                              ../../../../project/realtek_amebaD2_va0_example/GCC-RELEASE/project_ap/asdk/build/atf/bl1/semihosting.o (strlen)
../../../../project/realtek_amebaD2_va0_example/GCC-RELEASE/project_ap/asdk/build/atf/lib/libc.a(spinlock.o)
                              ../../../../project/realtek_amebaD2_va0_example/GCC-RELEASE/project_ap/asdk/build/atf/bl1/errata_report.o (spin_lock)

Discarded input sections

 .text          0x0000000000000000        0x0 ../../../../project/realtek_amebaD2_va0_example/GCC-RELEASE/project_ap/asdk/build/atf/bl1/build_message.o
 .data          0x0000000000000000        0x0 ../../../../project/realtek_amebaD2_va0_example/GCC-RELEASE/project_ap/asdk/build/atf/bl1/build_message.o
 .bss           0x0000000000000000        0x0 ../../../../project/realtek_amebaD2_va0_example/GCC-RELEASE/project_ap/asdk/build/atf/bl1/build_message.o
 .rodata.build_message
                0x0000000000000000       0x1e ../../../../project/realtek_amebaD2_va0_example/GCC-RELEASE/project_ap/asdk/build/atf/bl1/build_message.o
 .rodata.version_string
                0x0000000000000000       0x12 ../../../../project/realtek_amebaD2_va0_example/GCC-RELEASE/project_ap/asdk/build/atf/bl1/build_message.o
 .debug_info    0x0000000000000000       0x7b ../../../../project/realtek_amebaD2_va0_example/GCC-RELEASE/project_ap/asdk/build/atf/bl1/build_message.o
 .debug_abbrev  0x0000000000000000       0x45 ../../../../project/realtek_amebaD2_va0_example/GCC-RELEASE/project_ap/asdk/build/atf/bl1/build_message.o
 .debug_aranges
                0x0000000000000000       0x18 ../../../../project/realtek_amebaD2_va0_example/GCC-RELEASE/project_ap/asdk/build/atf/bl1/build_message.o
 .debug_line    0x0000000000000000       0x28 ../../../../project/realtek_amebaD2_va0_example/GCC-RELEASE/project_ap/asdk/build/atf/bl1/build_message.o
 .debug_str     0x0000000000000000      0x142 ../../../../project/realtek_amebaD2_va0_example/GCC-RELEASE/project_ap/asdk/build/atf/bl1/build_message.o
 .comment       0x0000000000000000       0x2e ../../../../project/realtek_amebaD2_va0_example/GCC-RELEASE/project_ap/asdk/build/atf/bl1/build_message.o
 .ARM.attributes
                0x0000000000000000       0x37 ../../../../project/realtek_amebaD2_va0_example/GCC-RELEASE/project_ap/asdk/build/atf/bl1/build_message.o
 .text          0x0000000000000000        0x0 ../../../../project/realtek_amebaD2_va0_example/GCC-RELEASE/project_ap/asdk/build/atf/bl1/io_semihosting.o
 .data          0x0000000000000000        0x0 ../../../../project/realtek_amebaD2_va0_example/GCC-RELEASE/project_ap/asdk/build/atf/bl1/io_semihosting.o
 .bss           0x0000000000000000        0x0 ../../../../project/realtek_amebaD2_va0_example/GCC-RELEASE/project_ap/asdk/build/atf/bl1/io_semihosting.o
 .text          0x0000000000000000        0x0 ../../../../project/realtek_amebaD2_va0_example/GCC-RELEASE/project_ap/asdk/build/atf/bl1/io_storage.o
 .data          0x0000000000000000        0x0 ../../../../project/realtek_amebaD2_va0_example/GCC-RELEASE/project_ap/asdk/build/atf/bl1/io_storage.o
 .bss           0x0000000000000000        0x0 ../../../../project/realtek_amebaD2_va0_example/GCC-RELEASE/project_ap/asdk/build/atf/bl1/io_storage.o
 .text.io_write
[...]
Memory Configuration

Name             Origin             Length             Attributes
ROM              0x0000000000000000 0x0000000000000400 xr
SRAM             0x000000002001fe00 0x0000000000000200 xr
DRAM             0x0000000070180020 0x000000000001ffe0 xr
RAM              0x00000000701a0000 0x0000000000010000 xrw
*default*        0x0000000000000000 0xffffffffffffffff

Linker script and memory map


.boot_rom       0x0000000000000000       0x20
 *bl1_entrypoint_rom.o(.text*)
 .text          0x0000000000000000        0x0 ../../../../project/realtek_amebaD2_va0_example/GCC-RELEASE/project_ap/asdk/build/atf/bl1/bl1_entrypoint_rom.o
 .text.asm.bl1_boot_rom
                0x0000000000000000        0x4 ../../../../project/realtek_amebaD2_va0_example/GCC-RELEASE/project_ap/asdk/build/atf/bl1/bl1_entrypoint_rom.o
                0x0000000000000000                bl1_boot_rom
 *fill*         0x0000000000000004        0x4 
 .text.asm.bl1_boot_rom.__stub
                0x0000000000000008        0x8 linker stubs
                0x0000000000000020                . = ALIGN (0x20)
 *fill*         0x0000000000000010       0x10 

.boot_sram      0x000000002001fe00       0x20
 *bl1_entrypoint_sram.o(.text*)
 .text          0x000000002001fe00        0x0 ../../../../project/realtek_amebaD2_va0_example/GCC-RELEASE/project_ap/asdk/build/atf/bl1/bl1_entrypoint_sram.o
 .text.asm.bl1_boot_sram
                0x000000002001fe00        0x4 ../../../../project/realtek_amebaD2_va0_example/GCC-RELEASE/project_ap/asdk/build/atf/bl1/bl1_entrypoint_sram.o
                0x000000002001fe00                bl1_boot_sram
 *fill*         0x000000002001fe04        0x4 
 .text.asm.bl1_boot_sram.__stub
                0x000000002001fe08        0x8 linker stubs
                0x000000002001fe20                . = ALIGN (0x20)
 *fill*         0x000000002001fe10       0x10 
                0x0000000070180020                . = 0x70180020

.text           0x0000000070180020     0x2fe0
                0x0000000070180020                __TEXT_START__ = .
 *bl1_entrypoint.o(.text*)
 .text.asm.bl1_entrypoint
                0x0000000070180020      0x368 ../../../../project/realtek_amebaD2_va0_example/GCC-RELEASE/project_ap/asdk/build/atf/bl1/bl1_entrypoint.o
                0x0000000070180020                bl1_entrypoint
 *(SORT_BY_ALIGNMENT(.text*))
 .text.sh_dev_open
                0x0000000070180388       0x14 ../../../../project/realtek_amebaD2_va0_example/GCC-RELEASE/project_ap/asdk/build/atf/bl1/io_semihosting.o
 .text.register_io_dev_sh
                0x000000007018039c       0x20 ../../../../project/realtek_amebaD2_va0_example/GCC-RELEASE/project_ap/asdk/build/atf/bl1/io_semihosting.o
                0x000000007018039c                register_io_dev_sh
 .text.free_entity.isra.0
                0x00000000701803bc       0x38 ../../../../project/realtek_amebaD2_va0_example/GCC-RELEASE/project_ap/asdk/build/atf/bl1/io_storage.o
 .text.io_register_device
                0x00000000701803f4       0x24 ../../../../project/realtek_amebaD2_va0_example/GCC-RELEASE/project_ap/asdk/build/atf/bl1/io_storage.o
                0x00000000701803f4                io_register_device
 .text.io_open  0x0000000070180418       0x84 ../../../../project/realtek_amebaD2_va0_example/GCC-RELEASE/project_ap/asdk/build/atf/bl1/io_storage.o
                0x0000000070180418                io_open
 .text.fip_file_close
                0x000000007018049c       0x20 ../../../../project/realtek_amebaD2_va0_example/GCC-RELEASE/project_ap/asdk/build/atf/bl1/io_fip.o
 .text.fip_dev_init
                0x00000000701804bc       0x70 ../../../../project/realtek_amebaD2_va0_example/GCC-RELEASE/project_ap/asdk/build/atf/bl1/io_fip.o
 .text.fip_file_read
                0x000000007018052c       0x80 ../../../../project/realtek_amebaD2_va0_example/GCC-RELEASE/project_ap/asdk/build/atf/bl1/io_fip.o
 .text.fip_dev_open
                0x00000000701805ac       0x40 ../../../../project/realtek_amebaD2_va0_example/GCC-RELEASE/project_ap/asdk/build/atf/bl1/io_fip.o
 .text.fip_file_open
                0x00000000701805ec       0xac ../../../../project/realtek_amebaD2_va0_example/GCC-RELEASE/project_ap/asdk/build/atf/bl1/io_fip.o
 .text.fip_dev_close
                0x0000000070180698       0x48 ../../../../project/realtek_amebaD2_va0_example/GCC-RELEASE/project_ap/asdk/build/atf/bl1/io_fip.o
 .text.register_io_dev_fip
                0x00000000701806e0       0x20 ../../../../project/realtek_amebaD2_va0_example/GCC-RELEASE/project_ap/asdk/build/atf/bl1/io_fip.o
                0x00000000701806e0                register_io_dev_fip
 .text.memmap_dev_open
                0x0000000070180700       0x14 ../../../../project/realtek_amebaD2_va0_example/GCC-RELEASE/project_ap/asdk/build/atf/bl1/io_memmap.o
 .text.memmap_block_open
                0x0000000070180714       0x38 ../../../../project/realtek_amebaD2_va0_example/GCC-RELEASE/project_ap/asdk/build/atf/bl1/io_memmap.o
 .text.memmap_block_close
                0x000000007018074c       0x1c ../../../../project/realtek_amebaD2_va0_example/GCC-RELEASE/project_ap/asdk/build/atf/bl1/io_memmap.o
 .text.register_io_dev_memmap
                0x0000000070180768       0x20 ../../../../project/realtek_amebaD2_va0_example/GCC-RELEASE/project_ap/asdk/build/atf/bl1/io_memmap.o
                0x0000000070180768                register_io_dev_memmap
 .text.open_fip
                0x0000000070180788       0x30 ../../../../project/realtek_amebaD2_va0_example/GCC-RELEASE/project_ap/asdk/build/atf/bl1/sheipa_io_storage.o
 .text.open_memmap
                0x00000000701807b8       0x30 ../../../../project/realtek_amebaD2_va0_example/GCC-RELEASE/project_ap/asdk/build/atf/bl1/sheipa_io_storage.o
 .text.plat_sheipa_io_setup
                0x00000000701807e8       0x6c ../../../../project/realtek_amebaD2_va0_example/GCC-RELEASE/project_ap/asdk/build/atf/bl1/sheipa_io_storage.o
                0x00000000701807e8                plat_sheipa_io_setup
 .text.plat_get_image_source
                0x0000000070180854       0x8c ../../../../project/realtek_amebaD2_va0_example/GCC-RELEASE/project_ap/asdk/build/atf/bl1/sheipa_io_storage.o
                0x0000000070180854                plat_get_image_source
 .text.bl1_plat_sec_mem_layout
                0x00000000701808e0        0x8 ../../../../project/realtek_amebaD2_va0_example/GCC-RELEASE/project_ap/asdk/build/atf/bl1/sheipa_bl1_setup.o
                0x00000000701808e0                bl1_plat_sec_mem_layout
 .text.bl1_early_platform_setup
                0x00000000701808e8       0x1c ../../../../project/realtek_amebaD2_va0_example/GCC-RELEASE/project_ap/asdk/build/atf/bl1/sheipa_bl1_setup.o
                0x00000000701808e8                bl1_early_platform_setup
 .text.bl1_plat_arch_setup
                0x0000000070180904       0x4c ../../../../project/realtek_amebaD2_va0_example/GCC-RELEASE/project_ap/asdk/build/atf/bl1/sheipa_bl1_setup.o
                0x0000000070180904                bl1_plat_arch_setup
 .text.bl1_calc_bl2_mem_layout
                0x0000000070180950       0x2c ../../../../project/realtek_amebaD2_va0_example/GCC-RELEASE/project_ap/asdk/build/atf/bl1/bl1_main.o
                0x0000000070180950                bl1_calc_bl2_mem_layout
 .text.bl1_main
                0x000000007018097c       0xa0 ../../../../project/realtek_amebaD2_va0_example/GCC-RELEASE/project_ap/asdk/build/atf/bl1/bl1_main.o
                0x000000007018097c                bl1_main
 .text.bl1_smc_handler
                0x0000000070180a1c       0x40 ../../../../project/realtek_amebaD2_va0_example/GCC-RELEASE/project_ap/asdk/build/atf/bl1/bl1_main.o
                0x0000000070180a1c                bl1_smc_handler
 .text.smc_set_next_ctx
                0x0000000070180a5c       0x20 ../../../../project/realtek_amebaD2_va0_example/GCC-RELEASE/project_ap/asdk/build/atf/bl1/bl1_context_mgmt.o
                0x0000000070180a5c                smc_set_next_ctx
 .text.smc_get_next_ctx
                0x0000000070180a7c        0xc ../../../../project/realtek_amebaD2_va0_example/GCC-RELEASE/project_ap/asdk/build/atf/bl1/bl1_context_mgmt.o
                0x0000000070180a7c                smc_get_next_ctx
 .text.cm_get_context
                0x0000000070180a88       0x18 ../../../../project/realtek_amebaD2_va0_example/GCC-RELEASE/project_ap/asdk/build/atf/bl1/bl1_context_mgmt.o
                0x0000000070180a88                cm_get_context
 .text.cm_set_next_context
                0x0000000070180aa0       0x14 ../../../../project/realtek_amebaD2_va0_example/GCC-RELEASE/project_ap/asdk/build/atf/bl1/bl1_context_mgmt.o
                0x0000000070180aa0                cm_set_next_context
 .text.bl1_prepare_next_image
                0x0000000070180ab4       0xf8 ../../../../project/realtek_amebaD2_va0_example/GCC-RELEASE/project_ap/asdk/build/atf/bl1/bl1_context_mgmt.o
                0x0000000070180ab4                bl1_prepare_next_image
 .text.bl1_plat_get_image_desc
                0x0000000070180bac        0x8 ../../../../project/realtek_amebaD2_va0_example/GCC-RELEASE/project_ap/asdk/build/atf/bl1/plat_bl1_common.o
                0x0000000070180bac                bl1_plat_get_image_desc
 .text.cm_setup_context
                0x0000000070180bb4       0x6c ../../../../project/realtek_amebaD2_va0_example/GCC-RELEASE/project_ap/asdk/build/atf/bl1/context_mgmt.o
                0x0000000070180bb4                cm_setup_context
 .text.cm_prepare_el3_exit
                0x0000000070180c20       0xb0 ../../../../project/realtek_amebaD2_va0_example/GCC-RELEASE/project_ap/asdk/build/atf/bl1/context_mgmt.o
                0x0000000070180c20                cm_prepare_el3_exit
 .text.tf_log   0x0000000070180cd0       0x54 ../../../../project/realtek_amebaD2_va0_example/GCC-RELEASE/project_ap/asdk/build/atf/bl1/tf_log.o
                0x0000000070180cd0                tf_log
 .text.console_is_registered
                0x0000000070180d24       0x24 ../../../../project/realtek_amebaD2_va0_example/GCC-RELEASE/project_ap/asdk/build/atf/bl1/multi_console.o
                0x0000000070180d24                console_is_registered
 .text.console_register
                0x0000000070180d48       0x38 ../../../../project/realtek_amebaD2_va0_example/GCC-RELEASE/project_ap/asdk/build/atf/bl1/multi_console.o
                0x0000000070180d48                console_register
 .text.console_putc
                0x0000000070180d80       0x58 ../../../../project/realtek_amebaD2_va0_example/GCC-RELEASE/project_ap/asdk/build/atf/bl1/multi_console.o
                0x0000000070180d80                console_putc
 .text.console_flush
                0x0000000070180dd8       0x40 ../../../../project/realtek_amebaD2_va0_example/GCC-RELEASE/project_ap/asdk/build/atf/bl1/multi_console.o
                0x0000000070180dd8                console_flush
 .text.plat_log_get_prefix
                0x0000000070180e18       0x24 ../../../../project/realtek_amebaD2_va0_example/GCC-RELEASE/project_ap/asdk/build/atf/bl1/plat_log_common.o
                0x0000000070180e18                plat_log_get_prefix
 .text.sheipa_configure_mmu_svc_mon
                0x0000000070180e3c       0x70 ../../../../project/realtek_amebaD2_va0_example/GCC-RELEASE/project_ap/asdk/build/atf/bl1/sheipa_common.o
                0x0000000070180e3c                sheipa_configure_mmu_svc_mon
 .text.sheipa_console_init
                0x0000000070180eac       0x2c ../../../../project/realtek_amebaD2_va0_example/GCC-RELEASE/project_ap/asdk/build/atf/bl1/sheipa_console_setup.o
                0x0000000070180eac                sheipa_console_init
 .text.setup_mmu_cfg
                0x0000000070180ed8       0x94 ../../../../project/realtek_amebaD2_va0_example/GCC-RELEASE/project_ap/asdk/build/atf/bl1/xlat_tables_arch.o
                0x0000000070180ed8                setup_mmu_cfg
 .text.mmap_add_region
                0x0000000070180f6c       0x28 ../../../../project/realtek_amebaD2_va0_example/GCC-RELEASE/project_ap/asdk/build/atf/bl1/xlat_tables_context.o
                0x0000000070180f6c                mmap_add_region
 .text.mmap_add
                0x0000000070180f94        0xc ../../../../project/realtek_amebaD2_va0_example/GCC-RELEASE/project_ap/asdk/build/atf/bl1/xlat_tables_context.o
                0x0000000070180f94                mmap_add
 .text.init_xlat_tables
                0x0000000070180fa0       0x30 ../../../../project/realtek_amebaD2_va0_example/GCC-RELEASE/project_ap/asdk/build/atf/bl1/xlat_tables_context.o
                0x0000000070180fa0                init_xlat_tables
 .text.enable_mmu_svc_mon
                0x0000000070180fd0       0x34 ../../../../project/realtek_amebaD2_va0_example/GCC-RELEASE/project_ap/asdk/build/atf/bl1/xlat_tables_context.o
                0x0000000070180fd0                enable_mmu_svc_mon
 .text.mmap_add_region_ctx
                0x0000000070181004      0x1e4 ../../../../project/realtek_amebaD2_va0_example/GCC-RELEASE/project_ap/asdk/build/atf/bl1/xlat_tables_core.o
                0x0000000070181004                mmap_add_region_ctx
 .text.init_xlat_tables_ctx
                0x00000000701811e8      0x108 ../../../../project/realtek_amebaD2_va0_example/GCC-RELEASE/project_ap/asdk/build/atf/bl1/xlat_tables_core.o
                0x00000000701811e8                init_xlat_tables_ctx
 .text.asm.semihosting_call
                0x00000000701812f0        0x8 ../../../../project/realtek_amebaD2_va0_example/GCC-RELEASE/project_ap/asdk/build/atf/bl1/semihosting_call.o
                0x00000000701812f0                semihosting_call
 .text.asm.aem_generic_errata_report
                0x00000000701812f8        0x4 ../../../../project/realtek_amebaD2_va0_example/GCC-RELEASE/project_ap/asdk/build/atf/bl1/aem_generic.o
 .text.asm.cortex_a7_enable_smp
                0x00000000701812fc       0x14 ../../../../project/realtek_amebaD2_va0_example/GCC-RELEASE/project_ap/asdk/build/atf/bl1/cortex_a7.o
 .text.asm.cortex_a7_reset_func
                0x0000000070181310        0x4 ../../../../project/realtek_amebaD2_va0_example/GCC-RELEASE/project_ap/asdk/build/atf/bl1/cortex_a7.o
 .text.asm.cortex_a7_errata_report
                0x0000000070181314        0x4 ../../../../project/realtek_amebaD2_va0_example/GCC-RELEASE/project_ap/asdk/build/atf/bl1/cortex_a7.o
 .text.asm.cortex_a32_reset_func
                0x0000000070181318       0x14 ../../../../project/realtek_amebaD2_va0_example/GCC-RELEASE/project_ap/asdk/build/atf/bl1/cortex_a32.o
 .text.asm.cortex_a32_errata_report
                0x000000007018132c        0x4 ../../../../project/realtek_amebaD2_va0_example/GCC-RELEASE/project_ap/asdk/build/atf/bl1/cortex_a32.o
 .text.asm.bl1_aarch32_smc_handler
                0x0000000070181330       0x68 ../../../../project/realtek_amebaD2_va0_example/GCC-RELEASE/project_ap/asdk/build/atf/bl1/bl1_exceptions.o
                0x0000000070181330                bl1_aarch32_smc_handler
 .text.asm.smc_handler
                0x0000000070181398      0x19c ../../../../project/realtek_amebaD2_va0_example/GCC-RELEASE/project_ap/asdk/build/atf/bl1/bl1_exceptions.o
 .text.asm.plat_set_my_stack
                0x0000000070181534       0x10 ../../../../project/realtek_amebaD2_va0_example/GCC-RELEASE/project_ap/asdk/build/atf/bl1/platform_up_stack.o
                0x0000000070181534                plat_set_my_stack
 .text.asm.reset_handler
                0x0000000070181544       0x38 ../../../../project/realtek_amebaD2_va0_example/GCC-RELEASE/project_ap/asdk/build/atf/bl1/cpu_helpers.o
                0x0000000070181544                reset_handler
 .text.asm.get_cpu_ops_ptr
                0x000000007018157c       0x44 ../../../../project/realtek_amebaD2_va0_example/GCC-RELEASE/project_ap/asdk/build/atf/bl1/cpu_helpers.o
                0x000000007018157c                get_cpu_ops_ptr
 .text.asm.print_errata_status
                0x00000000701815c0       0x18 ../../../../project/realtek_amebaD2_va0_example/GCC-RELEASE/project_ap/asdk/build/atf/bl1/cpu_helpers.o
                0x00000000701815c0                print_errata_status
 .text.asm.do_panic
                0x00000000701815d8       0x3c ../../../../project/realtek_amebaD2_va0_example/GCC-RELEASE/project_ap/asdk/build/atf/bl1/debug.o
                0x00000000701815d8                do_panic
 .text.asm.report_exception
                0x0000000070181614       0x14 ../../../../project/realtek_amebaD2_va0_example/GCC-RELEASE/project_ap/asdk/build/atf/bl1/debug.o
                0x0000000070181614                report_exception
 .text.asm.report_prefetch_abort
                0x0000000070181628       0x10 ../../../../project/realtek_amebaD2_va0_example/GCC-RELEASE/project_ap/asdk/build/atf/bl1/debug.o
                0x0000000070181628                report_prefetch_abort
 .text.asm.report_data_abort
                0x0000000070181638       0x10 ../../../../project/realtek_amebaD2_va0_example/GCC-RELEASE/project_ap/asdk/build/atf/bl1/debug.o
                0x0000000070181638                report_data_abort
 .text.asm.asm_assert
                0x0000000070181648       0x7c ../../../../project/realtek_amebaD2_va0_example/GCC-RELEASE/project_ap/asdk/build/atf/bl1/debug.o
                0x0000000070181648                asm_assert
 .text.asm.asm_print_str
                0x00000000701816c4       0x1c ../../../../project/realtek_amebaD2_va0_example/GCC-RELEASE/project_ap/asdk/build/atf/bl1/debug.o
                0x00000000701816c4                asm_print_str
 .text.asm.asm_print_hex
                0x00000000701816e0       0x34 ../../../../project/realtek_amebaD2_va0_example/GCC-RELEASE/project_ap/asdk/build/atf/bl1/debug.o
                0x00000000701816e0                asm_print_hex
 .text.asm.flush_dcache_range
                0x0000000070181714       0x3c ../../../../project/realtek_amebaD2_va0_example/GCC-RELEASE/project_ap/asdk/build/atf/bl1/cache_helpers.o
                0x0000000070181714                flush_dcache_range
 .text.asm.clean_dcache_range
                0x0000000070181750       0x3c ../../../../project/realtek_amebaD2_va0_example/GCC-RELEASE/project_ap/asdk/build/atf/bl1/cache_helpers.o
                0x0000000070181750                clean_dcache_range
 .text.asm.zeromem
                0x000000007018178c       0x64 ../../../../project/realtek_amebaD2_va0_example/GCC-RELEASE/project_ap/asdk/build/atf/bl1/misc_helpers.o
                0x000000007018178c                zeromem
                0x000000007018178c                zero_normalmem
 .text.asm.memcpy4
                0x00000000701817f0       0x50 ../../../../project/realtek_amebaD2_va0_example/GCC-RELEASE/project_ap/asdk/build/atf/bl1/misc_helpers.o
                0x00000000701817f0                memcpy4
 .text.asm.disable_mmu_secure
                0x0000000070181840       0x1c ../../../../project/realtek_amebaD2_va0_example/GCC-RELEASE/project_ap/asdk/build/atf/bl1/misc_helpers.o
                0x0000000070181840                disable_mmu_secure
 .text.asm.disable_mmu_icache_secure
                0x000000007018185c        0xc ../../../../project/realtek_amebaD2_va0_example/GCC-RELEASE/project_ap/asdk/build/atf/bl1/misc_helpers.o
                0x000000007018185c                disable_mmu_icache_secure
 .text.asm.plat_reset_handler
                0x0000000070181868        0x4 ../../../../project/realtek_amebaD2_va0_example/GCC-RELEASE/project_ap/asdk/build/atf/bl1/platform_helpers.o
                0x0000000070181868                plat_reset_handler
 .text.asm.bl1_plat_prepare_exit
                0x000000007018186c        0x4 ../../../../project/realtek_amebaD2_va0_example/GCC-RELEASE/project_ap/asdk/build/atf/bl1/platform_helpers.o
                0x000000007018186c                bl1_plat_prepare_exit
 .text          0x0000000070181870       0x24 ../../../../project/realtek_amebaD2_va0_example/GCC-RELEASE/project_ap/asdk/build/atf/bl1/aeabi_uldivmod.o
                0x0000000070181870                __aeabi_uldivmod
 .text.asm.plat_my_core_pos
                0x0000000070181894        0x8 ../../../../project/realtek_amebaD2_va0_example/GCC-RELEASE/project_ap/asdk/build/atf/bl1/plat_helpers.o
                0x0000000070181894                plat_my_core_pos
 .text.asm.plat_report_exception
                0x000000007018189c       0x64 ../../../../project/realtek_amebaD2_va0_example/GCC-RELEASE/project_ap/asdk/build/atf/bl1/plat_helpers.o
                0x000000007018189c                plat_report_exception
 .text.asm.plat_report_prefetch_abort
                0x0000000070181900       0x58 ../../../../project/realtek_amebaD2_va0_example/GCC-RELEASE/project_ap/asdk/build/atf/bl1/plat_helpers.o
                0x0000000070181900                plat_report_prefetch_abort
 .text.asm.plat_report_data_abort
                0x0000000070181958       0x58 ../../../../project/realtek_amebaD2_va0_example/GCC-RELEASE/project_ap/asdk/build/atf/bl1/plat_helpers.o
                0x0000000070181958                plat_report_data_abort
 .text.asm.plat_sheipa_calc_core_pos
                0x00000000701819b0       0x10 ../../../../project/realtek_amebaD2_va0_example/GCC-RELEASE/project_ap/asdk/build/atf/bl1/plat_helpers.o
                0x00000000701819b0                plat_sheipa_calc_core_pos
 .text.asm.plat_is_my_cpu_primary
                0x00000000701819c0       0x20 ../../../../project/realtek_amebaD2_va0_example/GCC-RELEASE/project_ap/asdk/build/atf/bl1/plat_helpers.o
                0x00000000701819c0                plat_is_my_cpu_primary
 .text.asm.plat_secondary_cold_boot_setup
                0x00000000701819e0       0x38 ../../../../project/realtek_amebaD2_va0_example/GCC-RELEASE/project_ap/asdk/build/atf/bl1/plat_helpers.o
                0x00000000701819e0                plat_secondary_cold_boot_setup
 .text.asm.plat_get_my_entrypoint
                0x0000000070181a18       0x4c ../../../../project/realtek_amebaD2_va0_example/GCC-RELEASE/project_ap/asdk/build/atf/bl1/plat_helpers.o
                0x0000000070181a18                plat_get_my_entrypoint
 .text.asm.platform_mem_init
                0x0000000070181a64        0x4 ../../../../project/realtek_amebaD2_va0_example/GCC-RELEASE/project_ap/asdk/build/atf/bl1/plat_helpers.o
                0x0000000070181a64                platform_mem_init
 .text.asm.plat_crash_console_init
                0x0000000070181a68       0x1c ../../../../project/realtek_amebaD2_va0_example/GCC-RELEASE/project_ap/asdk/build/atf/bl1/plat_helpers.o
                0x0000000070181a68                plat_crash_console_init
 .text.asm.plat_crash_console_putc
                0x0000000070181a84        0xc ../../../../project/realtek_amebaD2_va0_example/GCC-RELEASE/project_ap/asdk/build/atf/bl1/plat_helpers.o
                0x0000000070181a84                plat_crash_console_putc
 .text.asm.plat_crash_console_flush
                0x0000000070181a90        0xc ../../../../project/realtek_amebaD2_va0_example/GCC-RELEASE/project_ap/asdk/build/atf/bl1/plat_helpers.o
                0x0000000070181a90                plat_crash_console_flush
 .text.asm.plat_panic_handler
                0x0000000070181a9c       0x14 ../../../../project/realtek_amebaD2_va0_example/GCC-RELEASE/project_ap/asdk/build/atf/bl1/plat_helpers.o
                0x0000000070181a9c                plat_panic_handler
 .text.asm.console_core_init
                0x0000000070181ab0       0x34 ../../../../project/realtek_amebaD2_va0_example/GCC-RELEASE/project_ap/asdk/build/atf/bl1/sheipa_console.o
                0x0000000070181ab0                console_core_init
 .text.asm.console_core_register
                0x0000000070181ae4       0x5c ../../../../project/realtek_amebaD2_va0_example/GCC-RELEASE/project_ap/asdk/build/atf/bl1/sheipa_console.o
                0x0000000070181ae4                console_core_register
 .text.asm.console_core_putc
                0x0000000070181b40       0x5c ../../../../project/realtek_amebaD2_va0_example/GCC-RELEASE/project_ap/asdk/build/atf/bl1/sheipa_console.o
                0x0000000070181b40                console_core_putc
 .text.asm.console_core_getc
                0x0000000070181b9c       0x30 ../../../../project/realtek_amebaD2_va0_example/GCC-RELEASE/project_ap/asdk/build/atf/bl1/sheipa_console.o
                0x0000000070181b9c                console_core_getc
 .text.asm.console_core_flush
                0x0000000070181bcc        0x8 ../../../../project/realtek_amebaD2_va0_example/GCC-RELEASE/project_ap/asdk/build/atf/bl1/sheipa_console.o
                0x0000000070181bcc                console_core_flush
 .text.asm.enable_mmu_direct_svc_mon
                0x0000000070181bd4       0x80 ../../../../project/realtek_amebaD2_va0_example/GCC-RELEASE/project_ap/asdk/build/atf/bl1/enable_mmu.o
                0x0000000070181bd4                enable_mmu_direct_svc_mon
 .text.vprintf  0x0000000070181c54      0x18c ../../../../project/realtek_amebaD2_va0_example/GCC-RELEASE/project_ap/asdk/build/atf/lib/libc.a(printf.o)
                0x0000000070181c54                vprintf
 .text.device_type_sh
                0x0000000070181de0        0x4 ../../../../project/realtek_amebaD2_va0_example/GCC-RELEASE/project_ap/asdk/build/atf/bl1/io_semihosting.o
 .text.sh_file_close
                0x0000000070181de4       0x1a ../../../../project/realtek_amebaD2_va0_example/GCC-RELEASE/project_ap/asdk/build/atf/bl1/io_semihosting.o
 .text.sh_file_write
                0x0000000070181dfe       0x32 ../../../../project/realtek_amebaD2_va0_example/GCC-RELEASE/project_ap/asdk/build/atf/bl1/io_semihosting.o
 .text.sh_file_read
                0x0000000070181e30       0x2e ../../../../project/realtek_amebaD2_va0_example/GCC-RELEASE/project_ap/asdk/build/atf/bl1/io_semihosting.o
 .text.sh_file_len
                0x0000000070181e5e       0x24 ../../../../project/realtek_amebaD2_va0_example/GCC-RELEASE/project_ap/asdk/build/atf/bl1/io_semihosting.o
 .text.sh_file_seek
                0x0000000070181e82       0x1c ../../../../project/realtek_amebaD2_va0_example/GCC-RELEASE/project_ap/asdk/build/atf/bl1/io_semihosting.o
 .text.sh_file_open
                0x0000000070181e9e       0x26 ../../../../project/realtek_amebaD2_va0_example/GCC-RELEASE/project_ap/asdk/build/atf/bl1/io_semihosting.o
 .text.is_valid_dev
                0x0000000070181ec4       0x1a ../../../../project/realtek_amebaD2_va0_example/GCC-RELEASE/project_ap/asdk/build/atf/bl1/io_storage.o
 .text.is_valid_entity
                0x0000000070181ede       0x12 ../../../../project/realtek_amebaD2_va0_example/GCC-RELEASE/project_ap/asdk/build/atf/bl1/io_storage.o
 .text.io_dev_open
                0x0000000070181ef0       0x1e ../../../../project/realtek_amebaD2_va0_example/GCC-RELEASE/project_ap/asdk/build/atf/bl1/io_storage.o
                0x0000000070181ef0                io_dev_open
 .text.io_dev_init
                0x0000000070181f0e       0x28 ../../../../project/realtek_amebaD2_va0_example/GCC-RELEASE/project_ap/asdk/build/atf/bl1/io_storage.o
                0x0000000070181f0e                io_dev_init
 .text.io_dev_close
                0x0000000070181f36       0x24 ../../../../project/realtek_amebaD2_va0_example/GCC-RELEASE/project_ap/asdk/build/atf/bl1/io_storage.o
                0x0000000070181f36                io_dev_close
 .text.io_seek  0x0000000070181f5a       0x42 ../../../../project/realtek_amebaD2_va0_example/GCC-RELEASE/project_ap/asdk/build/atf/bl1/io_storage.o
                0x0000000070181f5a                io_seek
 .text.io_size  0x0000000070181f9c       0x2a ../../../../project/realtek_amebaD2_va0_example/GCC-RELEASE/project_ap/asdk/build/atf/bl1/io_storage.o
                0x0000000070181f9c                io_size
 .text.io_read  0x0000000070181fc6       0x3c ../../../../project/realtek_amebaD2_va0_example/GCC-RELEASE/project_ap/asdk/build/atf/bl1/io_storage.o
                0x0000000070181fc6                io_read
 .text.io_close
                0x0000000070182002       0x26 ../../../../project/realtek_amebaD2_va0_example/GCC-RELEASE/project_ap/asdk/build/atf/bl1/io_storage.o
                0x0000000070182002                io_close
 .text.device_type_fip
                0x0000000070182028        0x4 ../../../../project/realtek_amebaD2_va0_example/GCC-RELEASE/project_ap/asdk/build/atf/bl1/io_fip.o
 .text.fip_file_len
                0x000000007018202c       0x16 ../../../../project/realtek_amebaD2_va0_example/GCC-RELEASE/project_ap/asdk/build/atf/bl1/io_fip.o
 .text.device_type_memmap
                0x0000000070182042        0x4 ../../../../project/realtek_amebaD2_va0_example/GCC-RELEASE/project_ap/asdk/build/atf/bl1/io_memmap.o
 .text.memmap_dev_close
                0x0000000070182046        0x4 ../../../../project/realtek_amebaD2_va0_example/GCC-RELEASE/project_ap/asdk/build/atf/bl1/io_memmap.o
 .text.memmap_block_len
                0x000000007018204a       0x16 ../../../../project/realtek_amebaD2_va0_example/GCC-RELEASE/project_ap/asdk/build/atf/bl1/io_memmap.o
 .text.memmap_block_seek
                0x0000000070182060       0x2c ../../../../project/realtek_amebaD2_va0_example/GCC-RELEASE/project_ap/asdk/build/atf/bl1/io_memmap.o
 .text.memmap_block_write
                0x000000007018208c       0x50 ../../../../project/realtek_amebaD2_va0_example/GCC-RELEASE/project_ap/asdk/build/atf/bl1/io_memmap.o
 .text.memmap_block_read
                0x00000000701820dc       0x54 ../../../../project/realtek_amebaD2_va0_example/GCC-RELEASE/project_ap/asdk/build/atf/bl1/io_memmap.o
 .text.semihosting_file_open
                0x0000000070182130       0x1a ../../../../project/realtek_amebaD2_va0_example/GCC-RELEASE/project_ap/asdk/build/atf/bl1/semihosting.o
                0x0000000070182130                semihosting_file_open
 .text.semihosting_file_seek
                0x000000007018214a       0x1e ../../../../project/realtek_amebaD2_va0_example/GCC-RELEASE/project_ap/asdk/build/atf/bl1/semihosting.o
                0x000000007018214a                semihosting_file_seek
 .text.semihosting_file_read
                0x0000000070182168       0x32 ../../../../project/realtek_amebaD2_va0_example/GCC-RELEASE/project_ap/asdk/build/atf/bl1/semihosting.o
                0x0000000070182168                semihosting_file_read
 .text.semihosting_file_write
                0x000000007018219a       0x24 ../../../../project/realtek_amebaD2_va0_example/GCC-RELEASE/project_ap/asdk/build/atf/bl1/semihosting.o
                0x000000007018219a                semihosting_file_write
 .text.semihosting_file_close
                0x00000000701821be       0x12 ../../../../project/realtek_amebaD2_va0_example/GCC-RELEASE/project_ap/asdk/build/atf/bl1/semihosting.o
                0x00000000701821be                semihosting_file_close
 .text.semihosting_file_length
                0x00000000701821d0       0x12 ../../../../project/realtek_amebaD2_va0_example/GCC-RELEASE/project_ap/asdk/build/atf/bl1/semihosting.o
                0x00000000701821d0                semihosting_file_length
 .text.bl1_platform_setup
                0x00000000701821e2        0x4 ../../../../project/realtek_amebaD2_va0_example/GCC-RELEASE/project_ap/asdk/build/atf/bl1/sheipa_bl1_setup.o
                0x00000000701821e2                bl1_platform_setup
 .text.bl1_setup
                0x00000000701821e6        0xe ../../../../project/realtek_amebaD2_va0_example/GCC-RELEASE/project_ap/asdk/build/atf/bl1/bl1_main.o
                0x00000000701821e6                bl1_setup
 .text.bl1_print_next_bl_ep_info
                0x00000000701821f4        0x4 ../../../../project/realtek_amebaD2_va0_example/GCC-RELEASE/project_ap/asdk/build/atf/bl1/bl1_main.o
                0x00000000701821f4                bl1_print_next_bl_ep_info
 .text.bl1_smc_wrapper
                0x00000000701821f8       0x22 ../../../../project/realtek_amebaD2_va0_example/GCC-RELEASE/project_ap/asdk/build/atf/bl1/bl1_main.o
                0x00000000701821f8                bl1_smc_wrapper
 .text.bl1_arch_setup
                0x000000007018221a        0x2 ../../../../project/realtek_amebaD2_va0_example/GCC-RELEASE/project_ap/asdk/build/atf/bl1/bl1_arch_setup.o
                0x000000007018221a                bl1_arch_setup
 .text.bl1_plat_get_next_image_id
                0x000000007018221c        0x4 ../../../../project/realtek_amebaD2_va0_example/GCC-RELEASE/project_ap/asdk/build/atf/bl1/plat_bl1_common.o
                0x000000007018221c                bl1_plat_get_next_image_id
 .text.bl1_plat_set_ep_info
                0x0000000070182220        0x2 ../../../../project/realtek_amebaD2_va0_example/GCC-RELEASE/project_ap/asdk/build/atf/bl1/plat_bl1_common.o
                0x0000000070182220                bl1_plat_set_ep_info
 .text.bl1_plat_handle_pre_image_load
                0x0000000070182222        0x4 ../../../../project/realtek_amebaD2_va0_example/GCC-RELEASE/project_ap/asdk/build/atf/bl1/plat_bl1_common.o
                0x0000000070182222                bl1_plat_handle_pre_image_load
 .text.bl1_plat_handle_post_image_load
                0x0000000070182226       0x24 ../../../../project/realtek_amebaD2_va0_example/GCC-RELEASE/project_ap/asdk/build/atf/bl1/plat_bl1_common.o
                0x0000000070182226                bl1_plat_handle_post_image_load
 .text.cm_init_my_context
                0x000000007018224a       0x18 ../../../../project/realtek_amebaD2_va0_example/GCC-RELEASE/project_ap/asdk/build/atf/bl1/context_mgmt.o
                0x000000007018224a                cm_init_my_context
 .text.load_auth_image
                0x0000000070182262       0x90 ../../../../project/realtek_amebaD2_va0_example/GCC-RELEASE/project_ap/asdk/build/atf/bl1/bl_common.o
                0x0000000070182262                load_auth_image
 .text.print_entry_point_info
                0x00000000701822f2        0x2 ../../../../project/realtek_amebaD2_va0_example/GCC-RELEASE/project_ap/asdk/build/atf/bl1/bl_common.o
                0x00000000701822f2                print_entry_point_info
 .text.console_set_scope
                0x00000000701822f4       0x14 ../../../../project/realtek_amebaD2_va0_example/GCC-RELEASE/project_ap/asdk/build/atf/bl1/multi_console.o
                0x00000000701822f4                console_set_scope
 .text.plat_error_handler
                0x0000000070182308        0x4 ../../../../project/realtek_amebaD2_va0_example/GCC-RELEASE/project_ap/asdk/build/atf/bl1/plat_bl_common.o
                0x0000000070182308                plat_error_handler
 .text.plat_try_next_boot_source
                0x000000007018230c        0x4 ../../../../project/realtek_amebaD2_va0_example/GCC-RELEASE/project_ap/asdk/build/atf/bl1/plat_bl_common.o
                0x000000007018230c                plat_try_next_boot_source
 .text.__ctzdi2
                0x0000000070182310       0x20 ../../../../project/realtek_amebaD2_va0_example/GCC-RELEASE/project_ap/asdk/build/atf/bl1/ctzdi2.o
                0x0000000070182310                __ctzdi2
 .text.__udivmoddi4
                0x0000000070182330      0x17c ../../../../project/realtek_amebaD2_va0_example/GCC-RELEASE/project_ap/asdk/build/atf/bl1/udivmoddi4.o
                0x0000000070182330                __udivmoddi4
 .text.xlat_arch_get_max_supported_pa
                0x00000000701824ac        0x8 ../../../../project/realtek_amebaD2_va0_example/GCC-RELEASE/project_ap/asdk/build/atf/bl1/xlat_tables_arch.o
                0x00000000701824ac                xlat_arch_get_max_supported_pa
 .text.xlat_get_min_virt_addr_space_size
                0x00000000701824b4        0x6 ../../../../project/realtek_amebaD2_va0_example/GCC-RELEASE/project_ap/asdk/build/atf/bl1/xlat_tables_arch.o
                0x00000000701824b4                xlat_get_min_virt_addr_space_size
 .text.is_dcache_enabled
                0x00000000701824ba       0x1c ../../../../project/realtek_amebaD2_va0_example/GCC-RELEASE/project_ap/asdk/build/atf/bl1/xlat_tables_arch.o
                0x00000000701824ba                is_dcache_enabled
 .text.xlat_arch_regime_get_xn_desc
                0x00000000701824d6       0x1e ../../../../project/realtek_amebaD2_va0_example/GCC-RELEASE/project_ap/asdk/build/atf/bl1/xlat_tables_arch.o
                0x00000000701824d6                xlat_arch_regime_get_xn_desc
 .text.xlat_arch_current_el
                0x00000000701824f4       0x32 ../../../../project/realtek_amebaD2_va0_example/GCC-RELEASE/project_ap/asdk/build/atf/bl1/xlat_tables_arch.o
                0x00000000701824f4                xlat_arch_current_el
 .text.is_mmu_enabled_ctx
                0x0000000070182526       0x30 ../../../../project/realtek_amebaD2_va0_example/GCC-RELEASE/project_ap/asdk/build/atf/bl1/xlat_tables_arch.o
                0x0000000070182526                is_mmu_enabled_ctx
 .text.xlat_clean_dcache_range
                0x0000000070182556       0x1a ../../../../project/realtek_amebaD2_va0_example/GCC-RELEASE/project_ap/asdk/build/atf/bl1/xlat_tables_core.o
 .text.xlat_desc
                0x0000000070182570       0xae ../../../../project/realtek_amebaD2_va0_example/GCC-RELEASE/project_ap/asdk/build/atf/bl1/xlat_tables_core.o
                0x0000000070182570                xlat_desc
 .text.xlat_tables_map_region
                0x000000007018261e      0x16a ../../../../project/realtek_amebaD2_va0_example/GCC-RELEASE/project_ap/asdk/build/atf/bl1/xlat_tables_core.o
 .text.mmap_add_ctx
                0x0000000070182788       0x18 ../../../../project/realtek_amebaD2_va0_example/GCC-RELEASE/project_ap/asdk/build/atf/bl1/xlat_tables_core.o
                0x0000000070182788                mmap_add_ctx
 .text.xlat_mmap_print
                0x00000000701827a0        0x2 ../../../../project/realtek_amebaD2_va0_example/GCC-RELEASE/project_ap/asdk/build/atf/bl1/xlat_tables_utils.o
                0x00000000701827a0                xlat_mmap_print
 .text.xlat_tables_print
                0x00000000701827a2        0x2 ../../../../project/realtek_amebaD2_va0_example/GCC-RELEASE/project_ap/asdk/build/atf/bl1/xlat_tables_utils.o
                0x00000000701827a2                xlat_tables_print
 .text.__assert
                0x00000000701827a4        0xa ../../../../project/realtek_amebaD2_va0_example/GCC-RELEASE/project_ap/asdk/build/atf/lib/libc.a(assert.o)
                0x00000000701827a4                __assert
 .text.memcmp   0x00000000701827ae       0x1c ../../../../project/realtek_amebaD2_va0_example/GCC-RELEASE/project_ap/asdk/build/atf/lib/libc.a(memcmp.o)
                0x00000000701827ae                memcmp
 .text.memcpy   0x00000000701827ca       0x16 ../../../../project/realtek_amebaD2_va0_example/GCC-RELEASE/project_ap/asdk/build/atf/lib/libc.a(memcpy.o)
                0x00000000701827ca                memcpy
 .text.memmove  0x00000000701827e0       0x2c ../../../../project/realtek_amebaD2_va0_example/GCC-RELEASE/project_ap/asdk/build/atf/lib/libc.a(memmove.o)
                0x00000000701827e0                memmove
 .text.unsigned_num_print
                0x000000007018280c       0x80 ../../../../project/realtek_amebaD2_va0_example/GCC-RELEASE/project_ap/asdk/build/atf/lib/libc.a(printf.o)
 .text.putchar  0x000000007018288c       0x1a ../../../../project/realtek_amebaD2_va0_example/GCC-RELEASE/project_ap/asdk/build/atf/lib/libc.a(putchar.o)
                0x000000007018288c                putchar
 .text.strlen   0x00000000701828a6       0x10 ../../../../project/realtek_amebaD2_va0_example/GCC-RELEASE/project_ap/asdk/build/atf/lib/libc.a(strlen.o)
                0x00000000701828a6                strlen
 *(.vectors)
 *fill*         0x00000000701828b6        0xa 
 .vectors       0x00000000701828c0       0x20 ../../../../project/realtek_amebaD2_va0_example/GCC-RELEASE/project_ap/asdk/build/atf/bl1/bl1_entrypoint.o
                0x00000000701828c0                bl1_vector_table
 .vectors.__stub
                0x00000000701828e0       0x28 linker stubs
                0x0000000070183000                . = ALIGN (0x1000)
 *fill*         0x0000000070182908      0x6f8 
                0x0000000070183000                __TEXT_END__ = .

.glue_7         0x0000000070183000        0x0
 .glue_7        0x0000000070183000        0x0 linker stubs

.glue_7t        0x0000000070183000        0x0
 .glue_7t       0x0000000070183000        0x0 linker stubs

.vfp11_veneer   0x0000000070183000        0x0
 .vfp11_veneer  0x0000000070183000        0x0 linker stubs

.v4_bx          0x0000000070183000        0x0
 .v4_bx         0x0000000070183000        0x0 linker stubs

.iplt           0x0000000070183000        0x0
 .iplt          0x0000000070183000        0x0 ../../../../project/realtek_amebaD2_va0_example/GCC-RELEASE/project_ap/asdk/build/atf/bl1/io_semihosting.o

.ARM.extab
 *(.ARM.extab* .gnu.linkonce.armextab.*)

.ARM.exidx
 *(.ARM.exidx* .gnu.linkonce.armexidx.*)

.rodata         0x0000000070183000      0x680
                0x0000000070183000                __RODATA_START__ = .
 *(SORT_BY_ALIGNMENT(.rodata*))
 .rodata.plat_sheipa_mmap
                0x0000000070183000       0x90 ../../../../project/realtek_amebaD2_va0_example/GCC-RELEASE/project_ap/asdk/build/atf/bl1/sheipa_common.o
 .rodata.sh_dev_connector
                0x0000000070183090        0x4 ../../../../project/realtek_amebaD2_va0_example/GCC-RELEASE/project_ap/asdk/build/atf/bl1/io_semihosting.o
 .rodata.sh_dev_funcs
                0x0000000070183094       0x24 ../../../../project/realtek_amebaD2_va0_example/GCC-RELEASE/project_ap/asdk/build/atf/bl1/io_semihosting.o
 .rodata.sh_dev_info
                0x00000000701830b8        0x8 ../../../../project/realtek_amebaD2_va0_example/GCC-RELEASE/project_ap/asdk/build/atf/bl1/io_semihosting.o
 .rodata.fip_dev_connector
                0x00000000701830c0        0x4 ../../../../project/realtek_amebaD2_va0_example/GCC-RELEASE/project_ap/asdk/build/atf/bl1/io_fip.o
 .rodata.fip_dev_funcs
                0x00000000701830c4       0x24 ../../../../project/realtek_amebaD2_va0_example/GCC-RELEASE/project_ap/asdk/build/atf/bl1/io_fip.o
 .rodata.memmap_dev_connector
                0x00000000701830e8        0x4 ../../../../project/realtek_amebaD2_va0_example/GCC-RELEASE/project_ap/asdk/build/atf/bl1/io_memmap.o
 .rodata.memmap_dev_funcs
                0x00000000701830ec       0x24 ../../../../project/realtek_amebaD2_va0_example/GCC-RELEASE/project_ap/asdk/build/atf/bl1/io_memmap.o
 .rodata.memmap_dev_info
                0x0000000070183110        0x8 ../../../../project/realtek_amebaD2_va0_example/GCC-RELEASE/project_ap/asdk/build/atf/bl1/io_memmap.o
 .rodata.fip_block_spec
                0x0000000070183118        0x8 ../../../../project/realtek_amebaD2_va0_example/GCC-RELEASE/project_ap/asdk/build/atf/bl1/sheipa_io_storage.o
 .rodata.policies
                0x0000000070183120      0x114 ../../../../project/realtek_amebaD2_va0_example/GCC-RELEASE/project_ap/asdk/build/atf/bl1/sheipa_io_storage.o
 .rodata.sh_file_spec
                0x0000000070183234       0xb8 ../../../../project/realtek_amebaD2_va0_example/GCC-RELEASE/project_ap/asdk/build/atf/bl1/sheipa_io_storage.o
 .rodata.plat_prefix_str
                0x00000000701832ec       0x14 ../../../../project/realtek_amebaD2_va0_example/GCC-RELEASE/project_ap/asdk/build/atf/bl1/plat_log_common.o
 .rodata.uuid_null
                0x0000000070183300       0x10 ../../../../project/realtek_amebaD2_va0_example/GCC-RELEASE/project_ap/asdk/build/atf/bl1/io_fip.o
 .rodata.str1.1
                0x0000000070183310       0x43 ../../../../project/realtek_amebaD2_va0_example/GCC-RELEASE/project_ap/asdk/build/atf/bl1/sheipa_io_storage.o
 .rodata.bl2_uuid_spec
                0x0000000070183353       0x10 ../../../../project/realtek_amebaD2_va0_example/GCC-RELEASE/project_ap/asdk/build/atf/bl1/sheipa_io_storage.o
 .rodata.bl31_uuid_spec
                0x0000000070183363       0x10 ../../../../project/realtek_amebaD2_va0_example/GCC-RELEASE/project_ap/asdk/build/atf/bl1/sheipa_io_storage.o
 .rodata.bl32_extra1_uuid_spec
                0x0000000070183373       0x10 ../../../../project/realtek_amebaD2_va0_example/GCC-RELEASE/project_ap/asdk/build/atf/bl1/sheipa_io_storage.o
 .rodata.bl32_extra2_uuid_spec
                0x0000000070183383       0x10 ../../../../project/realtek_amebaD2_va0_example/GCC-RELEASE/project_ap/asdk/build/atf/bl1/sheipa_io_storage.o
 .rodata.bl32_uuid_spec
                0x0000000070183393       0x10 ../../../../project/realtek_amebaD2_va0_example/GCC-RELEASE/project_ap/asdk/build/atf/bl1/sheipa_io_storage.o
 .rodata.bl33_uuid_spec
                0x00000000701833a3       0x10 ../../../../project/realtek_amebaD2_va0_example/GCC-RELEASE/project_ap/asdk/build/atf/bl1/sheipa_io_storage.o
 .rodata.bl1_main.str1.1
                0x00000000701833b3       0x82 ../../../../project/realtek_amebaD2_va0_example/GCC-RELEASE/project_ap/asdk/build/atf/bl1/bl1_main.o
 .rodata.str1.1
                0x0000000070183435       0x32 ../../../../project/realtek_amebaD2_va0_example/GCC-RELEASE/project_ap/asdk/build/atf/bl1/plat_log_common.o
 .rodata.mmap_add_region_ctx.str1.1
                0x0000000070183467       0x2b ../../../../project/realtek_amebaD2_va0_example/GCC-RELEASE/project_ap/asdk/build/atf/bl1/xlat_tables_core.o
 .rodata.init_xlat_tables_ctx.str1.1
                0x0000000070183492       0x4f ../../../../project/realtek_amebaD2_va0_example/GCC-RELEASE/project_ap/asdk/build/atf/bl1/xlat_tables_core.o
 .rodata.str1.1
                0x00000000701834e1       0x29 ../../../../project/realtek_amebaD2_va0_example/GCC-RELEASE/project_ap/asdk/build/atf/bl1/bl1_entrypoint.o
 .rodata.str1.1
                0x000000007018350a       0x1f ../../../../project/realtek_amebaD2_va0_example/GCC-RELEASE/project_ap/asdk/build/atf/bl1/cpu_helpers.o
 .rodata.panic_str
                0x0000000070183529       0x14 ../../../../project/realtek_amebaD2_va0_example/GCC-RELEASE/project_ap/asdk/build/atf/bl1/debug.o
 .rodata.assert_str
                0x000000007018353d       0x15 ../../../../project/realtek_amebaD2_va0_example/GCC-RELEASE/project_ap/asdk/build/atf/bl1/debug.o
 .rodata.str1.1
                0x0000000070183552       0x1b ../../../../project/realtek_amebaD2_va0_example/GCC-RELEASE/project_ap/asdk/build/atf/bl1/misc_helpers.o
 .rodata.rev_err_str
                0x000000007018356d       0x92 ../../../../project/realtek_amebaD2_va0_example/GCC-RELEASE/project_ap/asdk/build/atf/bl1/plat_helpers.o
 .rodata.str1.1
                0x00000000701835ff       0x2d ../../../../project/realtek_amebaD2_va0_example/GCC-RELEASE/project_ap/asdk/build/atf/bl1/sheipa_console.o
 .rodata.str1.1
                0x000000007018362c       0x28 ../../../../project/realtek_amebaD2_va0_example/GCC-RELEASE/project_ap/asdk/build/atf/bl1/enable_mmu.o
 .rodata.vprintf.str1.1
                0x0000000070183654        0x3 ../../../../project/realtek_amebaD2_va0_example/GCC-RELEASE/project_ap/asdk/build/atf/lib/libc.a(printf.o)
                0x0000000070183658                . = ALIGN (0x4)
 *fill*         0x0000000070183657        0x1 
                0x0000000070183658                __RT_SVC_DESCS_START__ = .
 *(rt_svc_descs)
                0x0000000070183658                __RT_SVC_DESCS_END__ = .
                0x0000000070183658                . = ALIGN (0x4)
                0x0000000070183658                __FCONF_POPULATOR_START__ = .
 *(.fconf_populator)
                0x0000000070183658                __FCONF_POPULATOR_END__ = .
                0x0000000070183658                . = ALIGN (0x4)
                0x0000000070183658                __PMF_SVC_DESCS_START__ = .
 *(pmf_svc_descs)
                0x0000000070183658                __PMF_SVC_DESCS_END__ = .
                0x0000000070183658                . = ALIGN (0x4)
                0x0000000070183658                __PARSER_LIB_DESCS_START__ = .
 *(.img_parser_lib_descs)
                0x0000000070183658                __PARSER_LIB_DESCS_END__ = .
                0x0000000070183658                . = ALIGN (0x4)
                0x0000000070183658                __CPU_OPS_START__ = .
 *(cpu_ops)
 cpu_ops        0x0000000070183658        0xc ../../../../project/realtek_amebaD2_va0_example/GCC-RELEASE/project_ap/asdk/build/atf/bl1/aem_generic.o
 cpu_ops        0x0000000070183664        0xc ../../../../project/realtek_amebaD2_va0_example/GCC-RELEASE/project_ap/asdk/build/atf/bl1/cortex_a7.o
 cpu_ops        0x0000000070183670        0xc ../../../../project/realtek_amebaD2_va0_example/GCC-RELEASE/project_ap/asdk/build/atf/bl1/cortex_a32.o
                0x000000007018367c                __CPU_OPS_END__ = .
                0x000000007018367c                . = ALIGN (0x4)
                0x000000007018367c                __GOT_START__ = .
 *(.got)
                0x000000007018367c                __GOT_END__ = .
                0x000000007018367c                __RODATA_END__ = .
                0x0000000070183680                . = ALIGN (0x10)
 *fill*         0x000000007018367c        0x4 
                0x0000000000000001                ASSERT ((__CPU_OPS_END__ > __CPU_OPS_START__), cpu_ops not defined for this platform.)

.rel.dyn        0x0000000070183680        0x0
 .rel.iplt      0x0000000070183680        0x0 ../../../../project/realtek_amebaD2_va0_example/GCC-RELEASE/project_ap/asdk/build/atf/bl1/io_semihosting.o
                0x00000000701a0000                . = 0x701a0000
                0x0000000000000001                ASSERT ((0x701a0000 == ALIGN (0x1000)), BL1_RW_BASE address is not aligned on a page boundary.)

.data           0x00000000701a0000       0x89 load address 0x0000000070183680
                0x00000000701a0000                __DATA_RAM_START__ = .
 *(SORT_BY_ALIGNMENT(.data*))
 .data.tf_xlat_ctx
                0x00000000701a0000       0x40 ../../../../project/realtek_amebaD2_va0_example/GCC-RELEASE/project_ap/asdk/build/atf/bl1/xlat_tables_context.o
 .data.bl2_img_desc.0
                0x00000000701a0040       0x44 ../../../../project/realtek_amebaD2_va0_example/GCC-RELEASE/project_ap/asdk/build/atf/bl1/plat_bl1_common.o
 .data.max_log_level
                0x00000000701a0084        0x4 ../../../../project/realtek_amebaD2_va0_example/GCC-RELEASE/project_ap/asdk/build/atf/bl1/tf_log.o
 .data.console_state
                0x00000000701a0088        0x1 ../../../../project/realtek_amebaD2_va0_example/GCC-RELEASE/project_ap/asdk/build/atf/bl1/multi_console.o
                0x00000000701a0088                console_state
                0x00000000701a0089                __DATA_RAM_END__ = .

.igot.plt       0x00000000701a008c        0x0 load address 0x0000000070183709
 .igot.plt      0x00000000701a008c        0x0 ../../../../project/realtek_amebaD2_va0_example/GCC-RELEASE/project_ap/asdk/build/atf/bl1/io_semihosting.o

stacks          0x00000000701a0089     0x1037
                0x00000000701a0089                __STACKS_START__ = .
 *(tzfw_normal_stacks)
 *fill*         0x00000000701a0089       0x37 
 tzfw_normal_stacks
                0x00000000701a00c0     0x1000 ../../../../project/realtek_amebaD2_va0_example/GCC-RELEASE/project_ap/asdk/build/atf/bl1/platform_up_stack.o
                0x00000000701a10c0                __STACKS_END__ = .

.bss            0x00000000701a10c0      0x420
                0x00000000701a10c0                __BSS_START__ = .
 *(SORT_BY_ALIGNMENT(.bss*))
 .bss.current_file
                0x00000000701a10c0       0x30 ../../../../project/realtek_amebaD2_va0_example/GCC-RELEASE/project_ap/asdk/build/atf/bl1/io_fip.o
 .bss.current_file
                0x00000000701a10f0       0x18 ../../../../project/realtek_amebaD2_va0_example/GCC-RELEASE/project_ap/asdk/build/atf/bl1/io_memmap.o
 .bss.bl1_cpu_context
                0x00000000701a1108       0x40 ../../../../project/realtek_amebaD2_va0_example/GCC-RELEASE/project_ap/asdk/build/atf/bl1/bl1_context_mgmt.o
 .bss.bl1_smc_context
                0x00000000701a1148      0x120 ../../../../project/realtek_amebaD2_va0_example/GCC-RELEASE/project_ap/asdk/build/atf/bl1/bl1_context_mgmt.o
 .bss.mmu_cfg_params
                0x00000000701a1268       0x18 ../../../../project/realtek_amebaD2_va0_example/GCC-RELEASE/project_ap/asdk/build/atf/bl1/xlat_tables_context.o
                0x00000000701a1268                mmu_cfg_params
 .bss.tf_mmap   0x00000000701a1280      0x198 ../../../../project/realtek_amebaD2_va0_example/GCC-RELEASE/project_ap/asdk/build/atf/bl1/xlat_tables_context.o
 .bss.dev_count
                0x00000000701a1418        0x4 ../../../../project/realtek_amebaD2_va0_example/GCC-RELEASE/project_ap/asdk/build/atf/bl1/io_storage.o
 .bss.entity_count
                0x00000000701a141c        0x4 ../../../../project/realtek_amebaD2_va0_example/GCC-RELEASE/project_ap/asdk/build/atf/bl1/io_storage.o
 .bss.entity_map
                0x00000000701a1420       0x10 ../../../../project/realtek_amebaD2_va0_example/GCC-RELEASE/project_ap/asdk/build/atf/bl1/io_storage.o
 .bss.entity_pool
                0x00000000701a1430       0x20 ../../../../project/realtek_amebaD2_va0_example/GCC-RELEASE/project_ap/asdk/build/atf/bl1/io_storage.o
 .bss.backend_dev_handle
                0x00000000701a1450        0x4 ../../../../project/realtek_amebaD2_va0_example/GCC-RELEASE/project_ap/asdk/build/atf/bl1/io_fip.o
 .bss.backend_image_spec
                0x00000000701a1454        0x4 ../../../../project/realtek_amebaD2_va0_example/GCC-RELEASE/project_ap/asdk/build/atf/bl1/io_fip.o
 .bss.dev_info_pool
                0x00000000701a1458        0x8 ../../../../project/realtek_amebaD2_va0_example/GCC-RELEASE/project_ap/asdk/build/atf/bl1/io_fip.o
 .bss.fip_dev_count
                0x00000000701a1460        0x4 ../../../../project/realtek_amebaD2_va0_example/GCC-RELEASE/project_ap/asdk/build/atf/bl1/io_fip.o
 .bss.state_pool
                0x00000000701a1464        0x8 ../../../../project/realtek_amebaD2_va0_example/GCC-RELEASE/project_ap/asdk/build/atf/bl1/io_fip.o
 .bss.fip_dev_con
                0x00000000701a146c        0x4 ../../../../project/realtek_amebaD2_va0_example/GCC-RELEASE/project_ap/asdk/build/atf/bl1/sheipa_io_storage.o
 .bss.fip_dev_handle
                0x00000000701a1470        0x4 ../../../../project/realtek_amebaD2_va0_example/GCC-RELEASE/project_ap/asdk/build/atf/bl1/sheipa_io_storage.o
 .bss.memmap_dev_con
                0x00000000701a1474        0x4 ../../../../project/realtek_amebaD2_va0_example/GCC-RELEASE/project_ap/asdk/build/atf/bl1/sheipa_io_storage.o
 .bss.memmap_dev_handle
                0x00000000701a1478        0x4 ../../../../project/realtek_amebaD2_va0_example/GCC-RELEASE/project_ap/asdk/build/atf/bl1/sheipa_io_storage.o
 .bss.sh_dev_con
                0x00000000701a147c        0x4 ../../../../project/realtek_amebaD2_va0_example/GCC-RELEASE/project_ap/asdk/build/atf/bl1/sheipa_io_storage.o
 .bss.sh_dev_handle
                0x00000000701a1480        0x4 ../../../../project/realtek_amebaD2_va0_example/GCC-RELEASE/project_ap/asdk/build/atf/bl1/sheipa_io_storage.o
 .bss.bl1_tzram_layout
                0x00000000701a1484        0x8 ../../../../project/realtek_amebaD2_va0_example/GCC-RELEASE/project_ap/asdk/build/atf/bl1/sheipa_bl1_setup.o
 .bss.bl1_next_cpu_context_ptr
                0x00000000701a148c        0x4 ../../../../project/realtek_amebaD2_va0_example/GCC-RELEASE/project_ap/asdk/build/atf/bl1/bl1_context_mgmt.o
 .bss.bl1_next_smc_context_ptr
                0x00000000701a1490        0x4 ../../../../project/realtek_amebaD2_va0_example/GCC-RELEASE/project_ap/asdk/build/atf/bl1/bl1_context_mgmt.o
 .bss.console_list
                0x00000000701a1494        0x4 ../../../../project/realtek_amebaD2_va0_example/GCC-RELEASE/project_ap/asdk/build/atf/bl1/multi_console.o
                0x00000000701a1494                console_list
 .bss.console   0x00000000701a1498       0x1c ../../../../project/realtek_amebaD2_va0_example/GCC-RELEASE/project_ap/asdk/build/atf/bl1/sheipa_console_setup.o
 *(COMMON)
                0x00000000701a14c0                . = ALIGN (0x40)
 *fill*         0x00000000701a14b4        0xc 
                0x00000000701a14c0                __PMF_TIMESTAMP_START__ = .
 *(pmf_timestamp_array)
                0x00000000701a14c0                . = ALIGN (0x40)
                0x00000000701a14c0                __PMF_PERCPU_TIMESTAMP_END__ = .
                0x0000000000000000                __PERCPU_TIMESTAMP_SIZE__ = ABSOLUTE ((. - __PMF_TIMESTAMP_START__))
                0x00000000701a14c0                . = (. + (__PERCPU_TIMESTAMP_SIZE__ * 0x1))
                0x00000000701a14c0                __PMF_TIMESTAMP_END__ = .
                0x00000000701a14c0                . = ALIGN (0x10)
 *(base_xlat_table)
 base_xlat_table
                0x00000000701a14c0       0x20 ../../../../project/realtek_amebaD2_va0_example/GCC-RELEASE/project_ap/asdk/build/atf/bl1/xlat_tables_context.o
                0x00000000701a14e0                __BSS_END__ = .

xlat_table      0x00000000701a2000     0xa000
 *(xlat_table)
 xlat_table     0x00000000701a2000     0xa000 ../../../../project/realtek_amebaD2_va0_example/GCC-RELEASE/project_ap/asdk/build/atf/bl1/xlat_tables_context.o

coherent_ram    0x00000000701ac000        0x0
                0x00000000701ac000                __COHERENT_RAM_START__ = .
 *(tzfw_coherent_mem)
                0x00000000701ac000                __COHERENT_RAM_END_UNALIGNED__ = .
                0x00000000701ac000                . = ALIGN (0x1000)
                0x00000000701ac000                __COHERENT_RAM_END__ = .
                0x00000000701a0000                __BL1_RAM_START__ = ADDR (.data)
                0x00000000701ac000                __BL1_RAM_END__ = .
                0x0000000070183680                __DATA_ROM_START__ = LOADADDR (.data)
                0x0000000000000089                __DATA_SIZE__ = SIZEOF (.data)
                0x0000000070183709                __BL1_ROM_END__ = (__DATA_ROM_START__ + __DATA_SIZE__)
                0x0000000000000001                ASSERT ((__BL1_ROM_END__ <= 0x701a0000), BL1's ROM content has exceeded its limit.)
                0x0000000000000420                __BSS_SIZE__ = SIZEOF (.bss)
                0x0000000000000000                __COHERENT_RAM_UNALIGNED_SIZE__ = (__COHERENT_RAM_END_UNALIGNED__ - __COHERENT_RAM_START__)
                0x0000000000000001                ASSERT ((. <= 0x701b0000), BL1's RW section has exceeded its limit.)
LOAD ../../../../project/realtek_amebaD2_va0_example/GCC-RELEASE/project_ap/asdk/build/atf/bl1/build_message.o
LOAD ../../../../project/realtek_amebaD2_va0_example/GCC-RELEASE/project_ap/asdk/build/atf/bl1/io_semihosting.o
LOAD ../../../../project/realtek_amebaD2_va0_example/GCC-RELEASE/project_ap/asdk/build/atf/bl1/io_storage.o
LOAD ../../../../project/realtek_amebaD2_va0_example/GCC-RELEASE/project_ap/asdk/build/atf/bl1/io_fip.o
LOAD ../../../../project/realtek_amebaD2_va0_example/GCC-RELEASE/project_ap/asdk/build/atf/bl1/io_memmap.o
LOAD ../../../../project/realtek_amebaD2_va0_example/GCC-RELEASE/project_ap/asdk/build/atf/bl1/semihosting.o
LOAD ../../../../project/realtek_amebaD2_va0_example/GCC-RELEASE/project_ap/asdk/build/atf/bl1/sheipa_io_storage.o
LOAD ../../../../project/realtek_amebaD2_va0_example/GCC-RELEASE/project_ap/asdk/build/atf/bl1/sheipa_bl1_setup.o
LOAD ../../../../project/realtek_amebaD2_va0_example/GCC-RELEASE/project_ap/asdk/build/atf/bl1/bl1_main.o
LOAD ../../../../project/realtek_amebaD2_va0_example/GCC-RELEASE/project_ap/asdk/build/atf/bl1/bl1_arch_setup.o
LOAD ../../../../project/realtek_amebaD2_va0_example/GCC-RELEASE/project_ap/asdk/build/atf/bl1/bl1_context_mgmt.o
LOAD ../../../../project/realtek_amebaD2_va0_example/GCC-RELEASE/project_ap/asdk/build/atf/bl1/plat_bl1_common.o
LOAD ../../../../project/realtek_amebaD2_va0_example/GCC-RELEASE/project_ap/asdk/build/atf/bl1/errata_report.o
LOAD ../../../../project/realtek_amebaD2_va0_example/GCC-RELEASE/project_ap/asdk/build/atf/bl1/context_mgmt.o
LOAD ../../../../project/realtek_amebaD2_va0_example/GCC-RELEASE/project_ap/asdk/build/atf/bl1/bl_common.o
LOAD ../../../../project/realtek_amebaD2_va0_example/GCC-RELEASE/project_ap/asdk/build/atf/bl1/tf_log.o
LOAD ../../../../project/realtek_amebaD2_va0_example/GCC-RELEASE/project_ap/asdk/build/atf/bl1/multi_console.o
LOAD ../../../../project/realtek_amebaD2_va0_example/GCC-RELEASE/project_ap/asdk/build/atf/bl1/plat_bl_common.o
LOAD ../../../../project/realtek_amebaD2_va0_example/GCC-RELEASE/project_ap/asdk/build/atf/bl1/plat_log_common.o
LOAD ../../../../project/realtek_amebaD2_va0_example/GCC-RELEASE/project_ap/asdk/build/atf/bl1/plat_common.o
LOAD ../../../../project/realtek_amebaD2_va0_example/GCC-RELEASE/project_ap/asdk/build/atf/bl1/popcountdi2.o
LOAD ../../../../project/realtek_amebaD2_va0_example/GCC-RELEASE/project_ap/asdk/build/atf/bl1/popcountsi2.o
LOAD ../../../../project/realtek_amebaD2_va0_example/GCC-RELEASE/project_ap/asdk/build/atf/bl1/ctzdi2.o
LOAD ../../../../project/realtek_amebaD2_va0_example/GCC-RELEASE/project_ap/asdk/build/atf/bl1/divdi3.o
LOAD ../../../../project/realtek_amebaD2_va0_example/GCC-RELEASE/project_ap/asdk/build/atf/bl1/divmoddi4.o
LOAD ../../../../project/realtek_amebaD2_va0_example/GCC-RELEASE/project_ap/asdk/build/atf/bl1/lshrdi3.o
LOAD ../../../../project/realtek_amebaD2_va0_example/GCC-RELEASE/project_ap/asdk/build/atf/bl1/udivmoddi4.o
LOAD ../../../../project/realtek_amebaD2_va0_example/GCC-RELEASE/project_ap/asdk/build/atf/bl1/sheipa_common.o
LOAD ../../../../project/realtek_amebaD2_va0_example/GCC-RELEASE/project_ap/asdk/build/atf/bl1/sheipa_console_setup.o
LOAD ../../../../project/realtek_amebaD2_va0_example/GCC-RELEASE/project_ap/asdk/build/atf/bl1/xlat_tables_arch.o
LOAD ../../../../project/realtek_amebaD2_va0_example/GCC-RELEASE/project_ap/asdk/build/atf/bl1/xlat_tables_context.o
LOAD ../../../../project/realtek_amebaD2_va0_example/GCC-RELEASE/project_ap/asdk/build/atf/bl1/xlat_tables_core.o
LOAD ../../../../project/realtek_amebaD2_va0_example/GCC-RELEASE/project_ap/asdk/build/atf/bl1/xlat_tables_utils.o
LOAD ../../../../project/realtek_amebaD2_va0_example/GCC-RELEASE/project_ap/asdk/build/atf/bl1/semihosting_call.o
LOAD ../../../../project/realtek_amebaD2_va0_example/GCC-RELEASE/project_ap/asdk/build/atf/bl1/aem_generic.o
LOAD ../../../../project/realtek_amebaD2_va0_example/GCC-RELEASE/project_ap/asdk/build/atf/bl1/cortex_a7.o
LOAD ../../../../project/realtek_amebaD2_va0_example/GCC-RELEASE/project_ap/asdk/build/atf/bl1/cortex_a32.o
LOAD ../../../../project/realtek_amebaD2_va0_example/GCC-RELEASE/project_ap/asdk/build/atf/bl1/bl1_entrypoint.o
LOAD ../../../../project/realtek_amebaD2_va0_example/GCC-RELEASE/project_ap/asdk/build/atf/bl1/bl1_entrypoint_rom.o
LOAD ../../../../project/realtek_amebaD2_va0_example/GCC-RELEASE/project_ap/asdk/build/atf/bl1/bl1_entrypoint_sram.o
LOAD ../../../../project/realtek_amebaD2_va0_example/GCC-RELEASE/project_ap/asdk/build/atf/bl1/bl1_exceptions.o
LOAD ../../../../project/realtek_amebaD2_va0_example/GCC-RELEASE/project_ap/asdk/build/atf/bl1/platform_up_stack.o
LOAD ../../../../project/realtek_amebaD2_va0_example/GCC-RELEASE/project_ap/asdk/build/atf/bl1/cpu_helpers.o
LOAD ../../../../project/realtek_amebaD2_va0_example/GCC-RELEASE/project_ap/asdk/build/atf/bl1/dsu_helpers.o
LOAD ../../../../project/realtek_amebaD2_va0_example/GCC-RELEASE/project_ap/asdk/build/atf/bl1/debug.o
LOAD ../../../../project/realtek_amebaD2_va0_example/GCC-RELEASE/project_ap/asdk/build/atf/bl1/cache_helpers.o
LOAD ../../../../project/realtek_amebaD2_va0_example/GCC-RELEASE/project_ap/asdk/build/atf/bl1/misc_helpers.o
LOAD ../../../../project/realtek_amebaD2_va0_example/GCC-RELEASE/project_ap/asdk/build/atf/bl1/platform_helpers.o
LOAD ../../../../project/realtek_amebaD2_va0_example/GCC-RELEASE/project_ap/asdk/build/atf/bl1/aeabi_ldivmod.o
LOAD ../../../../project/realtek_amebaD2_va0_example/GCC-RELEASE/project_ap/asdk/build/atf/bl1/aeabi_uldivmod.o
LOAD ../../../../project/realtek_amebaD2_va0_example/GCC-RELEASE/project_ap/asdk/build/atf/bl1/plat_helpers.o
LOAD ../../../../project/realtek_amebaD2_va0_example/GCC-RELEASE/project_ap/asdk/build/atf/bl1/sheipa_console.o
LOAD ../../../../project/realtek_amebaD2_va0_example/GCC-RELEASE/project_ap/asdk/build/atf/bl1/enable_mmu.o
LOAD ../../../../project/realtek_amebaD2_va0_example/GCC-RELEASE/project_ap/asdk/build/atf/lib/libfdt.a
LOAD ../../../../project/realtek_amebaD2_va0_example/GCC-RELEASE/project_ap/asdk/build/atf/lib/libc.a
OUTPUT(../../../../project/realtek_amebaD2_va0_example/GCC-RELEASE/project_ap/asdk/build/atf/bl1/bl1.elf elf32-littlearm)
LOAD linker stubs

.debug_info     0x0000000000000000     0xbfbb
 .debug_info    0x0000000000000000      0x945 ../../../../project/realtek_amebaD2_va0_example/GCC-RELEASE/project_ap/asdk/build/atf/bl1/io_semihosting.o
 .debug_info    0x0000000000000945      0xf1d ../../../../project/realtek_amebaD2_va0_example/GCC-RELEASE/project_ap/asdk/build/atf/bl1/io_storage.o
 .debug_info    0x0000000000001862      0xfe2 ../../../../project/realtek_amebaD2_va0_example/GCC-RELEASE/project_ap/asdk/build/atf/bl1/io_fip.o
 .debug_info    0x0000000000002844      0x8fc ../../../../project/realtek_amebaD2_va0_example/GCC-RELEASE/project_ap/asdk/build/atf/bl1/io_memmap.o
 .debug_info    0x0000000000003140      0x7ed ../../../../project/realtek_amebaD2_va0_example/GCC-RELEASE/project_ap/asdk/build/atf/bl1/semihosting.o
 .debug_info    0x000000000000392d      0xb43 ../../../../project/realtek_amebaD2_va0_example/GCC-RELEASE/project_ap/asdk/build/atf/bl1/sheipa_io_storage.o
 .debug_info    0x0000000000004470      0x241 ../../../../project/realtek_amebaD2_va0_example/GCC-RELEASE/project_ap/asdk/build/atf/bl1/sheipa_bl1_setup.o
 .debug_info    0x00000000000046b1      0xc0a ../../../../project/realtek_amebaD2_va0_example/GCC-RELEASE/project_ap/asdk/build/atf/bl1/bl1_main.o
 .debug_info    0x00000000000052bb      0x10e ../../../../project/realtek_amebaD2_va0_example/GCC-RELEASE/project_ap/asdk/build/atf/bl1/bl1_arch_setup.o
 .debug_info    0x00000000000053c9      0xb25 ../../../../project/realtek_amebaD2_va0_example/GCC-RELEASE/project_ap/asdk/build/atf/bl1/bl1_context_mgmt.o
 .debug_info    0x0000000000005eee      0x56b ../../../../project/realtek_amebaD2_va0_example/GCC-RELEASE/project_ap/asdk/build/atf/bl1/plat_bl1_common.o
 .debug_info    0x0000000000006459      0xab7 ../../../../project/realtek_amebaD2_va0_example/GCC-RELEASE/project_ap/asdk/build/atf/bl1/context_mgmt.o
 .debug_info    0x0000000000006f10      0x5ee ../../../../project/realtek_amebaD2_va0_example/GCC-RELEASE/project_ap/asdk/build/atf/bl1/bl_common.o
 .debug_info    0x00000000000074fe      0x229 ../../../../project/realtek_amebaD2_va0_example/GCC-RELEASE/project_ap/asdk/build/atf/bl1/tf_log.o
 .debug_info    0x0000000000007727      0x569 ../../../../project/realtek_amebaD2_va0_example/GCC-RELEASE/project_ap/asdk/build/atf/bl1/multi_console.o
 .debug_info    0x0000000000007c90      0x472 ../../../../project/realtek_amebaD2_va0_example/GCC-RELEASE/project_ap/asdk/build/atf/bl1/plat_bl_common.o
 .debug_info    0x0000000000008102      0x168 ../../../../project/realtek_amebaD2_va0_example/GCC-RELEASE/project_ap/asdk/build/atf/bl1/plat_log_common.o
 .debug_info    0x000000000000826a      0x154 ../../../../project/realtek_amebaD2_va0_example/GCC-RELEASE/project_ap/asdk/build/atf/bl1/ctzdi2.o
 .debug_info    0x00000000000083be      0x1f2 ../../../../project/realtek_amebaD2_va0_example/GCC-RELEASE/project_ap/asdk/build/atf/bl1/udivmoddi4.o
 .debug_info    0x00000000000085b0      0x34b ../../../../project/realtek_amebaD2_va0_example/GCC-RELEASE/project_ap/asdk/build/atf/bl1/sheipa_common.o
 .debug_info    0x00000000000088fb      0x267 ../../../../project/realtek_amebaD2_va0_example/GCC-RELEASE/project_ap/asdk/build/atf/bl1/sheipa_console_setup.o
 .debug_info    0x0000000000008b62      0x8c0 ../../../../project/realtek_amebaD2_va0_example/GCC-RELEASE/project_ap/asdk/build/atf/bl1/xlat_tables_arch.o
 .debug_info    0x0000000000009422      0x762 ../../../../project/realtek_amebaD2_va0_example/GCC-RELEASE/project_ap/asdk/build/atf/bl1/xlat_tables_context.o
 .debug_info    0x0000000000009b84      0xe15 ../../../../project/realtek_amebaD2_va0_example/GCC-RELEASE/project_ap/asdk/build/atf/bl1/xlat_tables_core.o
 .debug_info    0x000000000000a999      0x924 ../../../../project/realtek_amebaD2_va0_example/GCC-RELEASE/project_ap/asdk/build/atf/bl1/xlat_tables_utils.o
 .debug_info    0x000000000000b2bd       0x26 ../../../../project/realtek_amebaD2_va0_example/GCC-RELEASE/project_ap/asdk/build/atf/bl1/semihosting_call.o
 .debug_info    0x000000000000b2e3       0x22 ../../../../project/realtek_amebaD2_va0_example/GCC-RELEASE/project_ap/asdk/build/atf/bl1/aem_generic.o
 .debug_info    0x000000000000b305       0x22 ../../../../project/realtek_amebaD2_va0_example/GCC-RELEASE/project_ap/asdk/build/atf/bl1/cortex_a7.o
 .debug_info    0x000000000000b327       0x22 ../../../../project/realtek_amebaD2_va0_example/GCC-RELEASE/project_ap/asdk/build/atf/bl1/cortex_a32.o
 .debug_info    0x000000000000b349       0x22 ../../../../project/realtek_amebaD2_va0_example/GCC-RELEASE/project_ap/asdk/build/atf/bl1/bl1_entrypoint.o
 .debug_info    0x000000000000b36b       0x26 ../../../../project/realtek_amebaD2_va0_example/GCC-RELEASE/project_ap/asdk/build/atf/bl1/bl1_entrypoint_rom.o
 .debug_info    0x000000000000b391       0x26 ../../../../project/realtek_amebaD2_va0_example/GCC-RELEASE/project_ap/asdk/build/atf/bl1/bl1_entrypoint_sram.o
 .debug_info    0x000000000000b3b7       0x22 ../../../../project/realtek_amebaD2_va0_example/GCC-RELEASE/project_ap/asdk/build/atf/bl1/bl1_exceptions.o
 .debug_info    0x000000000000b3d9       0x22 ../../../../project/realtek_amebaD2_va0_example/GCC-RELEASE/project_ap/asdk/build/atf/bl1/platform_up_stack.o
 .debug_info    0x000000000000b3fb       0x22 ../../../../project/realtek_amebaD2_va0_example/GCC-RELEASE/project_ap/asdk/build/atf/bl1/cpu_helpers.o
 .debug_info    0x000000000000b41d       0x22 ../../../../project/realtek_amebaD2_va0_example/GCC-RELEASE/project_ap/asdk/build/atf/bl1/debug.o
 .debug_info    0x000000000000b43f       0x22 ../../../../project/realtek_amebaD2_va0_example/GCC-RELEASE/project_ap/asdk/build/atf/bl1/cache_helpers.o
 .debug_info    0x000000000000b461       0x22 ../../../../project/realtek_amebaD2_va0_example/GCC-RELEASE/project_ap/asdk/build/atf/bl1/misc_helpers.o
 .debug_info    0x000000000000b483       0x22 ../../../../project/realtek_amebaD2_va0_example/GCC-RELEASE/project_ap/asdk/build/atf/bl1/platform_helpers.o
 .debug_info    0x000000000000b4a5       0x26 ../../../../project/realtek_amebaD2_va0_example/GCC-RELEASE/project_ap/asdk/build/atf/bl1/aeabi_uldivmod.o
 .debug_info    0x000000000000b4cb       0x22 ../../../../project/realtek_amebaD2_va0_example/GCC-RELEASE/project_ap/asdk/build/atf/bl1/plat_helpers.o
 .debug_info    0x000000000000b4ed       0x22 ../../../../project/realtek_amebaD2_va0_example/GCC-RELEASE/project_ap/asdk/build/atf/bl1/sheipa_console.o
 .debug_info    0x000000000000b50f       0x22 ../../../../project/realtek_amebaD2_va0_example/GCC-RELEASE/project_ap/asdk/build/atf/bl1/enable_mmu.o
 .debug_info    0x000000000000b531      0x119 ../../../../project/realtek_amebaD2_va0_example/GCC-RELEASE/project_ap/asdk/build/atf/lib/libc.a(assert.o)
 .debug_info    0x000000000000b64a       0xff ../../../../project/realtek_amebaD2_va0_example/GCC-RELEASE/project_ap/asdk/build/atf/lib/libc.a(memcmp.o)
 .debug_info    0x000000000000b749       0xd6 ../../../../project/realtek_amebaD2_va0_example/GCC-RELEASE/project_ap/asdk/build/atf/lib/libc.a(memcpy.o)
 .debug_info    0x000000000000b81f      0x125 ../../../../project/realtek_amebaD2_va0_example/GCC-RELEASE/project_ap/asdk/build/atf/lib/libc.a(memmove.o)
 .debug_info    0x000000000000b944      0x519 ../../../../project/realtek_amebaD2_va0_example/GCC-RELEASE/project_ap/asdk/build/atf/lib/libc.a(printf.o)
 .debug_info    0x000000000000be5d       0xcb ../../../../project/realtek_amebaD2_va0_example/GCC-RELEASE/project_ap/asdk/build/atf/lib/libc.a(putchar.o)
 .debug_info    0x000000000000bf28       0x93 ../../../../project/realtek_amebaD2_va0_example/GCC-RELEASE/project_ap/asdk/build/atf/lib/libc.a(strlen.o)

.debug_abbrev   0x0000000000000000     0x3739
 .debug_abbrev  0x0000000000000000      0x173 ../../../../project/realtek_amebaD2_va0_example/GCC-RELEASE/project_ap/asdk/build/atf/bl1/io_semihosting.o
 .debug_abbrev  0x0000000000000173      0x32d ../../../../project/realtek_amebaD2_va0_example/GCC-RELEASE/project_ap/asdk/build/atf/bl1/io_storage.o
 .debug_abbrev  0x00000000000004a0      0x2ff ../../../../project/realtek_amebaD2_va0_example/GCC-RELEASE/project_ap/asdk/build/atf/bl1/io_fip.o
 .debug_abbrev  0x000000000000079f      0x196 ../../../../project/realtek_amebaD2_va0_example/GCC-RELEASE/project_ap/asdk/build/atf/bl1/io_memmap.o
 .debug_abbrev  0x0000000000000935      0x18c ../../../../project/realtek_amebaD2_va0_example/GCC-RELEASE/project_ap/asdk/build/atf/bl1/semihosting.o
 .debug_abbrev  0x0000000000000ac1      0x224 ../../../../project/realtek_amebaD2_va0_example/GCC-RELEASE/project_ap/asdk/build/atf/bl1/sheipa_io_storage.o
 .debug_abbrev  0x0000000000000ce5      0x110 ../../../../project/realtek_amebaD2_va0_example/GCC-RELEASE/project_ap/asdk/build/atf/bl1/sheipa_bl1_setup.o
 .debug_abbrev  0x0000000000000df5      0x28e ../../../../project/realtek_amebaD2_va0_example/GCC-RELEASE/project_ap/asdk/build/atf/bl1/bl1_main.o
 .debug_abbrev  0x0000000000001083       0x69 ../../../../project/realtek_amebaD2_va0_example/GCC-RELEASE/project_ap/asdk/build/atf/bl1/bl1_arch_setup.o
 .debug_abbrev  0x00000000000010ec      0x2ff ../../../../project/realtek_amebaD2_va0_example/GCC-RELEASE/project_ap/asdk/build/atf/bl1/bl1_context_mgmt.o
 .debug_abbrev  0x00000000000013eb      0x1ba ../../../../project/realtek_amebaD2_va0_example/GCC-RELEASE/project_ap/asdk/build/atf/bl1/plat_bl1_common.o
 .debug_abbrev  0x00000000000015a5      0x2f7 ../../../../project/realtek_amebaD2_va0_example/GCC-RELEASE/project_ap/asdk/build/atf/bl1/context_mgmt.o
 .debug_abbrev  0x000000000000189c      0x1e8 ../../../../project/realtek_amebaD2_va0_example/GCC-RELEASE/project_ap/asdk/build/atf/bl1/bl_common.o
 .debug_abbrev  0x0000000000001a84      0x11d ../../../../project/realtek_amebaD2_va0_example/GCC-RELEASE/project_ap/asdk/build/atf/bl1/tf_log.o
 .debug_abbrev  0x0000000000001ba1      0x222 ../../../../project/realtek_amebaD2_va0_example/GCC-RELEASE/project_ap/asdk/build/atf/bl1/multi_console.o
 .debug_abbrev  0x0000000000001dc3      0x2af ../../../../project/realtek_amebaD2_va0_example/GCC-RELEASE/project_ap/asdk/build/atf/bl1/plat_bl_common.o
 .debug_abbrev  0x0000000000002072       0xbf ../../../../project/realtek_amebaD2_va0_example/GCC-RELEASE/project_ap/asdk/build/atf/bl1/plat_log_common.o
 .debug_abbrev  0x0000000000002131       0xe2 ../../../../project/realtek_amebaD2_va0_example/GCC-RELEASE/project_ap/asdk/build/atf/bl1/ctzdi2.o
 .debug_abbrev  0x0000000000002213      0x11b ../../../../project/realtek_amebaD2_va0_example/GCC-RELEASE/project_ap/asdk/build/atf/bl1/udivmoddi4.o
 .debug_abbrev  0x000000000000232e      0x136 ../../../../project/realtek_amebaD2_va0_example/GCC-RELEASE/project_ap/asdk/build/atf/bl1/sheipa_common.o
 .debug_abbrev  0x0000000000002464      0x102 ../../../../project/realtek_amebaD2_va0_example/GCC-RELEASE/project_ap/asdk/build/atf/bl1/sheipa_console_setup.o
 .debug_abbrev  0x0000000000002566      0x2ab ../../../../project/realtek_amebaD2_va0_example/GCC-RELEASE/project_ap/asdk/build/atf/bl1/xlat_tables_arch.o
 .debug_abbrev  0x0000000000002811      0x20a ../../../../project/realtek_amebaD2_va0_example/GCC-RELEASE/project_ap/asdk/build/atf/bl1/xlat_tables_context.o
 .debug_abbrev  0x0000000000002a1b      0x31e ../../../../project/realtek_amebaD2_va0_example/GCC-RELEASE/project_ap/asdk/build/atf/bl1/xlat_tables_core.o
 .debug_abbrev  0x0000000000002d39      0x2a1 ../../../../project/realtek_amebaD2_va0_example/GCC-RELEASE/project_ap/asdk/build/atf/bl1/xlat_tables_utils.o
 .debug_abbrev  0x0000000000002fda       0x14 ../../../../project/realtek_amebaD2_va0_example/GCC-RELEASE/project_ap/asdk/build/atf/bl1/semihosting_call.o
 .debug_abbrev  0x0000000000002fee       0x12 ../../../../project/realtek_amebaD2_va0_example/GCC-RELEASE/project_ap/asdk/build/atf/bl1/aem_generic.o
 .debug_abbrev  0x0000000000003000       0x12 ../../../../project/realtek_amebaD2_va0_example/GCC-RELEASE/project_ap/asdk/build/atf/bl1/cortex_a7.o
 .debug_abbrev  0x0000000000003012       0x12 ../../../../project/realtek_amebaD2_va0_example/GCC-RELEASE/project_ap/asdk/build/atf/bl1/cortex_a32.o
 .debug_abbrev  0x0000000000003024       0x12 ../../../../project/realtek_amebaD2_va0_example/GCC-RELEASE/project_ap/asdk/build/atf/bl1/bl1_entrypoint.o
 .debug_abbrev  0x0000000000003036       0x14 ../../../../project/realtek_amebaD2_va0_example/GCC-RELEASE/project_ap/asdk/build/atf/bl1/bl1_entrypoint_rom.o
 .debug_abbrev  0x000000000000304a       0x14 ../../../../project/realtek_amebaD2_va0_example/GCC-RELEASE/project_ap/asdk/build/atf/bl1/bl1_entrypoint_sram.o
 .debug_abbrev  0x000000000000305e       0x12 ../../../../project/realtek_amebaD2_va0_example/GCC-RELEASE/project_ap/asdk/build/atf/bl1/bl1_exceptions.o
 .debug_abbrev  0x0000000000003070       0x12 ../../../../project/realtek_amebaD2_va0_example/GCC-RELEASE/project_ap/asdk/build/atf/bl1/platform_up_stack.o
 .debug_abbrev  0x0000000000003082       0x12 ../../../../project/realtek_amebaD2_va0_example/GCC-RELEASE/project_ap/asdk/build/atf/bl1/cpu_helpers.o
 .debug_abbrev  0x0000000000003094       0x12 ../../../../project/realtek_amebaD2_va0_example/GCC-RELEASE/project_ap/asdk/build/atf/bl1/debug.o
 .debug_abbrev  0x00000000000030a6       0x12 ../../../../project/realtek_amebaD2_va0_example/GCC-RELEASE/project_ap/asdk/build/atf/bl1/cache_helpers.o
 .debug_abbrev  0x00000000000030b8       0x12 ../../../../project/realtek_amebaD2_va0_example/GCC-RELEASE/project_ap/asdk/build/atf/bl1/misc_helpers.o
 .debug_abbrev  0x00000000000030ca       0x12 ../../../../project/realtek_amebaD2_va0_example/GCC-RELEASE/project_ap/asdk/build/atf/bl1/platform_helpers.o
 .debug_abbrev  0x00000000000030dc       0x14 ../../../../project/realtek_amebaD2_va0_example/GCC-RELEASE/project_ap/asdk/build/atf/bl1/aeabi_uldivmod.o
 .debug_abbrev  0x00000000000030f0       0x12 ../../../../project/realtek_amebaD2_va0_example/GCC-RELEASE/project_ap/asdk/build/atf/bl1/plat_helpers.o
 .debug_abbrev  0x0000000000003102       0x12 ../../../../project/realtek_amebaD2_va0_example/GCC-RELEASE/project_ap/asdk/build/atf/bl1/sheipa_console.o
 .debug_abbrev  0x0000000000003114       0x12 ../../../../project/realtek_amebaD2_va0_example/GCC-RELEASE/project_ap/asdk/build/atf/bl1/enable_mmu.o
 .debug_abbrev  0x0000000000003126       0x8c ../../../../project/realtek_amebaD2_va0_example/GCC-RELEASE/project_ap/asdk/build/atf/lib/libc.a(assert.o)
 .debug_abbrev  0x00000000000031b2       0x94 ../../../../project/realtek_amebaD2_va0_example/GCC-RELEASE/project_ap/asdk/build/atf/lib/libc.a(memcmp.o)
 .debug_abbrev  0x0000000000003246       0xa1 ../../../../project/realtek_amebaD2_va0_example/GCC-RELEASE/project_ap/asdk/build/atf/lib/libc.a(memcpy.o)
 .debug_abbrev  0x00000000000032e7       0xc6 ../../../../project/realtek_amebaD2_va0_example/GCC-RELEASE/project_ap/asdk/build/atf/lib/libc.a(memmove.o)
 .debug_abbrev  0x00000000000033ad      0x273 ../../../../project/realtek_amebaD2_va0_example/GCC-RELEASE/project_ap/asdk/build/atf/lib/libc.a(printf.o)
 .debug_abbrev  0x0000000000003620       0x95 ../../../../project/realtek_amebaD2_va0_example/GCC-RELEASE/project_ap/asdk/build/atf/lib/libc.a(putchar.o)
 .debug_abbrev  0x00000000000036b5       0x84 ../../../../project/realtek_amebaD2_va0_example/GCC-RELEASE/project_ap/asdk/build/atf/lib/libc.a(strlen.o)

.debug_loc      0x0000000000000000     0x7959
 .debug_loc     0x0000000000000000      0x774 ../../../../project/realtek_amebaD2_va0_example/GCC-RELEASE/project_ap/asdk/build/atf/bl1/io_semihosting.o
 .debug_loc     0x0000000000000774      0xd97 ../../../../project/realtek_amebaD2_va0_example/GCC-RELEASE/project_ap/asdk/build/atf/bl1/io_storage.o
 .debug_loc     0x000000000000150b      0xa3b ../../../../project/realtek_amebaD2_va0_example/GCC-RELEASE/project_ap/asdk/build/atf/bl1/io_fip.o
 .debug_loc     0x0000000000001f46      0x662 ../../../../project/realtek_amebaD2_va0_example/GCC-RELEASE/project_ap/asdk/build/atf/bl1/io_memmap.o
 .debug_loc     0x00000000000025a8      0x559 ../../../../project/realtek_amebaD2_va0_example/GCC-RELEASE/project_ap/asdk/build/atf/bl1/semihosting.o
 .debug_loc     0x0000000000002b01      0x43a ../../../../project/realtek_amebaD2_va0_example/GCC-RELEASE/project_ap/asdk/build/atf/bl1/sheipa_io_storage.o
 .debug_loc     0x0000000000002f3b      0x5ac ../../../../project/realtek_amebaD2_va0_example/GCC-RELEASE/project_ap/asdk/build/atf/bl1/bl1_main.o
 .debug_loc     0x00000000000034e7      0x34f ../../../../project/realtek_amebaD2_va0_example/GCC-RELEASE/project_ap/asdk/build/atf/bl1/bl1_context_mgmt.o
 .debug_loc     0x0000000000003836      0x194 ../../../../project/realtek_amebaD2_va0_example/GCC-RELEASE/project_ap/asdk/build/atf/bl1/plat_bl1_common.o
 .debug_loc     0x00000000000039ca      0x53e ../../../../project/realtek_amebaD2_va0_example/GCC-RELEASE/project_ap/asdk/build/atf/bl1/context_mgmt.o
 .debug_loc     0x0000000000003f08      0x1a7 ../../../../project/realtek_amebaD2_va0_example/GCC-RELEASE/project_ap/asdk/build/atf/bl1/bl_common.o
 .debug_loc     0x00000000000040af       0xa1 ../../../../project/realtek_amebaD2_va0_example/GCC-RELEASE/project_ap/asdk/build/atf/bl1/tf_log.o
 .debug_loc     0x0000000000004150      0x2f1 ../../../../project/realtek_amebaD2_va0_example/GCC-RELEASE/project_ap/asdk/build/atf/bl1/multi_console.o
 .debug_loc     0x0000000000004441      0x194 ../../../../project/realtek_amebaD2_va0_example/GCC-RELEASE/project_ap/asdk/build/atf/bl1/plat_bl_common.o
 .debug_loc     0x00000000000045d5       0x96 ../../../../project/realtek_amebaD2_va0_example/GCC-RELEASE/project_ap/asdk/build/atf/bl1/plat_log_common.o
 .debug_loc     0x000000000000466b       0x41 ../../../../project/realtek_amebaD2_va0_example/GCC-RELEASE/project_ap/asdk/build/atf/bl1/ctzdi2.o
 .debug_loc     0x00000000000046ac      0x2da ../../../../project/realtek_amebaD2_va0_example/GCC-RELEASE/project_ap/asdk/build/atf/bl1/udivmoddi4.o
 .debug_loc     0x0000000000004986      0x14b ../../../../project/realtek_amebaD2_va0_example/GCC-RELEASE/project_ap/asdk/build/atf/bl1/sheipa_common.o
 .debug_loc     0x0000000000004ad1      0x462 ../../../../project/realtek_amebaD2_va0_example/GCC-RELEASE/project_ap/asdk/build/atf/bl1/xlat_tables_arch.o
 .debug_loc     0x0000000000004f33      0x3a1 ../../../../project/realtek_amebaD2_va0_example/GCC-RELEASE/project_ap/asdk/build/atf/bl1/xlat_tables_context.o
 .debug_loc     0x00000000000052d4     0x13ac ../../../../project/realtek_amebaD2_va0_example/GCC-RELEASE/project_ap/asdk/build/atf/bl1/xlat_tables_core.o
 .debug_loc     0x0000000000006680      0x7a5 ../../../../project/realtek_amebaD2_va0_example/GCC-RELEASE/project_ap/asdk/build/atf/bl1/xlat_tables_utils.o
 .debug_loc     0x0000000000006e25      0x11a ../../../../project/realtek_amebaD2_va0_example/GCC-RELEASE/project_ap/asdk/build/atf/lib/libc.a(memcmp.o)
 .debug_loc     0x0000000000006f3f       0xa2 ../../../../project/realtek_amebaD2_va0_example/GCC-RELEASE/project_ap/asdk/build/atf/lib/libc.a(memcpy.o)
 .debug_loc     0x0000000000006fe1      0x170 ../../../../project/realtek_amebaD2_va0_example/GCC-RELEASE/project_ap/asdk/build/atf/lib/libc.a(memmove.o)
 .debug_loc     0x0000000000007151      0x79f ../../../../project/realtek_amebaD2_va0_example/GCC-RELEASE/project_ap/asdk/build/atf/lib/libc.a(printf.o)
 .debug_loc     0x00000000000078f0       0x22 ../../../../project/realtek_amebaD2_va0_example/GCC-RELEASE/project_ap/asdk/build/atf/lib/libc.a(putchar.o)
 .debug_loc     0x0000000000007912       0x47 ../../../../project/realtek_amebaD2_va0_example/GCC-RELEASE/project_ap/asdk/build/atf/lib/libc.a(strlen.o)

.debug_aranges  0x0000000000000000      0xc10
 .debug_aranges
                0x0000000000000000       0x60 ../../../../project/realtek_amebaD2_va0_example/GCC-RELEASE/project_ap/asdk/build/atf/bl1/io_semihosting.o
 .debug_aranges
                0x0000000000000060       0x80 ../../../../project/realtek_amebaD2_va0_example/GCC-RELEASE/project_ap/asdk/build/atf/bl1/io_storage.o
 .debug_aranges
                0x00000000000000e0       0x68 ../../../../project/realtek_amebaD2_va0_example/GCC-RELEASE/project_ap/asdk/build/atf/bl1/io_fip.o
 .debug_aranges
                0x0000000000000148       0x68 ../../../../project/realtek_amebaD2_va0_example/GCC-RELEASE/project_ap/asdk/build/atf/bl1/io_memmap.o
 .debug_aranges
                0x00000000000001b0       0x88 ../../../../project/realtek_amebaD2_va0_example/GCC-RELEASE/project_ap/asdk/build/atf/bl1/semihosting.o
 .debug_aranges
                0x0000000000000238       0x38 ../../../../project/realtek_amebaD2_va0_example/GCC-RELEASE/project_ap/asdk/build/atf/bl1/sheipa_io_storage.o
 .debug_aranges
                0x0000000000000270       0x38 ../../../../project/realtek_amebaD2_va0_example/GCC-RELEASE/project_ap/asdk/build/atf/bl1/sheipa_bl1_setup.o
 .debug_aranges
                0x00000000000002a8       0x48 ../../../../project/realtek_amebaD2_va0_example/GCC-RELEASE/project_ap/asdk/build/atf/bl1/bl1_main.o
 .debug_aranges
                0x00000000000002f0       0x20 ../../../../project/realtek_amebaD2_va0_example/GCC-RELEASE/project_ap/asdk/build/atf/bl1/bl1_arch_setup.o
 .debug_aranges
                0x0000000000000310       0x50 ../../../../project/realtek_amebaD2_va0_example/GCC-RELEASE/project_ap/asdk/build/atf/bl1/bl1_context_mgmt.o
 .debug_aranges
                0x0000000000000360       0x50 ../../../../project/realtek_amebaD2_va0_example/GCC-RELEASE/project_ap/asdk/build/atf/bl1/plat_bl1_common.o
 .debug_aranges
                0x00000000000003b0       0x40 ../../../../project/realtek_amebaD2_va0_example/GCC-RELEASE/project_ap/asdk/build/atf/bl1/context_mgmt.o
 .debug_aranges
                0x00000000000003f0       0x30 ../../../../project/realtek_amebaD2_va0_example/GCC-RELEASE/project_ap/asdk/build/atf/bl1/bl_common.o
 .debug_aranges
                0x0000000000000420       0x28 ../../../../project/realtek_amebaD2_va0_example/GCC-RELEASE/project_ap/asdk/build/atf/bl1/tf_log.o
 .debug_aranges
                0x0000000000000448       0x58 ../../../../project/realtek_amebaD2_va0_example/GCC-RELEASE/project_ap/asdk/build/atf/bl1/multi_console.o
 .debug_aranges
                0x00000000000004a0       0x50 ../../../../project/realtek_amebaD2_va0_example/GCC-RELEASE/project_ap/asdk/build/atf/bl1/plat_bl_common.o
 .debug_aranges
                0x00000000000004f0       0x20 ../../../../project/realtek_amebaD2_va0_example/GCC-RELEASE/project_ap/asdk/build/atf/bl1/plat_log_common.o
 .debug_aranges
                0x0000000000000510       0x20 ../../../../project/realtek_amebaD2_va0_example/GCC-RELEASE/project_ap/asdk/build/atf/bl1/ctzdi2.o
 .debug_aranges
                0x0000000000000530       0x20 ../../../../project/realtek_amebaD2_va0_example/GCC-RELEASE/project_ap/asdk/build/atf/bl1/udivmoddi4.o
 .debug_aranges
                0x0000000000000550       0x28 ../../../../project/realtek_amebaD2_va0_example/GCC-RELEASE/project_ap/asdk/build/atf/bl1/sheipa_common.o
 .debug_aranges
                0x0000000000000578       0x20 ../../../../project/realtek_amebaD2_va0_example/GCC-RELEASE/project_ap/asdk/build/atf/bl1/sheipa_console_setup.o
 .debug_aranges
                0x0000000000000598       0x70 ../../../../project/realtek_amebaD2_va0_example/GCC-RELEASE/project_ap/asdk/build/atf/bl1/xlat_tables_arch.o
 .debug_aranges
                0x0000000000000608       0x60 ../../../../project/realtek_amebaD2_va0_example/GCC-RELEASE/project_ap/asdk/build/atf/bl1/xlat_tables_context.o
 .debug_aranges
                0x0000000000000668       0x50 ../../../../project/realtek_amebaD2_va0_example/GCC-RELEASE/project_ap/asdk/build/atf/bl1/xlat_tables_core.o
 .debug_aranges
                0x00000000000006b8       0x40 ../../../../project/realtek_amebaD2_va0_example/GCC-RELEASE/project_ap/asdk/build/atf/bl1/xlat_tables_utils.o
 .debug_aranges
                0x00000000000006f8       0x20 ../../../../project/realtek_amebaD2_va0_example/GCC-RELEASE/project_ap/asdk/build/atf/bl1/semihosting_call.o
 .debug_aranges
                0x0000000000000718       0x30 ../../../../project/realtek_amebaD2_va0_example/GCC-RELEASE/project_ap/asdk/build/atf/bl1/aem_generic.o
 .debug_aranges
                0x0000000000000748       0x48 ../../../../project/realtek_amebaD2_va0_example/GCC-RELEASE/project_ap/asdk/build/atf/bl1/cortex_a7.o
 .debug_aranges
                0x0000000000000790       0x40 ../../../../project/realtek_amebaD2_va0_example/GCC-RELEASE/project_ap/asdk/build/atf/bl1/cortex_a32.o
 .debug_aranges
                0x00000000000007d0       0x28 ../../../../project/realtek_amebaD2_va0_example/GCC-RELEASE/project_ap/asdk/build/atf/bl1/bl1_entrypoint.o
 .debug_aranges
                0x00000000000007f8       0x20 ../../../../project/realtek_amebaD2_va0_example/GCC-RELEASE/project_ap/asdk/build/atf/bl1/bl1_entrypoint_rom.o
 .debug_aranges
                0x0000000000000818       0x20 ../../../../project/realtek_amebaD2_va0_example/GCC-RELEASE/project_ap/asdk/build/atf/bl1/bl1_entrypoint_sram.o
 .debug_aranges
                0x0000000000000838       0x28 ../../../../project/realtek_amebaD2_va0_example/GCC-RELEASE/project_ap/asdk/build/atf/bl1/bl1_exceptions.o
 .debug_aranges
                0x0000000000000860       0x28 ../../../../project/realtek_amebaD2_va0_example/GCC-RELEASE/project_ap/asdk/build/atf/bl1/platform_up_stack.o
 .debug_aranges
                0x0000000000000888       0x48 ../../../../project/realtek_amebaD2_va0_example/GCC-RELEASE/project_ap/asdk/build/atf/bl1/cpu_helpers.o
 .debug_aranges
                0x00000000000008d0       0x50 ../../../../project/realtek_amebaD2_va0_example/GCC-RELEASE/project_ap/asdk/build/atf/bl1/debug.o
 .debug_aranges
                0x0000000000000920       0x60 ../../../../project/realtek_amebaD2_va0_example/GCC-RELEASE/project_ap/asdk/build/atf/bl1/cache_helpers.o
 .debug_aranges
                0x0000000000000980       0x40 ../../../../project/realtek_amebaD2_va0_example/GCC-RELEASE/project_ap/asdk/build/atf/bl1/misc_helpers.o
 .debug_aranges
                0x00000000000009c0       0x58 ../../../../project/realtek_amebaD2_va0_example/GCC-RELEASE/project_ap/asdk/build/atf/bl1/platform_helpers.o
 .debug_aranges
                0x0000000000000a18       0x20 ../../../../project/realtek_amebaD2_va0_example/GCC-RELEASE/project_ap/asdk/build/atf/bl1/aeabi_uldivmod.o
 .debug_aranges
                0x0000000000000a38       0x80 ../../../../project/realtek_amebaD2_va0_example/GCC-RELEASE/project_ap/asdk/build/atf/bl1/plat_helpers.o
 .debug_aranges
                0x0000000000000ab8       0x40 ../../../../project/realtek_amebaD2_va0_example/GCC-RELEASE/project_ap/asdk/build/atf/bl1/sheipa_console.o
 .debug_aranges
                0x0000000000000af8       0x28 ../../../../project/realtek_amebaD2_va0_example/GCC-RELEASE/project_ap/asdk/build/atf/bl1/enable_mmu.o
 .debug_aranges
                0x0000000000000b20       0x20 ../../../../project/realtek_amebaD2_va0_example/GCC-RELEASE/project_ap/asdk/build/atf/lib/libc.a(assert.o)
 .debug_aranges
                0x0000000000000b40       0x20 ../../../../project/realtek_amebaD2_va0_example/GCC-RELEASE/project_ap/asdk/build/atf/lib/libc.a(memcmp.o)
 .debug_aranges
                0x0000000000000b60       0x20 ../../../../project/realtek_amebaD2_va0_example/GCC-RELEASE/project_ap/asdk/build/atf/lib/libc.a(memcpy.o)
 .debug_aranges
                0x0000000000000b80       0x20 ../../../../project/realtek_amebaD2_va0_example/GCC-RELEASE/project_ap/asdk/build/atf/lib/libc.a(memmove.o)
 .debug_aranges
                0x0000000000000ba0       0x30 ../../../../project/realtek_amebaD2_va0_example/GCC-RELEASE/project_ap/asdk/build/atf/lib/libc.a(printf.o)
 .debug_aranges
                0x0000000000000bd0       0x20 ../../../../project/realtek_amebaD2_va0_example/GCC-RELEASE/project_ap/asdk/build/atf/lib/libc.a(putchar.o)
 .debug_aranges
                0x0000000000000bf0       0x20 ../../../../project/realtek_amebaD2_va0_example/GCC-RELEASE/project_ap/asdk/build/atf/lib/libc.a(strlen.o)

.debug_ranges   0x0000000000000000     0x1018
 .debug_ranges  0x0000000000000000       0x50 ../../../../project/realtek_amebaD2_va0_example/GCC-RELEASE/project_ap/asdk/build/atf/bl1/io_semihosting.o
 .debug_ranges  0x0000000000000050      0x110 ../../../../project/realtek_amebaD2_va0_example/GCC-RELEASE/project_ap/asdk/build/atf/bl1/io_storage.o
 .debug_ranges  0x0000000000000160       0xe0 ../../../../project/realtek_amebaD2_va0_example/GCC-RELEASE/project_ap/asdk/build/atf/bl1/io_fip.o
 .debug_ranges  0x0000000000000240       0x58 ../../../../project/realtek_amebaD2_va0_example/GCC-RELEASE/project_ap/asdk/build/atf/bl1/io_memmap.o
 .debug_ranges  0x0000000000000298       0x78 ../../../../project/realtek_amebaD2_va0_example/GCC-RELEASE/project_ap/asdk/build/atf/bl1/semihosting.o
 .debug_ranges  0x0000000000000310       0x48 ../../../../project/realtek_amebaD2_va0_example/GCC-RELEASE/project_ap/asdk/build/atf/bl1/sheipa_io_storage.o
 .debug_ranges  0x0000000000000358       0x28 ../../../../project/realtek_amebaD2_va0_example/GCC-RELEASE/project_ap/asdk/build/atf/bl1/sheipa_bl1_setup.o
 .debug_ranges  0x0000000000000380       0x60 ../../../../project/realtek_amebaD2_va0_example/GCC-RELEASE/project_ap/asdk/build/atf/bl1/bl1_main.o
 .debug_ranges  0x00000000000003e0       0x10 ../../../../project/realtek_amebaD2_va0_example/GCC-RELEASE/project_ap/asdk/build/atf/bl1/bl1_arch_setup.o
 .debug_ranges  0x00000000000003f0       0xd0 ../../../../project/realtek_amebaD2_va0_example/GCC-RELEASE/project_ap/asdk/build/atf/bl1/bl1_context_mgmt.o
 .debug_ranges  0x00000000000004c0       0x40 ../../../../project/realtek_amebaD2_va0_example/GCC-RELEASE/project_ap/asdk/build/atf/bl1/plat_bl1_common.o
 .debug_ranges  0x0000000000000500       0xa8 ../../../../project/realtek_amebaD2_va0_example/GCC-RELEASE/project_ap/asdk/build/atf/bl1/context_mgmt.o
 .debug_ranges  0x00000000000005a8       0x58 ../../../../project/realtek_amebaD2_va0_example/GCC-RELEASE/project_ap/asdk/build/atf/bl1/bl_common.o