Archive member included to satisfy reference by file (symbol)

../../../../project/realtek_amebaD2_va0_example/GCC-RELEASE/project_ap/asdk/lib/application/libca32_se.a(rtl_se_crypto_function.o)
                              ../../../../project/realtek_amebaD2_va0_example/GCC-RELEASE/project_ap/asdk/build/atf/bl32/rtk_svc_setup.o (wrap_ameba_hal_deinit)
../../../../project/realtek_amebaD2_va0_example/GCC-RELEASE/project_ap/asdk/lib/application/libca32_se.a(rtl_se_ECKeyParse_function.o)
                              ../../../../project/realtek_amebaD2_va0_example/GCC-RELEASE/project_ap/asdk/lib/application/libca32_se.a(rtl_se_crypto_function.o) (pk_parse_key_sec1_der)
../../../../project/realtek_amebaD2_va0_example/GCC-RELEASE/project_ap/asdk/lib/application/libca32_se.a(rtl_se_hal_function.o)
                              ../../../../project/realtek_amebaD2_va0_example/GCC-RELEASE/project_ap/asdk/lib/application/libca32_se.a(rtl_se_crypto_function.o) (rtl_se_set_ns_func)
../../../../project/realtek_amebaD2_va0_example/GCC-RELEASE/project_ap/asdk/lib/application/libca32_se.a(rtl_se_tizenrt_function.o)
                              ../../../../project/realtek_amebaD2_va0_example/GCC-RELEASE/project_ap/asdk/build/atf/bl32/rtk_svc_setup.o (wrap_ameba_hal_SignatureVerify)
../../../../project/realtek_amebaD2_va0_example/GCC-RELEASE/project_ap/asdk/lib/application/libca32_se.a(ameba_secure_boot_atf.o)
                              ../../../../project/realtek_amebaD2_va0_example/GCC-RELEASE/project_ap/asdk/lib/application/libca32_se.a(rtl_se_tizenrt_function.o) (SBOOT_Validate_Algorithm)
../../../../project/realtek_amebaD2_va0_example/GCC-RELEASE/project_ap/asdk/lib/application/libca32_se.a(aes.o)
                              ../../../../project/realtek_amebaD2_va0_example/GCC-RELEASE/project_ap/asdk/lib/application/libca32_se.a(rtl_se_hal_function.o) (mbedtls_aes_init)
../../../../project/realtek_amebaD2_va0_example/GCC-RELEASE/project_ap/asdk/lib/application/libca32_se.a(asn1parse.o)
                              ../../../../project/realtek_amebaD2_va0_example/GCC-RELEASE/project_ap/asdk/lib/application/libca32_se.a(rtl_se_ECKeyParse_function.o) (mbedtls_asn1_get_tag)
../../../../project/realtek_amebaD2_va0_example/GCC-RELEASE/project_ap/asdk/lib/application/libca32_se.a(bignum.o)
                              ../../../../project/realtek_amebaD2_va0_example/GCC-RELEASE/project_ap/asdk/lib/application/libca32_se.a(rtl_se_crypto_function.o) (mbedtls_mpi_init)
../../../../project/realtek_amebaD2_va0_example/GCC-RELEASE/project_ap/asdk/lib/application/libca32_se.a(dhm.o)
                              ../../../../project/realtek_amebaD2_va0_example/GCC-RELEASE/project_ap/asdk/lib/application/libca32_se.a(rtl_se_crypto_function.o) (mbedtls_dhm_init)
../../../../project/realtek_amebaD2_va0_example/GCC-RELEASE/project_ap/asdk/lib/application/libca32_se.a(ecdh.o)
                              ../../../../project/realtek_amebaD2_va0_example/GCC-RELEASE/project_ap/asdk/lib/application/libca32_se.a(rtl_se_crypto_function.o) (mbedtls_ecdh_gen_public)
../../../../project/realtek_amebaD2_va0_example/GCC-RELEASE/project_ap/asdk/lib/application/libca32_se.a(ecdsa.o)
                              ../../../../project/realtek_amebaD2_va0_example/GCC-RELEASE/project_ap/asdk/lib/application/libca32_se.a(rtl_se_crypto_function.o) (mbedtls_ecdsa_write_signature)
../../../../project/realtek_amebaD2_va0_example/GCC-RELEASE/project_ap/asdk/lib/application/libca32_se.a(ecp_curves.o)
                              ../../../../project/realtek_amebaD2_va0_example/GCC-RELEASE/project_ap/asdk/lib/application/libca32_se.a(rtl_se_crypto_function.o) (mbedtls_ecp_group_load)
../../../../project/realtek_amebaD2_va0_example/GCC-RELEASE/project_ap/asdk/lib/application/libca32_se.a(ecp.o)
                              ../../../../project/realtek_amebaD2_va0_example/GCC-RELEASE/project_ap/asdk/lib/application/libca32_se.a(rtl_se_ECKeyParse_function.o) (mbedtls_ecp_grp_id_list)
../../../../project/realtek_amebaD2_va0_example/GCC-RELEASE/project_ap/asdk/lib/application/libca32_se.a(gcm.o)
                              ../../../../project/realtek_amebaD2_va0_example/GCC-RELEASE/project_ap/asdk/lib/application/libca32_se.a(rtl_se_hal_function.o) (mbedtls_gcm_init)
../../../../project/realtek_amebaD2_va0_example/GCC-RELEASE/project_ap/asdk/lib/application/libca32_se.a(hmac_drbg.o)
                              ../../../../project/realtek_amebaD2_va0_example/GCC-RELEASE/project_ap/asdk/lib/application/libca32_se.a(ecdsa.o) (mbedtls_hmac_drbg_init)
../../../../project/realtek_amebaD2_va0_example/GCC-RELEASE/project_ap/asdk/lib/application/libca32_se.a(md5.o)
                              ../../../../project/realtek_amebaD2_va0_example/GCC-RELEASE/project_ap/asdk/lib/application/libca32_se.a(rtl_se_crypto_function.o) (mbedtls_md5)
../../../../project/realtek_amebaD2_va0_example/GCC-RELEASE/project_ap/asdk/lib/application/libca32_se.a(md.o)
[...]
Memory Configuration

Name             Origin             Length             Attributes
RAM              0x0000000070097000 0x0000000000069000 xrw
*default*        0x0000000000000000 0xffffffffffffffff

Linker script and memory map

                0x0000000070097000                . = 0x70097000
                0x0000000000000001                ASSERT ((. == ALIGN (0x1000)), BL32_BASE address is not aligned on a page boundary.)

.text           0x0000000070097000    0x34000
                0x0000000070097000                __TEXT_START__ = .
 *entrypoint.o(.text*)
 .text.asm.sp_min_entrypoint
                0x0000000070097000      0x170 ../../../../project/realtek_amebaD2_va0_example/GCC-RELEASE/project_ap/asdk/build/atf/bl32/entrypoint.o
                0x0000000070097000                sp_min_entrypoint
 .text.asm.sp_min_handle_smc
                0x0000000070097170       0xd4 ../../../../project/realtek_amebaD2_va0_example/GCC-RELEASE/project_ap/asdk/build/atf/bl32/entrypoint.o
                0x0000000070097170                sp_min_handle_smc
 .text.asm.sp_min_handle_fiq
                0x0000000070097244        0x4 ../../../../project/realtek_amebaD2_va0_example/GCC-RELEASE/project_ap/asdk/build/atf/bl32/entrypoint.o
                0x0000000070097244                sp_min_handle_fiq
 .text.asm.sp_min_warm_entrypoint
                0x0000000070097248       0xdc ../../../../project/realtek_amebaD2_va0_example/GCC-RELEASE/project_ap/asdk/build/atf/bl32/entrypoint.o
                0x0000000070097248                sp_min_warm_entrypoint
 .text.asm.sp_min_exit
                0x0000000070097324       0x98 ../../../../project/realtek_amebaD2_va0_example/GCC-RELEASE/project_ap/asdk/build/atf/bl32/entrypoint.o
 *(.text*)
 .text.smc_get_next_ctx
                0x00000000700973bc       0x14 ../../../../project/realtek_amebaD2_va0_example/GCC-RELEASE/project_ap/asdk/build/atf/bl32/sp_min_main.o
                0x00000000700973bc                smc_get_next_ctx
 .text.cm_get_context
                0x00000000700973d0       0x1c ../../../../project/realtek_amebaD2_va0_example/GCC-RELEASE/project_ap/asdk/build/atf/bl32/sp_min_main.o
                0x00000000700973d0                cm_get_context
 .text.cm_get_context_by_index
                0x00000000700973ec       0x18 ../../../../project/realtek_amebaD2_va0_example/GCC-RELEASE/project_ap/asdk/build/atf/bl32/sp_min_main.o
                0x00000000700973ec                cm_get_context_by_index
 .text.cm_set_context_by_index
                0x0000000070097404       0x18 ../../../../project/realtek_amebaD2_va0_example/GCC-RELEASE/project_ap/asdk/build/atf/bl32/sp_min_main.o
                0x0000000070097404                cm_set_context_by_index
 .text.get_arm_std_svc_args
                0x000000007009741c       0x18 ../../../../project/realtek_amebaD2_va0_example/GCC-RELEASE/project_ap/asdk/build/atf/bl32/sp_min_main.o
                0x000000007009741c                get_arm_std_svc_args
 .text.sp_min_main
                0x0000000070097434       0x90 ../../../../project/realtek_amebaD2_va0_example/GCC-RELEASE/project_ap/asdk/build/atf/bl32/sp_min_main.o
                0x0000000070097434                sp_min_main
 .text.sp_min_warm_boot
                0x00000000700974c4       0x84 ../../../../project/realtek_amebaD2_va0_example/GCC-RELEASE/project_ap/asdk/build/atf/bl32/sp_min_main.o
                0x00000000700974c4                sp_min_warm_boot
 .text.handle_runtime_svc
                0x0000000070097548       0x58 ../../../../project/realtek_amebaD2_va0_example/GCC-RELEASE/project_ap/asdk/build/atf/bl32/runtime_svc.o
                0x0000000070097548                handle_runtime_svc
 .text.runtime_svc_init
                0x00000000700975a0       0xcc ../../../../project/realtek_amebaD2_va0_example/GCC-RELEASE/project_ap/asdk/build/atf/bl32/runtime_svc.o
                0x00000000700975a0                runtime_svc_init
 .text.gicd_read_igroupr
                0x000000007009766c        0xa ../../../../project/realtek_amebaD2_va0_example/GCC-RELEASE/project_ap/asdk/build/atf/bl32/gic_common.o
                0x000000007009766c                gicd_read_igroupr
 .text.gicd_read_icfgr
                0x0000000070097676        0xc ../../../../project/realtek_amebaD2_va0_example/GCC-RELEASE/project_ap/asdk/build/atf/bl32/gic_common.o
                0x0000000070097676                gicd_read_icfgr
 .text.gicd_write_igroupr
                0x0000000070097682        0xa ../../../../project/realtek_amebaD2_va0_example/GCC-RELEASE/project_ap/asdk/build/atf/bl32/gic_common.o
                0x0000000070097682                gicd_write_igroupr
 .text.gicd_write_isenabler
                0x000000007009768c        0xc ../../../../project/realtek_amebaD2_va0_example/GCC-RELEASE/project_ap/asdk/build/atf/bl32/gic_common.o
                0x000000007009768c                gicd_write_isenabler
 .text.gicd_write_icenabler
                0x0000000070097698        0xc ../../../../project/realtek_amebaD2_va0_example/GCC-RELEASE/project_ap/asdk/build/atf/bl32/gic_common.o
                0x0000000070097698                gicd_write_icenabler
 .text.gicd_write_ipriorityr
                0x00000000700976a4        0xc ../../../../project/realtek_amebaD2_va0_example/GCC-RELEASE/project_ap/asdk/build/atf/bl32/gic_common.o
                0x00000000700976a4                gicd_write_ipriorityr
 .text.gicd_write_icfgr
                0x00000000700976b0        0xc ../../../../project/realtek_amebaD2_va0_example/GCC-RELEASE/project_ap/asdk/build/atf/bl32/gic_common.o
                0x00000000700976b0                gicd_write_icfgr
 .text.gicd_clr_igroupr
                0x00000000700976bc       0x22 ../../../../project/realtek_amebaD2_va0_example/GCC-RELEASE/project_ap/asdk/build/atf/bl32/gic_common.o
                0x00000000700976bc                gicd_clr_igroupr
 .text.gicd_set_isenabler
                0x00000000700976de        0xc ../../../../project/realtek_amebaD2_va0_example/GCC-RELEASE/project_ap/asdk/build/atf/bl32/gic_common.o
                0x00000000700976de                gicd_set_isenabler
 .text.gicd_set_ipriorityr
                0x00000000700976ea        0xa ../../../../project/realtek_amebaD2_va0_example/GCC-RELEASE/project_ap/asdk/build/atf/bl32/gic_common.o
                0x00000000700976ea                gicd_set_ipriorityr
 .text.gicd_set_icfgr
                0x00000000700976f4       0x2c ../../../../project/realtek_amebaD2_va0_example/GCC-RELEASE/project_ap/asdk/build/atf/bl32/gic_common.o
                0x00000000700976f4                gicd_set_icfgr
 .text.gicv2_spis_configure_defaults
                0x0000000070097720       0x50 ../../../../project/realtek_amebaD2_va0_example/GCC-RELEASE/project_ap/asdk/build/atf/bl32/gicv2_helpers.o
                0x0000000070097720                gicv2_spis_configure_defaults
 .text.gicv2_secure_spis_configure_props
                0x0000000070097770       0x88 ../../../../project/realtek_amebaD2_va0_example/GCC-RELEASE/project_ap/asdk/build/atf/bl32/gicv2_helpers.o
                0x0000000070097770                gicv2_secure_spis_configure_props
 .text.gicv2_secure_ppi_sgi_setup_props
                0x00000000700977f8       0xa8 ../../../../project/realtek_amebaD2_va0_example/GCC-RELEASE/project_ap/asdk/build/atf/bl32/gicv2_helpers.o
                0x00000000700977f8                gicv2_secure_ppi_sgi_setup_props
 .text.gicv2_cpuif_enable
                0x00000000700978a0       0x24 ../../../../project/realtek_amebaD2_va0_example/GCC-RELEASE/project_ap/asdk/build/atf/bl32/gicv2_main.o
                0x00000000700978a0                gicv2_cpuif_enable
 .text.gicv2_pcpu_distif_init
                0x00000000700978c4       0x30 ../../../../project/realtek_amebaD2_va0_example/GCC-RELEASE/project_ap/asdk/build/atf/bl32/gicv2_main.o
                0x00000000700978c4                gicv2_pcpu_distif_init
 .text.gicv2_distif_init
                0x00000000700978f4       0x3c ../../../../project/realtek_amebaD2_va0_example/GCC-RELEASE/project_ap/asdk/build/atf/bl32/gicv2_main.o
                0x00000000700978f4                gicv2_distif_init
 .text.gicv2_driver_init
                0x0000000070097930       0x48 ../../../../project/realtek_amebaD2_va0_example/GCC-RELEASE/project_ap/asdk/build/atf/bl32/gicv2_main.o
                0x0000000070097930                gicv2_driver_init
 .text.errata_needs_reporting
                0x0000000070097978       0x2c ../../../../project/realtek_amebaD2_va0_example/GCC-RELEASE/project_ap/asdk/build/atf/bl32/errata_report.o
                0x0000000070097978                errata_needs_reporting
 .text.cm_setup_context
                0x00000000700979a4       0x6c ../../../../project/realtek_amebaD2_va0_example/GCC-RELEASE/project_ap/asdk/build/atf/bl32/context_mgmt.o
                0x00000000700979a4                cm_setup_context
 .text.cm_init_context_by_index
                0x0000000070097a10       0x18 ../../../../project/realtek_amebaD2_va0_example/GCC-RELEASE/project_ap/asdk/build/atf/bl32/context_mgmt.o
                0x0000000070097a10                cm_init_context_by_index
 .text.cm_init_my_context
                0x0000000070097a28       0x18 ../../../../project/realtek_amebaD2_va0_example/GCC-RELEASE/project_ap/asdk/build/atf/bl32/context_mgmt.o
                0x0000000070097a28                cm_init_my_context
 .text.cm_prepare_el3_exit
                0x0000000070097a40       0xb0 ../../../../project/realtek_amebaD2_va0_example/GCC-RELEASE/project_ap/asdk/build/atf/bl32/context_mgmt.o
                0x0000000070097a40                cm_prepare_el3_exit
 .text.bakery_lock_get
                0x0000000070097af0       0x7a ../../../../project/realtek_amebaD2_va0_example/GCC-RELEASE/project_ap/asdk/build/atf/bl32/bakery_lock_coherent.o
                0x0000000070097af0                bakery_lock_get
 .text.bakery_lock_release
                0x0000000070097b6a       0x30 ../../../../project/realtek_amebaD2_va0_example/GCC-RELEASE/project_ap/asdk/build/atf/bl32/bakery_lock_coherent.o
                0x0000000070097b6a                bakery_lock_release
 *fill*         0x0000000070097b9a        0x2 
 .text.psci_set_req_local_pwr_state
                0x0000000070097b9c       0x28 ../../../../project/realtek_amebaD2_va0_example/GCC-RELEASE/project_ap/asdk/build/atf/bl32/psci_common.o
 .text.psci_validate_power_state
                0x0000000070097bc4       0x28 ../../../../project/realtek_amebaD2_va0_example/GCC-RELEASE/project_ap/asdk/build/atf/bl32/psci_common.o
                0x0000000070097bc4                psci_validate_power_state
 .text.psci_query_sys_suspend_pwrstate
                0x0000000070097bec       0x18 ../../../../project/realtek_amebaD2_va0_example/GCC-RELEASE/project_ap/asdk/build/atf/bl32/psci_common.o
                0x0000000070097bec                psci_query_sys_suspend_pwrstate
 .text.psci_is_last_on_cpu
                0x0000000070097c04       0x40 ../../../../project/realtek_amebaD2_va0_example/GCC-RELEASE/project_ap/asdk/build/atf/bl32/psci_common.o
                0x0000000070097c04                psci_is_last_on_cpu
 .text.psci_init_req_local_pwr_states
                0x0000000070097c44       0x28 ../../../../project/realtek_amebaD2_va0_example/GCC-RELEASE/project_ap/asdk/build/atf/bl32/psci_common.o
                0x0000000070097c44                psci_init_req_local_pwr_states
 .text.psci_get_target_local_pwr_states
                0x0000000070097c6c       0x48 ../../../../project/realtek_amebaD2_va0_example/GCC-RELEASE/project_ap/asdk/build/atf/bl32/psci_common.o
                0x0000000070097c6c                psci_get_target_local_pwr_states
 .text.psci_get_parent_pwr_domain_nodes
                0x0000000070097cb4       0x2c ../../../../project/realtek_amebaD2_va0_example/GCC-RELEASE/project_ap/asdk/build/atf/bl32/psci_common.o
                0x0000000070097cb4                psci_get_parent_pwr_domain_nodes
 .text.psci_set_pwr_domains_to_run
                0x0000000070097ce0       0x64 ../../../../project/realtek_amebaD2_va0_example/GCC-RELEASE/project_ap/asdk/build/atf/bl32/psci_common.o
                0x0000000070097ce0                psci_set_pwr_domains_to_run
 .text.psci_do_state_coordination
                0x0000000070097d44       0xdc ../../../../project/realtek_amebaD2_va0_example/GCC-RELEASE/project_ap/asdk/build/atf/bl32/psci_common.o
                0x0000000070097d44                psci_do_state_coordination
 .text.psci_find_max_off_lvl
                0x0000000070097e20       0x20 ../../../../project/realtek_amebaD2_va0_example/GCC-RELEASE/project_ap/asdk/build/atf/bl32/psci_common.o
                0x0000000070097e20                psci_find_max_off_lvl
 .text.psci_find_target_suspend_lvl
                0x0000000070097e40       0x1c ../../../../project/realtek_amebaD2_va0_example/GCC-RELEASE/project_ap/asdk/build/atf/bl32/psci_common.o
                0x0000000070097e40                psci_find_target_suspend_lvl
 .text.psci_validate_suspend_req
                0x0000000070097e5c       0x52 ../../../../project/realtek_amebaD2_va0_example/GCC-RELEASE/project_ap/asdk/build/atf/bl32/psci_common.o
                0x0000000070097e5c                psci_validate_suspend_req
 *fill*         0x0000000070097eae        0x2 
 .text.psci_acquire_pwr_domain_locks
                0x0000000070097eb0       0x38 ../../../../project/realtek_amebaD2_va0_example/GCC-RELEASE/project_ap/asdk/build/atf/bl32/psci_common.o
                0x0000000070097eb0                psci_acquire_pwr_domain_locks
 .text.psci_release_pwr_domain_locks
                0x0000000070097ee8       0x30 ../../../../project/realtek_amebaD2_va0_example/GCC-RELEASE/project_ap/asdk/build/atf/bl32/psci_common.o
                0x0000000070097ee8                psci_release_pwr_domain_locks
 .text.psci_validate_mpidr
                0x0000000070097f18       0x12 ../../../../project/realtek_amebaD2_va0_example/GCC-RELEASE/project_ap/asdk/build/atf/bl32/psci_common.o
                0x0000000070097f18                psci_validate_mpidr
 *fill*         0x0000000070097f2a        0x2 
 .text.psci_validate_entry_point
                0x0000000070097f2c       0x94 ../../../../project/realtek_amebaD2_va0_example/GCC-RELEASE/project_ap/asdk/build/atf/bl32/psci_common.o
                0x0000000070097f2c                psci_validate_entry_point
 .text.psci_warmboot_entrypoint
                0x0000000070097fc0       0x94 ../../../../project/realtek_amebaD2_va0_example/GCC-RELEASE/project_ap/asdk/build/atf/bl32/psci_common.o
                0x0000000070097fc0                psci_warmboot_entrypoint
 .text.psci_spd_migrate_info
                0x0000000070098054       0x24 ../../../../project/realtek_amebaD2_va0_example/GCC-RELEASE/project_ap/asdk/build/atf/bl32/psci_common.o
                0x0000000070098054                psci_spd_migrate_info
 .text.psci_print_power_domain_map
                0x0000000070098078        0x2 ../../../../project/realtek_amebaD2_va0_example/GCC-RELEASE/project_ap/asdk/build/atf/bl32/psci_common.o
                0x0000000070098078                psci_print_power_domain_map
 .text.psci_do_pwrdown_sequence
                0x000000007009807a        0x4 ../../../../project/realtek_amebaD2_va0_example/GCC-RELEASE/project_ap/asdk/build/atf/bl32/psci_common.o
                0x000000007009807a                psci_do_pwrdown_sequence
 .text.psci_cpu_on
                0x000000007009807e       0x2e ../../../../project/realtek_amebaD2_va0_example/GCC-RELEASE/project_ap/asdk/build/atf/bl32/psci_main.o
                0x000000007009807e                psci_cpu_on
 .text.psci_cpu_suspend
                0x00000000700980ac       0xb8 ../../../../project/realtek_amebaD2_va0_example/GCC-RELEASE/project_ap/asdk/build/atf/bl32/psci_main.o
                0x00000000700980ac                psci_cpu_suspend
 .text.psci_system_suspend
                0x0000000070098164       0x5c ../../../../project/realtek_amebaD2_va0_example/GCC-RELEASE/project_ap/asdk/build/atf/bl32/psci_main.o
                0x0000000070098164                psci_system_suspend
 .text.psci_cpu_off
                0x00000000700981c0       0x12 ../../../../project/realtek_amebaD2_va0_example/GCC-RELEASE/project_ap/asdk/build/atf/bl32/psci_main.o
                0x00000000700981c0                psci_cpu_off
 .text.psci_affinity_info
                0x00000000700981d2       0x2a ../../../../project/realtek_amebaD2_va0_example/GCC-RELEASE/project_ap/asdk/build/atf/bl32/psci_main.o
                0x00000000700981d2                psci_affinity_info
 .text.psci_migrate
                0x00000000700981fc       0x64 ../../../../project/realtek_amebaD2_va0_example/GCC-RELEASE/project_ap/asdk/build/atf/bl32/psci_main.o
                0x00000000700981fc                psci_migrate
 .text.psci_migrate_info_type
                0x0000000070098260        0xe ../../../../project/realtek_amebaD2_va0_example/GCC-RELEASE/project_ap/asdk/build/atf/bl32/psci_main.o
                0x0000000070098260                psci_migrate_info_type
 .text.psci_migrate_info_up_cpu
                0x000000007009826e       0x1a ../../../../project/realtek_amebaD2_va0_example/GCC-RELEASE/project_ap/asdk/build/atf/bl32/psci_main.o
                0x000000007009826e                psci_migrate_info_up_cpu
 .text.psci_node_hw_state
                0x0000000070098288       0x38 ../../../../project/realtek_amebaD2_va0_example/GCC-RELEASE/project_ap/asdk/build/atf/bl32/psci_main.o
                0x0000000070098288                psci_node_hw_state
 .text.psci_features
                0x00000000700982c0       0x60 ../../../../project/realtek_amebaD2_va0_example/GCC-RELEASE/project_ap/asdk/build/atf/bl32/psci_main.o
                0x00000000700982c0                psci_features
 .text.psci_smc_handler
                0x0000000070098320      0x12c ../../../../project/realtek_amebaD2_va0_example/GCC-RELEASE/project_ap/asdk/build/atf/bl32/psci_main.o
                0x0000000070098320                psci_smc_handler
 .text.psci_mem_protect
                0x000000007009844c       0x40 ../../../../project/realtek_amebaD2_va0_example/GCC-RELEASE/project_ap/asdk/build/atf/bl32/psci_mem_protect.o
                0x000000007009844c                psci_mem_protect
 .text.psci_mem_chk_range
                0x000000007009848c       0x2c ../../../../project/realtek_amebaD2_va0_example/GCC-RELEASE/project_ap/asdk/build/atf/bl32/psci_mem_protect.o
                0x000000007009848c                psci_mem_chk_range
 .text.psci_do_cpu_off
                0x00000000700984b8       0xbc ../../../../project/realtek_amebaD2_va0_example/GCC-RELEASE/project_ap/asdk/build/atf/bl32/psci_off.o
                0x00000000700984b8                psci_do_cpu_off
 .text.psci_cpu_on_start
                0x0000000070098574      0x118 ../../../../project/realtek_amebaD2_va0_example/GCC-RELEASE/project_ap/asdk/build/atf/bl32/psci_on.o
                0x0000000070098574                psci_cpu_on_start
 .text.psci_cpu_on_finish
                0x000000007009868c       0x94 ../../../../project/realtek_amebaD2_va0_example/GCC-RELEASE/project_ap/asdk/build/atf/bl32/psci_on.o
                0x000000007009868c                psci_cpu_on_finish
 .text.psci_arch_setup
                0x0000000070098720       0x16 ../../../../project/realtek_amebaD2_va0_example/GCC-RELEASE/project_ap/asdk/build/atf/bl32/psci_setup.o
                0x0000000070098720                psci_arch_setup
 *fill*         0x0000000070098736        0x2 
 .text.psci_setup
                0x0000000070098738      0x220 ../../../../project/realtek_amebaD2_va0_example/GCC-RELEASE/project_ap/asdk/build/atf/bl32/psci_setup.o
                0x0000000070098738                psci_setup
 .text.psci_prepare_next_non_secure_ctx
                0x0000000070098958       0x1a ../../../../project/realtek_amebaD2_va0_example/GCC-RELEASE/project_ap/asdk/build/atf/bl32/psci_setup.o
                0x0000000070098958                psci_prepare_next_non_secure_ctx
 *fill*         0x0000000070098972        0x2 
 .text.psci_cpu_suspend_start
                0x0000000070098974       0xfc ../../../../project/realtek_amebaD2_va0_example/GCC-RELEASE/project_ap/asdk/build/atf/bl32/psci_suspend.o
                0x0000000070098974                psci_cpu_suspend_start
 .text.psci_cpu_suspend_finish
                0x0000000070098a70       0x7c ../../../../project/realtek_amebaD2_va0_example/GCC-RELEASE/project_ap/asdk/build/atf/bl32/psci_suspend.o
                0x0000000070098a70                psci_cpu_suspend_finish
 .text.psci_system_off
                0x0000000070098aec       0x30 ../../../../project/realtek_amebaD2_va0_example/GCC-RELEASE/project_ap/asdk/build/atf/bl32/psci_system_off.o
                0x0000000070098aec                psci_system_off
 .text.psci_system_reset
                0x0000000070098b1c       0x30 ../../../../project/realtek_amebaD2_va0_example/GCC-RELEASE/project_ap/asdk/build/atf/bl32/psci_system_off.o
                0x0000000070098b1c                psci_system_reset
 .text.psci_system_reset2
                0x0000000070098b4c       0x68 ../../../../project/realtek_amebaD2_va0_example/GCC-RELEASE/project_ap/asdk/build/atf/bl32/psci_system_off.o
                0x0000000070098b4c                psci_system_reset2
 .text.sp_min_plat_runtime_setup
                0x0000000070098bb4        0x6 ../../../../project/realtek_amebaD2_va0_example/GCC-RELEASE/project_ap/asdk/build/atf/bl32/plat_sp_min_common.o
                0x0000000070098bb4                sp_min_plat_runtime_setup
 .text.plat_get_target_pwr_state
                0x0000000070098bba       0x1c ../../../../project/realtek_amebaD2_va0_example/GCC-RELEASE/project_ap/asdk/build/atf/bl32/plat_psci_common.o
                0x0000000070098bba                plat_get_target_pwr_state
 *fill*         0x0000000070098bd6        0x2 
 .text.rtk_secure_service
                0x0000000070098bd8       0x20 ../../../../project/realtek_amebaD2_va0_example/GCC-RELEASE/project_ap/asdk/build/atf/bl32/bsec_svc.o
                0x0000000070098bd8                rtk_secure_service
 .text.rtk_smc_setup
                0x0000000070098bf8        0x4 ../../../../project/realtek_amebaD2_va0_example/GCC-RELEASE/project_ap/asdk/build/atf/bl32/rtk_svc_setup.o
 .text.rtk_smc_handler
                0x0000000070098bfc      0x2aa ../../../../project/realtek_amebaD2_va0_example/GCC-RELEASE/project_ap/asdk/build/atf/bl32/rtk_svc_setup.o
 *fill*         0x0000000070098ea6        0x2 
 .text.plat_sheipa_gic_driver_init
                0x0000000070098ea8        0xc ../../../../project/realtek_amebaD2_va0_example/GCC-RELEASE/project_ap/asdk/build/atf/bl32/sheipa_gic.o
                0x0000000070098ea8                plat_sheipa_gic_driver_init
 .text.plat_sheipa_gic_init
                0x0000000070098eb4       0x12 ../../../../project/realtek_amebaD2_va0_example/GCC-RELEASE/project_ap/asdk/build/atf/bl32/sheipa_gic.o
                0x0000000070098eb4                plat_sheipa_gic_init
 .text.plat_sheipa_gic_cpuif_enable
                0x0000000070098ec6        0x4 ../../../../project/realtek_amebaD2_va0_example/GCC-RELEASE/project_ap/asdk/build/atf/bl32/sheipa_gic.o
                0x0000000070098ec6                plat_sheipa_gic_cpuif_enable
 .text.plat_sheipa_gic_pcpu_init
                0x0000000070098eca        0x4 ../../../../project/realtek_amebaD2_va0_example/GCC-RELEASE/project_ap/asdk/build/atf/bl32/sheipa_gic.o
                0x0000000070098eca                plat_sheipa_gic_pcpu_init
 .text.sheipa_validate_ns_entrypoint
                0x0000000070098ece       0x16 ../../../../project/realtek_amebaD2_va0_example/GCC-RELEASE/project_ap/asdk/build/atf/bl32/sheipa_pm.o
 .text.sheipa_pwr_domain_off
                0x0000000070098ee4        0x2 ../../../../project/realtek_amebaD2_va0_example/GCC-RELEASE/project_ap/asdk/build/atf/bl32/sheipa_pm.o
                0x0000000070098ee4                sheipa_pwr_domain_off
 *fill*         0x0000000070098ee6        0x2 
 .text.sheipa_pwr_domain_suspend_finish
                0x0000000070098ee8       0x24 ../../../../project/realtek_amebaD2_va0_example/GCC-RELEASE/project_ap/asdk/build/atf/bl32/sheipa_pm.o
                0x0000000070098ee8                sheipa_pwr_domain_suspend_finish
 .text.sheipa_pwr_domain_pwr_down_wfi
                0x0000000070098f0c        0x4 ../../../../project/realtek_amebaD2_va0_example/GCC-RELEASE/project_ap/asdk/build/atf/bl32/sheipa_pm.o
                0x0000000070098f0c                sheipa_pwr_domain_pwr_down_wfi
 .text.sheipa_cpu_standby
                0x0000000070098f10       0x12 ../../../../project/realtek_amebaD2_va0_example/GCC-RELEASE/project_ap/asdk/build/atf/bl32/sheipa_pm.o
 .text.sheipa_pwr_domain_on_finish
                0x0000000070098f22       0x28 ../../../../project/realtek_amebaD2_va0_example/GCC-RELEASE/project_ap/asdk/build/atf/bl32/sheipa_pm.o
                0x0000000070098f22                sheipa_pwr_domain_on_finish
 *fill*         0x0000000070098f4a        0x2 
 .text.sheipa_system_reset
                0x0000000070098f4c       0x14 ../../../../project/realtek_amebaD2_va0_example/GCC-RELEASE/project_ap/asdk/build/atf/bl32/sheipa_pm.o
 .text.sheipa_system_off
                0x0000000070098f60       0x14 ../../../../project/realtek_amebaD2_va0_example/GCC-RELEASE/project_ap/asdk/build/atf/bl32/sheipa_pm.o
 .text.sheipa_pwr_domain_on
                0x0000000070098f74       0x20 ../../../../project/realtek_amebaD2_va0_example/GCC-RELEASE/project_ap/asdk/build/atf/bl32/sheipa_pm.o
 .text.sheipa_validate_power_state
                0x0000000070098f94       0x34 ../../../../project/realtek_amebaD2_va0_example/GCC-RELEASE/project_ap/asdk/build/atf/bl32/sheipa_pm.o
 .text.plat_sheipa_save_mpc
                0x0000000070098fc8       0x38 ../../../../project/realtek_amebaD2_va0_example/GCC-RELEASE/project_ap/asdk/build/atf/bl32/sheipa_pm.o
                0x0000000070098fc8                plat_sheipa_save_mpc
 .text.sheipa_pwr_domain_suspend
                0x0000000070099000       0x64 ../../../../project/realtek_amebaD2_va0_example/GCC-RELEASE/project_ap/asdk/build/atf/bl32/sheipa_pm.o
                0x0000000070099000                sheipa_pwr_domain_suspend
 .text.plat_sheipa_restore_mpc
                0x0000000070099064       0x38 ../../../../project/realtek_amebaD2_va0_example/GCC-RELEASE/project_ap/asdk/build/atf/bl32/sheipa_pm.o
                0x0000000070099064                plat_sheipa_restore_mpc
 .text.plat_setup_psci_ops
                0x000000007009909c       0x14 ../../../../project/realtek_amebaD2_va0_example/GCC-RELEASE/project_ap/asdk/build/atf/bl32/sheipa_pm.o
                0x000000007009909c                plat_setup_psci_ops
 .text.sp_min_plat_get_bl33_ep_info
                0x00000000700990b0       0x10 ../../../../project/realtek_amebaD2_va0_example/GCC-RELEASE/project_ap/asdk/build/atf/bl32/sp_min_setup.o
                0x00000000700990b0                sp_min_plat_get_bl33_ep_info
 .text.sp_min_early_platform_setup2
                0x00000000700990c0       0x4c ../../../../project/realtek_amebaD2_va0_example/GCC-RELEASE/project_ap/asdk/build/atf/bl32/sp_min_setup.o
                0x00000000700990c0                sp_min_early_platform_setup2
 .text.sp_min_plat_arch_setup
                0x000000007009910c       0x44 ../../../../project/realtek_amebaD2_va0_example/GCC-RELEASE/project_ap/asdk/build/atf/bl32/sp_min_setup.o
                0x000000007009910c                sp_min_plat_arch_setup
 .text.arm_gic_freq_get_div
                0x0000000070099150        0xc ../../../../project/realtek_amebaD2_va0_example/GCC-RELEASE/project_ap/asdk/build/atf/bl32/sp_min_setup.o
                0x0000000070099150                arm_gic_freq_get_div
 .text.SYSCFG_RLVersion
                0x000000007009915c       0x24 ../../../../project/realtek_amebaD2_va0_example/GCC-RELEASE/project_ap/asdk/build/atf/bl32/sp_min_setup.o
                0x000000007009915c                SYSCFG_RLVersion
 .text.arm_gic_freq_switch
                0x0000000070099180       0x20 ../../../../project/realtek_amebaD2_va0_example/GCC-RELEASE/project_ap/asdk/build/atf/bl32/sp_min_setup.o
                0x0000000070099180                arm_gic_freq_switch
 .text.arm_gic_freq_restore
                0x00000000700991a0       0x1e ../../../../project/realtek_amebaD2_va0_example/GCC-RELEASE/project_ap/asdk/build/atf/bl32/sp_min_setup.o
                0x00000000700991a0                arm_gic_freq_restore
 .text.sp_min_platform_setup
                0x00000000700991be       0x24 ../../../../project/realtek_amebaD2_va0_example/GCC-RELEASE/project_ap/asdk/build/atf/bl32/sp_min_setup.o
                0x00000000700991be                sp_min_platform_setup
 .text.plat_get_syscnt_freq2
                0x00000000700991e2        0x6 ../../../../project/realtek_amebaD2_va0_example/GCC-RELEASE/project_ap/asdk/build/atf/bl32/sp_min_setup.o
                0x00000000700991e2                plat_get_syscnt_freq2
 .text.plat_get_power_domain_tree_desc
                0x00000000700991e8        0x8 ../../../../project/realtek_amebaD2_va0_example/GCC-RELEASE/project_ap/asdk/build/atf/bl32/topology.o
                0x00000000700991e8                plat_get_power_domain_tree_desc
 .text.plat_core_pos_by_mpidr
                0x00000000700991f0       0x20 ../../../../project/realtek_amebaD2_va0_example/GCC-RELEASE/project_ap/asdk/build/atf/bl32/topology.o
                0x00000000700991f0                plat_core_pos_by_mpidr
 .text.std_svc_smc_handler
                0x0000000070099210       0x70 ../../../../project/realtek_amebaD2_va0_example/GCC-RELEASE/project_ap/asdk/build/atf/bl32/std_svc_setup.o
 .text.std_svc_setup
                0x0000000070099280       0x1c ../../../../project/realtek_amebaD2_va0_example/GCC-RELEASE/project_ap/asdk/build/atf/bl32/std_svc_setup.o
 .text.tf_log   0x000000007009929c       0x54 ../../../../project/realtek_amebaD2_va0_example/GCC-RELEASE/project_ap/asdk/build/atf/bl32/tf_log.o
                0x000000007009929c                tf_log
 .text.console_is_registered
                0x00000000700992f0       0x24 ../../../../project/realtek_amebaD2_va0_example/GCC-RELEASE/project_ap/asdk/build/atf/bl32/multi_console.o
                0x00000000700992f0                console_is_registered
 .text.console_register
                0x0000000070099314       0x38 ../../../../project/realtek_amebaD2_va0_example/GCC-RELEASE/project_ap/asdk/build/atf/bl32/multi_console.o
                0x0000000070099314                console_register
 .text.console_switch_state
                0x000000007009934c        0xc ../../../../project/realtek_amebaD2_va0_example/GCC-RELEASE/project_ap/asdk/build/atf/bl32/multi_console.o
                0x000000007009934c                console_switch_state
 .text.console_set_scope
                0x0000000070099358       0x14 ../../../../project/realtek_amebaD2_va0_example/GCC-RELEASE/project_ap/asdk/build/atf/bl32/multi_console.o
                0x0000000070099358                console_set_scope
 .text.console_putc
                0x000000007009936c       0x58 ../../../../project/realtek_amebaD2_va0_example/GCC-RELEASE/project_ap/asdk/build/atf/bl32/multi_console.o
                0x000000007009936c                console_putc
 .text.console_flush
                0x00000000700993c4       0x40 ../../../../project/realtek_amebaD2_va0_example/GCC-RELEASE/project_ap/asdk/build/atf/bl32/multi_console.o
                0x00000000700993c4                console_flush
 .text.plat_log_get_prefix
                0x0000000070099404       0x24 ../../../../project/realtek_amebaD2_va0_example/GCC-RELEASE/project_ap/asdk/build/atf/bl32/plat_log_common.o
                0x0000000070099404                plat_log_get_prefix
 .text.bl32_plat_enable_mmu
                0x0000000070099428        0x4 ../../../../project/realtek_amebaD2_va0_example/GCC-RELEASE/project_ap/asdk/build/atf/bl32/plat_common.o
                0x0000000070099428                bl32_plat_enable_mmu
 .text.__ctzdi2
                0x000000007009942c       0x20 ../../../../project/realtek_amebaD2_va0_example/GCC-RELEASE/project_ap/asdk/build/atf/bl32/ctzdi2.o
                0x000000007009942c                __ctzdi2
 .text.__udivmoddi4
                0x000000007009944c      0x17c ../../../../project/realtek_amebaD2_va0_example/GCC-RELEASE/project_ap/asdk/build/atf/bl32/udivmoddi4.o
                0x000000007009944c                __udivmoddi4
 .text.sheipa_configure_mmu_svc_mon
                0x00000000700995c8       0x70 ../../../../project/realtek_amebaD2_va0_example/GCC-RELEASE/project_ap/asdk/build/atf/bl32/sheipa_common.o
                0x00000000700995c8                sheipa_configure_mmu_svc_mon
 .text.sheipa_console_init
                0x0000000070099638       0x2c ../../../../project/realtek_amebaD2_va0_example/GCC-RELEASE/project_ap/asdk/build/atf/bl32/sheipa_console_setup.o
                0x0000000070099638                sheipa_console_init
 .text.xlat_arch_get_max_supported_pa
                0x0000000070099664        0x8 ../../../../project/realtek_amebaD2_va0_example/GCC-RELEASE/project_ap/asdk/build/atf/bl32/xlat_tables_arch.o
                0x0000000070099664                xlat_arch_get_max_supported_pa
 .text.xlat_get_min_virt_addr_space_size
                0x000000007009966c        0x6 ../../../../project/realtek_amebaD2_va0_example/GCC-RELEASE/project_ap/asdk/build/atf/bl32/xlat_tables_arch.o
                0x000000007009966c                xlat_get_min_virt_addr_space_size
 .text.is_dcache_enabled
                0x0000000070099672       0x1c ../../../../project/realtek_amebaD2_va0_example/GCC-RELEASE/project_ap/asdk/build/atf/bl32/xlat_tables_arch.o
                0x0000000070099672                is_dcache_enabled
 .text.xlat_arch_regime_get_xn_desc
                0x000000007009968e       0x1e ../../../../project/realtek_amebaD2_va0_example/GCC-RELEASE/project_ap/asdk/build/atf/bl32/xlat_tables_arch.o
                0x000000007009968e                xlat_arch_regime_get_xn_desc
 .text.xlat_arch_current_el
                0x00000000700996ac       0x32 ../../../../project/realtek_amebaD2_va0_example/GCC-RELEASE/project_ap/asdk/build/atf/bl32/xlat_tables_arch.o
                0x00000000700996ac                xlat_arch_current_el
 .text.is_mmu_enabled_ctx
                0x00000000700996de       0x30 ../../../../project/realtek_amebaD2_va0_example/GCC-RELEASE/project_ap/asdk/build/atf/bl32/xlat_tables_arch.o
                0x00000000700996de                is_mmu_enabled_ctx
 *fill*         0x000000007009970e        0x2 
 .text.setup_mmu_cfg
                0x0000000070099710       0x94 ../../../../project/realtek_amebaD2_va0_example/GCC-RELEASE/project_ap/asdk/build/atf/bl32/xlat_tables_arch.o
                0x0000000070099710                setup_mmu_cfg
 .text.mmap_add_region
                0x00000000700997a4       0x28 ../../../../project/realtek_amebaD2_va0_example/GCC-RELEASE/project_ap/asdk/build/atf/bl32/xlat_tables_context.o
                0x00000000700997a4                mmap_add_region
 .text.mmap_add
                0x00000000700997cc        0xc ../../../../project/realtek_amebaD2_va0_example/GCC-RELEASE/project_ap/asdk/build/atf/bl32/xlat_tables_context.o
                0x00000000700997cc                mmap_add
 .text.init_xlat_tables
                0x00000000700997d8       0x30 ../../../../project/realtek_amebaD2_va0_example/GCC-RELEASE/project_ap/asdk/build/atf/bl32/xlat_tables_context.o
                0x00000000700997d8                init_xlat_tables
 .text.enable_mmu_svc_mon
                0x0000000070099808       0x34 ../../../../project/realtek_amebaD2_va0_example/GCC-RELEASE/project_ap/asdk/build/atf/bl32/xlat_tables_context.o
                0x0000000070099808                enable_mmu_svc_mon
 .text.xlat_clean_dcache_range
                0x000000007009983c       0x1a ../../../../project/realtek_amebaD2_va0_example/GCC-RELEASE/project_ap/asdk/build/atf/bl32/xlat_tables_core.o
 .text.xlat_desc
                0x0000000070099856       0xae ../../../../project/realtek_amebaD2_va0_example/GCC-RELEASE/project_ap/asdk/build/atf/bl32/xlat_tables_core.o
                0x0000000070099856                xlat_desc
 .text.xlat_tables_map_region
                0x0000000070099904      0x16a ../../../../project/realtek_amebaD2_va0_example/GCC-RELEASE/project_ap/asdk/build/atf/bl32/xlat_tables_core.o
 *fill*         0x0000000070099a6e        0x2 
 .text.mmap_add_region_ctx
                0x0000000070099a70      0x1e4 ../../../../project/realtek_amebaD2_va0_example/GCC-RELEASE/project_ap/asdk/build/atf/bl32/xlat_tables_core.o
                0x0000000070099a70                mmap_add_region_ctx
 .text.mmap_add_ctx
                0x0000000070099c54       0x18 ../../../../project/realtek_amebaD2_va0_example/GCC-RELEASE/project_ap/asdk/build/atf/bl32/xlat_tables_core.o
                0x0000000070099c54                mmap_add_ctx
 .text.init_xlat_tables_ctx
                0x0000000070099c6c      0x108 ../../../../project/realtek_amebaD2_va0_example/GCC-RELEASE/project_ap/asdk/build/atf/bl32/xlat_tables_core.o
                0x0000000070099c6c                init_xlat_tables_ctx
 .text.xlat_mmap_print
                0x0000000070099d74        0x2 ../../../../project/realtek_amebaD2_va0_example/GCC-RELEASE/project_ap/asdk/build/atf/bl32/xlat_tables_utils.o
                0x0000000070099d74                xlat_mmap_print
 .text.xlat_tables_print
                0x0000000070099d76        0x2 ../../../../project/realtek_amebaD2_va0_example/GCC-RELEASE/project_ap/asdk/build/atf/bl32/xlat_tables_utils.o
                0x0000000070099d76                xlat_tables_print
 .text.asm.aem_generic_core_pwr_dwn
                0x0000000070099d78       0x24 ../../../../project/realtek_amebaD2_va0_example/GCC-RELEASE/project_ap/asdk/build/atf/bl32/aem_generic.o
 .text.asm.aem_generic_cluster_pwr_dwn
                0x0000000070099d9c       0x24 ../../../../project/realtek_amebaD2_va0_example/GCC-RELEASE/project_ap/asdk/build/atf/bl32/aem_generic.o
 .text.asm.aem_generic_errata_report
                0x0000000070099dc0        0x4 ../../../../project/realtek_amebaD2_va0_example/GCC-RELEASE/project_ap/asdk/build/atf/bl32/aem_generic.o
 .text.asm.cortex_a32_disable_smp
                0x0000000070099dc4       0x18 ../../../../project/realtek_amebaD2_va0_example/GCC-RELEASE/project_ap/asdk/build/atf/bl32/cortex_a32.o
 .text.asm.cortex_a32_reset_func
                0x0000000070099ddc       0x14 ../../../../project/realtek_amebaD2_va0_example/GCC-RELEASE/project_ap/asdk/build/atf/bl32/cortex_a32.o
 .text.asm.cortex_a32_core_pwr_dwn
                0x0000000070099df0       0x30 ../../../../project/realtek_amebaD2_va0_example/GCC-RELEASE/project_ap/asdk/build/atf/bl32/cortex_a32.o
 .text.asm.cortex_a32_cluster_pwr_dwn
                0x0000000070099e20       0x3c ../../../../project/realtek_amebaD2_va0_example/GCC-RELEASE/project_ap/asdk/build/atf/bl32/cortex_a32.o
 .text.asm.cortex_a32_errata_report
                0x0000000070099e5c        0x4 ../../../../project/realtek_amebaD2_va0_example/GCC-RELEASE/project_ap/asdk/build/atf/bl32/cortex_a32.o
 .text.asm.cortex_a7_disable_smp
                0x0000000070099e60       0x18 ../../../../project/realtek_amebaD2_va0_example/GCC-RELEASE/project_ap/asdk/build/atf/bl32/cortex_a7.o
 .text.asm.cortex_a7_enable_smp
                0x0000000070099e78       0x14 ../../../../project/realtek_amebaD2_va0_example/GCC-RELEASE/project_ap/asdk/build/atf/bl32/cortex_a7.o
 .text.asm.cortex_a7_reset_func
                0x0000000070099e8c        0x4 ../../../../project/realtek_amebaD2_va0_example/GCC-RELEASE/project_ap/asdk/build/atf/bl32/cortex_a7.o
 .text.asm.cortex_a7_core_pwr_dwn
                0x0000000070099e90       0x30 ../../../../project/realtek_amebaD2_va0_example/GCC-RELEASE/project_ap/asdk/build/atf/bl32/cortex_a7.o
 .text.asm.cortex_a7_cluster_pwr_dwn
                0x0000000070099ec0       0x34 ../../../../project/realtek_amebaD2_va0_example/GCC-RELEASE/project_ap/asdk/build/atf/bl32/cortex_a7.o
 .text.asm.cortex_a7_errata_report
                0x0000000070099ef4        0x4 ../../../../project/realtek_amebaD2_va0_example/GCC-RELEASE/project_ap/asdk/build/atf/bl32/cortex_a7.o
 .text.asm.reset_handler
                0x0000000070099ef8       0x38 ../../../../project/realtek_amebaD2_va0_example/GCC-RELEASE/project_ap/asdk/build/atf/bl32/cpu_helpers.o
                0x0000000070099ef8                reset_handler
 .text.asm.prepare_cpu_pwr_dwn
                0x0000000070099f30       0x44 ../../../../project/realtek_amebaD2_va0_example/GCC-RELEASE/project_ap/asdk/build/atf/bl32/cpu_helpers.o
                0x0000000070099f30                prepare_cpu_pwr_dwn
 .text.asm.init_cpu_ops
                0x0000000070099f74       0x3c ../../../../project/realtek_amebaD2_va0_example/GCC-RELEASE/project_ap/asdk/build/atf/bl32/cpu_helpers.o
                0x0000000070099f74                init_cpu_ops
 .text.asm.get_cpu_ops_ptr
                0x0000000070099fb0       0x44 ../../../../project/realtek_amebaD2_va0_example/GCC-RELEASE/project_ap/asdk/build/atf/bl32/cpu_helpers.o
                0x0000000070099fb0                get_cpu_ops_ptr
 .text.asm.print_errata_status
                0x0000000070099ff4       0x34 ../../../../project/realtek_amebaD2_va0_example/GCC-RELEASE/project_ap/asdk/build/atf/bl32/cpu_helpers.o
                0x0000000070099ff4                print_errata_status
 .text.asm._cpu_data
                0x000000007009a028       0x10 ../../../../project/realtek_amebaD2_va0_example/GCC-RELEASE/project_ap/asdk/build/atf/bl32/cpu_data.o
                0x000000007009a028                _cpu_data
 .text.asm._cpu_data_by_index
                0x000000007009a038       0x18 ../../../../project/realtek_amebaD2_va0_example/GCC-RELEASE/project_ap/asdk/build/atf/bl32/cpu_data.o
                0x000000007009a038                _cpu_data_by_index
 .text.asm.spin_lock
                0x000000007009a050       0x24 ../../../../project/realtek_amebaD2_va0_example/GCC-RELEASE/project_ap/asdk/build/atf/bl32/spinlock.o
                0x000000007009a050                spin_lock
 .text.asm.spin_unlock
                0x000000007009a074        0xc ../../../../project/realtek_amebaD2_va0_example/GCC-RELEASE/project_ap/asdk/build/atf/bl32/spinlock.o
                0x000000007009a074                spin_unlock
 .text.asm.psci_do_pwrdown_cache_maintenance
                0x000000007009a080       0x18 ../../../../project/realtek_amebaD2_va0_example/GCC-RELEASE/project_ap/asdk/build/atf/bl32/psci_helpers.o
                0x000000007009a080                psci_do_pwrdown_cache_maintenance
 .text.asm.psci_do_pwrup_cache_maintenance
                0x000000007009a098       0x30 ../../../../project/realtek_amebaD2_va0_example/GCC-RELEASE/project_ap/asdk/build/atf/bl32/psci_helpers.o
                0x000000007009a098                psci_do_pwrup_cache_maintenance
 .text.asm.do_stack_maintenance
                0x000000007009a0c8       0x3c ../../../../project/realtek_amebaD2_va0_example/GCC-RELEASE/project_ap/asdk/build/atf/bl32/psci_helpers.o
 .text.asm.psci_power_down_wfi
                0x000000007009a104       0x10 ../../../../project/realtek_amebaD2_va0_example/GCC-RELEASE/project_ap/asdk/build/atf/bl32/psci_helpers.o
                0x000000007009a104                psci_power_down_wfi
 .text.asm.plat_get_my_stack
                0x000000007009a114       0x1c ../../../../project/realtek_amebaD2_va0_example/GCC-RELEASE/project_ap/asdk/build/atf/bl32/platform_mp_stack.o
                0x000000007009a114                plat_get_my_stack
 .text.asm.plat_set_my_stack
                0x000000007009a130       0x20 ../../../../project/realtek_amebaD2_va0_example/GCC-RELEASE/project_ap/asdk/build/atf/bl32/platform_mp_stack.o
                0x000000007009a130                plat_set_my_stack
 .text.asm.do_panic
                0x000000007009a150       0x4c ../../../../project/realtek_amebaD2_va0_example/GCC-RELEASE/project_ap/asdk/build/atf/bl32/debug.o
                0x000000007009a150                do_panic
 .text.asm.report_prefetch_abort
                0x000000007009a19c       0x20 ../../../../project/realtek_amebaD2_va0_example/GCC-RELEASE/project_ap/asdk/build/atf/bl32/debug.o
                0x000000007009a19c                report_prefetch_abort
 .text.asm.report_data_abort
                0x000000007009a1bc       0x20 ../../../../project/realtek_amebaD2_va0_example/GCC-RELEASE/project_ap/asdk/build/atf/bl32/debug.o
                0x000000007009a1bc                report_data_abort
 .text.asm.asm_assert
                0x000000007009a1dc       0x8c ../../../../project/realtek_amebaD2_va0_example/GCC-RELEASE/project_ap/asdk/build/atf/bl32/debug.o
                0x000000007009a1dc                asm_assert
 .text.asm.asm_print_str
                0x000000007009a268       0x1c ../../../../project/realtek_amebaD2_va0_example/GCC-RELEASE/project_ap/asdk/build/atf/bl32/debug.o
                0x000000007009a268                asm_print_str
 .text.asm.asm_print_hex
                0x000000007009a284       0x34 ../../../../project/realtek_amebaD2_va0_example/GCC-RELEASE/project_ap/asdk/build/atf/bl32/debug.o
                0x000000007009a284                asm_print_hex
 .text.asm.flush_dcache_range
                0x000000007009a2b8       0x3c ../../../../project/realtek_amebaD2_va0_example/GCC-RELEASE/project_ap/asdk/build/atf/bl32/cache_helpers.o
                0x000000007009a2b8                flush_dcache_range
 .text.asm.clean_dcache_range
                0x000000007009a2f4       0x3c ../../../../project/realtek_amebaD2_va0_example/GCC-RELEASE/project_ap/asdk/build/atf/bl32/cache_helpers.o
                0x000000007009a2f4                clean_dcache_range
 .text.asm.inv_dcache_range
                0x000000007009a330       0x3c ../../../../project/realtek_amebaD2_va0_example/GCC-RELEASE/project_ap/asdk/build/atf/bl32/cache_helpers.o
                0x000000007009a330                inv_dcache_range
 .text.asm.do_dcsw_op
                0x000000007009a36c       0x9c ../../../../project/realtek_amebaD2_va0_example/GCC-RELEASE/project_ap/asdk/build/atf/bl32/cache_helpers.o
 .text.asm.dcsw_op_louis
                0x000000007009a408       0x14 ../../../../project/realtek_amebaD2_va0_example/GCC-RELEASE/project_ap/asdk/build/atf/bl32/cache_helpers.o
                0x000000007009a408                dcsw_op_louis
 .text.asm.dcsw_op_all
                0x000000007009a41c       0x14 ../../../../project/realtek_amebaD2_va0_example/GCC-RELEASE/project_ap/asdk/build/atf/bl32/cache_helpers.o
                0x000000007009a41c                dcsw_op_all
 .text.asm.dcsw_op_level1
                0x000000007009a430       0x10 ../../../../project/realtek_amebaD2_va0_example/GCC-RELEASE/project_ap/asdk/build/atf/bl32/cache_helpers.o
                0x000000007009a430                dcsw_op_level1
 .text.asm.dcsw_op_level2
                0x000000007009a440       0x10 ../../../../project/realtek_amebaD2_va0_example/GCC-RELEASE/project_ap/asdk/build/atf/bl32/cache_helpers.o
                0x000000007009a440                dcsw_op_level2
 .text.asm.zeromem
                0x000000007009a450       0x64 ../../../../project/realtek_amebaD2_va0_example/GCC-RELEASE/project_ap/asdk/build/atf/bl32/misc_helpers.o
                0x000000007009a450                zeromem
                0x000000007009a450                zero_normalmem
 .text.asm.plat_reset_handler
                0x000000007009a4b4        0x4 ../../../../project/realtek_amebaD2_va0_example/GCC-RELEASE/project_ap/asdk/build/atf/bl32/platform_helpers.o
                0x000000007009a4b4                plat_reset_handler
 .text.asm.plat_disable_acp
                0x000000007009a4b8        0x4 ../../../../project/realtek_amebaD2_va0_example/GCC-RELEASE/project_ap/asdk/build/atf/bl32/platform_helpers.o
                0x000000007009a4b8                plat_disable_acp
 .text          0x000000007009a4bc       0x24 ../../../../project/realtek_amebaD2_va0_example/GCC-RELEASE/project_ap/asdk/build/atf/bl32/aeabi_uldivmod.o
                0x000000007009a4bc                __aeabi_uldivmod
 .text.asm.plat_my_core_pos
                0x000000007009a4e0        0x8 ../../../../project/realtek_amebaD2_va0_example/GCC-RELEASE/project_ap/asdk/build/atf/bl32/plat_helpers.o
                0x000000007009a4e0                plat_my_core_pos
 .text.asm.plat_report_exception
                0x000000007009a4e8       0x64 ../../../../project/realtek_amebaD2_va0_example/GCC-RELEASE/project_ap/asdk/build/atf/bl32/plat_helpers.o
                0x000000007009a4e8                plat_report_exception
 .text.asm.plat_report_prefetch_abort
                0x000000007009a54c       0x58 ../../../../project/realtek_amebaD2_va0_example/GCC-RELEASE/project_ap/asdk/build/atf/bl32/plat_helpers.o
                0x000000007009a54c                plat_report_prefetch_abort
 .text.asm.plat_report_data_abort
                0x000000007009a5a4       0x58 ../../../../project/realtek_amebaD2_va0_example/GCC-RELEASE/project_ap/asdk/build/atf/bl32/plat_helpers.o
                0x000000007009a5a4                plat_report_data_abort
 .text.asm.plat_sheipa_calc_core_pos
                0x000000007009a5fc       0x10 ../../../../project/realtek_amebaD2_va0_example/GCC-RELEASE/project_ap/asdk/build/atf/bl32/plat_helpers.o
                0x000000007009a5fc                plat_sheipa_calc_core_pos
 .text.asm.plat_crash_console_init
                0x000000007009a60c       0x1c ../../../../project/realtek_amebaD2_va0_example/GCC-RELEASE/project_ap/asdk/build/atf/bl32/plat_helpers.o
                0x000000007009a60c                plat_crash_console_init
 .text.asm.plat_crash_console_putc
                0x000000007009a628        0xc ../../../../project/realtek_amebaD2_va0_example/GCC-RELEASE/project_ap/asdk/build/atf/bl32/plat_helpers.o
                0x000000007009a628                plat_crash_console_putc
 .text.asm.plat_crash_console_flush
                0x000000007009a634        0xc ../../../../project/realtek_amebaD2_va0_example/GCC-RELEASE/project_ap/asdk/build/atf/bl32/plat_helpers.o
                0x000000007009a634                plat_crash_console_flush
 .text.asm.ameba_software_reset
                0x000000007009a640       0x34 ../../../../project/realtek_amebaD2_va0_example/GCC-RELEASE/project_ap/asdk/build/atf/bl32/plat_helpers.o
                0x000000007009a640                ameba_software_reset
 .text.asm.plat_panic_handler
                0x000000007009a674       0x34 ../../../../project/realtek_amebaD2_va0_example/GCC-RELEASE/project_ap/asdk/build/atf/bl32/plat_helpers.o
                0x000000007009a674                plat_panic_handler
 .text.asm.console_core_init
                0x000000007009a6a8       0x34 ../../../../project/realtek_amebaD2_va0_example/GCC-RELEASE/project_ap/asdk/build/atf/bl32/sheipa_console.o
                0x000000007009a6a8                console_core_init
 .text.asm.console_core_register
                0x000000007009a6dc       0x5c ../../../../project/realtek_amebaD2_va0_example/GCC-RELEASE/project_ap/asdk/build/atf/bl32/sheipa_console.o
                0x000000007009a6dc                console_core_register
 .text.asm.console_core_putc
                0x000000007009a738       0x20 ../../../../project/realtek_amebaD2_va0_example/GCC-RELEASE/project_ap/asdk/build/atf/bl32/sheipa_console.o
                0x000000007009a738                console_core_putc
 .text.asm.console_ameba_core_putc
                0x000000007009a758       0x40 ../../../../project/realtek_amebaD2_va0_example/GCC-RELEASE/project_ap/asdk/build/atf/bl32/sheipa_console.o
                0x000000007009a758                console_ameba_core_putc
 .text.asm.console_core_getc
                0x000000007009a798       0x30 ../../../../project/realtek_amebaD2_va0_example/GCC-RELEASE/project_ap/asdk/build/atf/bl32/sheipa_console.o
                0x000000007009a798                console_core_getc
 .text.asm.console_core_flush
                0x000000007009a7c8        0x8 ../../../../project/realtek_amebaD2_va0_example/GCC-RELEASE/project_ap/asdk/build/atf/bl32/sheipa_console.o
                0x000000007009a7c8                console_core_flush
 .text.asm.enable_mmu_direct_svc_mon
                0x000000007009a7d0       0x80 ../../../../project/realtek_amebaD2_va0_example/GCC-RELEASE/project_ap/asdk/build/atf/bl32/enable_mmu.o
                0x000000007009a7d0                enable_mmu_direct_svc_mon
 .text.hal_rand
                0x000000007009a850       0x18 ../../../../project/realtek_amebaD2_va0_example/GCC-RELEASE/project_ap/asdk/lib/application/libca32_se.a(rtl_se_crypto_function.o)
 .text.rtl_dhm_set_group
                0x000000007009a868       0x54 ../../../../project/realtek_amebaD2_va0_example/GCC-RELEASE/project_ap/asdk/lib/application/libca32_se.a(rtl_se_crypto_function.o)
 .text.print_data_buff
                0x000000007009a8bc        0x4 ../../../../project/realtek_amebaD2_va0_example/GCC-RELEASE/project_ap/asdk/lib/application/libca32_se.a(rtl_se_crypto_function.o)
                0x000000007009a8bc                print_data_buff
 .text.wrap_ameba_hal_deinit
                0x000000007009a8c0       0xec ../../../../project/realtek_amebaD2_va0_example/GCC-RELEASE/project_ap/asdk/lib/application/libca32_se.a(rtl_se_crypto_function.o)
                0x000000007009a8c0                wrap_ameba_hal_deinit
 .text.wrap_ameba_hal_get_status
                0x000000007009a9ac       0x10 ../../../../project/realtek_amebaD2_va0_example/GCC-RELEASE/project_ap/asdk/lib/application/libca32_se.a(rtl_se_crypto_function.o)
                0x000000007009a9ac                wrap_ameba_hal_get_status
 .text.wrap_ameba_hal_set_key
                0x000000007009a9bc      0x3cc ../../../../project/realtek_amebaD2_va0_example/GCC-RELEASE/project_ap/asdk/lib/application/libca32_se.a(rtl_se_crypto_function.o)
                0x000000007009a9bc                wrap_ameba_hal_set_key
 .text.wrap_ameba_hal_get_key
                0x000000007009ad88      0x220 ../../../../project/realtek_amebaD2_va0_example/GCC-RELEASE/project_ap/asdk/lib/application/libca32_se.a(rtl_se_crypto_function.o)
                0x000000007009ad88                wrap_ameba_hal_get_key
 .text.wrap_ameba_hal_remove_key
                0x000000007009afa8      0x168 ../../../../project/realtek_amebaD2_va0_example/GCC-RELEASE/project_ap/asdk/lib/application/libca32_se.a(rtl_se_crypto_function.o)
                0x000000007009afa8                wrap_ameba_hal_remove_key
 .text.wrap_ameba_hal_generate_key
                0x000000007009b110      0x57c ../../../../project/realtek_amebaD2_va0_example/GCC-RELEASE/project_ap/asdk/lib/application/libca32_se.a(rtl_se_crypto_function.o)
                0x000000007009b110                wrap_ameba_hal_generate_key
 .text.wrap_ameba_hal_generate_random
                0x000000007009b68c       0x5c ../../../../project/realtek_amebaD2_va0_example/GCC-RELEASE/project_ap/asdk/lib/application/libca32_se.a(rtl_se_crypto_function.o)
                0x000000007009b68c                wrap_ameba_hal_generate_random
 .text.wrap_ameba_hal_get_hash
                0x000000007009b6e8      0x12c ../../../../project/realtek_amebaD2_va0_example/GCC-RELEASE/project_ap/asdk/lib/application/libca32_se.a(rtl_se_crypto_function.o)
                0x000000007009b6e8                wrap_ameba_hal_get_hash
 .text.wrap_ameba_hal_get_hmac
                0x000000007009b814       0x1c ../../../../project/realtek_amebaD2_va0_example/GCC-RELEASE/project_ap/asdk/lib/application/libca32_se.a(rtl_se_crypto_function.o)
                0x000000007009b814                wrap_ameba_hal_get_hmac
 .text.wrap_ameba_hal_rsa_sign_md
                0x000000007009b830      0x178 ../../../../project/realtek_amebaD2_va0_example/GCC-RELEASE/project_ap/asdk/lib/application/libca32_se.a(rtl_se_crypto_function.o)
                0x000000007009b830                wrap_ameba_hal_rsa_sign_md
 .text.wrap_ameba_hal_rsa_verify_md
                0x000000007009b9a8      0x120 ../../../../project/realtek_amebaD2_va0_example/GCC-RELEASE/project_ap/asdk/lib/application/libca32_se.a(rtl_se_crypto_function.o)
                0x000000007009b9a8                wrap_ameba_hal_rsa_verify_md
 .text.wrap_ameba_hal_ecdsa_sign_md
                0x000000007009bac8      0x204 ../../../../project/realtek_amebaD2_va0_example/GCC-RELEASE/project_ap/asdk/lib/application/libca32_se.a(rtl_se_crypto_function.o)
                0x000000007009bac8                wrap_ameba_hal_ecdsa_sign_md
 .text.wrap_ameba_hal_ecdsa_verify_md
                0x000000007009bccc       0xd4 ../../../../project/realtek_amebaD2_va0_example/GCC-RELEASE/project_ap/asdk/lib/application/libca32_se.a(rtl_se_crypto_function.o)
                0x000000007009bccc                wrap_ameba_hal_ecdsa_verify_md
 .text.wrap_ameba_hal_dh_generate_param
                0x000000007009bda0      0x234 ../../../../project/realtek_amebaD2_va0_example/GCC-RELEASE/project_ap/asdk/lib/application/libca32_se.a(rtl_se_crypto_function.o)
                0x000000007009bda0                wrap_ameba_hal_dh_generate_param
 .text.wrap_ameba_hal_dh_compute_shared_secret
                0x000000007009bfd4      0x1f0 ../../../../project/realtek_amebaD2_va0_example/GCC-RELEASE/project_ap/asdk/lib/application/libca32_se.a(rtl_se_crypto_function.o)
                0x000000007009bfd4                wrap_ameba_hal_dh_compute_shared_secret
 .text.wrap_ameba_hal_ecdh_compute_shared_secret
                0x000000007009c1c4      0x1a0 ../../../../project/realtek_amebaD2_va0_example/GCC-RELEASE/project_ap/asdk/lib/application/libca32_se.a(rtl_se_crypto_function.o)
                0x000000007009c1c4                wrap_ameba_hal_ecdh_compute_shared_secret
 .text.wrap_ameba_hal_set_certificate
                0x000000007009c364       0xac ../../../../project/realtek_amebaD2_va0_example/GCC-RELEASE/project_ap/asdk/lib/application/libca32_se.a(rtl_se_crypto_function.o)
                0x000000007009c364                wrap_ameba_hal_set_certificate
 .text.wrap_ameba_hal_init
                0x000000007009c410      0x3a8 ../../../../project/realtek_amebaD2_va0_example/GCC-RELEASE/project_ap/asdk/lib/application/libca32_se.a(rtl_se_crypto_function.o)
                0x000000007009c410                wrap_ameba_hal_init
 .text.wrap_ameba_hal_get_certificate
                0x000000007009c7b8       0x90 ../../../../project/realtek_amebaD2_va0_example/GCC-RELEASE/project_ap/asdk/lib/application/libca32_se.a(rtl_se_crypto_function.o)
                0x000000007009c7b8                wrap_ameba_hal_get_certificate
 .text.wrap_ameba_hal_remove_certificate
                0x000000007009c848       0x78 ../../../../project/realtek_amebaD2_va0_example/GCC-RELEASE/project_ap/asdk/lib/application/libca32_se.a(rtl_se_crypto_function.o)
                0x000000007009c848                wrap_ameba_hal_remove_certificate
 .text.wrap_ameba_hal_get_factory_key
                0x000000007009c8c0       0x44 ../../../../project/realtek_amebaD2_va0_example/GCC-RELEASE/project_ap/asdk/lib/application/libca32_se.a(rtl_se_crypto_function.o)
                0x000000007009c8c0                wrap_ameba_hal_get_factory_key
 .text.wrap_ameba_hal_get_factory_cert
                0x000000007009c904       0x44 ../../../../project/realtek_amebaD2_va0_example/GCC-RELEASE/project_ap/asdk/lib/application/libca32_se.a(rtl_se_crypto_function.o)
                0x000000007009c904                wrap_ameba_hal_get_factory_cert
 .text.wrap_ameba_hal_get_factory_data
                0x000000007009c948        0x8 ../../../../project/realtek_amebaD2_va0_example/GCC-RELEASE/project_ap/asdk/lib/application/libca32_se.a(rtl_se_crypto_function.o)
                0x000000007009c948                wrap_ameba_hal_get_factory_data
 .text.wrap_ameba_hal_aes_encrypt
                0x000000007009c950      0x2d4 ../../../../project/realtek_amebaD2_va0_example/GCC-RELEASE/project_ap/asdk/lib/application/libca32_se.a(rtl_se_crypto_function.o)
                0x000000007009c950                wrap_ameba_hal_aes_encrypt
 .text.wrap_ameba_hal_aes_decrypt
                0x000000007009cc24      0x2d8 ../../../../project/realtek_amebaD2_va0_example/GCC-RELEASE/project_ap/asdk/lib/application/libca32_se.a(rtl_se_crypto_function.o)
                0x000000007009cc24                wrap_ameba_hal_aes_decrypt
 .text.wrap_ameba_hal_rsa_encrypt
                0x000000007009cefc      0x170 ../../../../project/realtek_amebaD2_va0_example/GCC-RELEASE/project_ap/asdk/lib/application/libca32_se.a(rtl_se_crypto_function.o)
                0x000000007009cefc                wrap_ameba_hal_rsa_encrypt
 .text.wrap_ameba_hal_rsa_decrypt
                0x000000007009d06c      0x17c ../../../../project/realtek_amebaD2_va0_example/GCC-RELEASE/project_ap/asdk/lib/application/libca32_se.a(rtl_se_crypto_function.o)
                0x000000007009d06c                wrap_ameba_hal_rsa_decrypt
 .text.wrap_ameba_hal_gcm_encrypt
                0x000000007009d1e8      0x1b8 ../../../../project/realtek_amebaD2_va0_example/GCC-RELEASE/project_ap/asdk/lib/application/libca32_se.a(rtl_se_crypto_function.o)
                0x000000007009d1e8                wrap_ameba_hal_gcm_encrypt
 .text.wrap_ameba_hal_gcm_decrypt
                0x000000007009d3a0      0x1a4 ../../../../project/realtek_amebaD2_va0_example/GCC-RELEASE/project_ap/asdk/lib/application/libca32_se.a(rtl_se_crypto_function.o)
                0x000000007009d3a0                wrap_ameba_hal_gcm_decrypt
 .text.wrap_ameba_hal_write_storage
                0x000000007009d544       0x20 ../../../../project/realtek_amebaD2_va0_example/GCC-RELEASE/project_ap/asdk/lib/application/libca32_se.a(rtl_se_crypto_function.o)
                0x000000007009d544                wrap_ameba_hal_write_storage
 .text.wrap_ameba_hal_read_storage
                0x000000007009d564       0x20 ../../../../project/realtek_amebaD2_va0_example/GCC-RELEASE/project_ap/asdk/lib/application/libca32_se.a(rtl_se_crypto_function.o)
                0x000000007009d564                wrap_ameba_hal_read_storage
 .text.wrap_ameba_hal_delete_storage
                0x000000007009d584       0x2c ../../../../project/realtek_amebaD2_va0_example/GCC-RELEASE/project_ap/asdk/lib/application/libca32_se.a(rtl_se_crypto_function.o)
                0x000000007009d584                wrap_ameba_hal_delete_storage
 .text.wrap_ameba_hal_write_factory_key
                0x000000007009d5b0       0x30 ../../../../project/realtek_amebaD2_va0_example/GCC-RELEASE/project_ap/asdk/lib/application/libca32_se.a(rtl_se_crypto_function.o)
                0x000000007009d5b0                wrap_ameba_hal_write_factory_key
 .text.wrap_ameba_hal_write_factory_cert
                0x000000007009d5e0       0x30 ../../../../project/realtek_amebaD2_va0_example/GCC-RELEASE/project_ap/asdk/lib/application/libca32_se.a(rtl_se_crypto_function.o)
                0x000000007009d5e0                wrap_ameba_hal_write_factory_cert
 .text.pk_use_ecparams
                0x000000007009d610      0x4c0 ../../../../project/realtek_amebaD2_va0_example/GCC-RELEASE/project_ap/asdk/lib/application/libca32_se.a(rtl_se_ECKeyParse_function.o)
 .text.pk_parse_key_sec1_der
                0x000000007009dad0      0x2a4 ../../../../project/realtek_amebaD2_va0_example/GCC-RELEASE/project_ap/asdk/lib/application/libca32_se.a(rtl_se_ECKeyParse_function.o)
                0x000000007009dad0                pk_parse_key_sec1_der
 .text.pk_parse_subpubkey
                0x000000007009dd74      0x284 ../../../../project/realtek_amebaD2_va0_example/GCC-RELEASE/project_ap/asdk/lib/application/libca32_se.a(rtl_se_ECKeyParse_function.o)
                0x000000007009dd74                pk_parse_subpubkey
 .text.rtl_ss_read_flash
                0x000000007009dff8       0x7c ../../../../project/realtek_amebaD2_va0_example/GCC-RELEASE/project_ap/asdk/lib/application/libca32_se.a(rtl_se_hal_function.o)
 .text.hal_se_atoi
                0x000000007009e074       0x68 ../../../../project/realtek_amebaD2_va0_example/GCC-RELEASE/project_ap/asdk/lib/application/libca32_se.a(rtl_se_hal_function.o)
 .text.hal_se_writeptotect
                0x000000007009e0dc       0xec ../../../../project/realtek_amebaD2_va0_example/GCC-RELEASE/project_ap/asdk/lib/application/libca32_se.a(rtl_se_hal_function.o)
 .text.hal_se_itoa.constprop.0.isra.0
                0x000000007009e1c8       0xa8 ../../../../project/realtek_amebaD2_va0_example/GCC-RELEASE/project_ap/asdk/lib/application/libca32_se.a(rtl_se_hal_function.o)
 .text.rtl_ss_erase_flash
                0x000000007009e270       0x9c ../../../../project/realtek_amebaD2_va0_example/GCC-RELEASE/project_ap/asdk/lib/application/libca32_se.a(rtl_se_hal_function.o)
 .text.rtl_se_set_ns_func
                0x000000007009e30c       0x28 ../../../../project/realtek_amebaD2_va0_example/GCC-RELEASE/project_ap/asdk/lib/application/libca32_se.a(rtl_se_hal_function.o)
                0x000000007009e30c                rtl_se_set_ns_func
 .text.rtl_get_random_bytes
                0x000000007009e334       0x40 ../../../../project/realtek_amebaD2_va0_example/GCC-RELEASE/project_ap/asdk/lib/application/libca32_se.a(rtl_se_hal_function.o)
                0x000000007009e334                rtl_get_random_bytes
 .text.rtl_set_base_addrs
                0x000000007009e374       0x48 ../../../../project/realtek_amebaD2_va0_example/GCC-RELEASE/project_ap/asdk/lib/application/libca32_se.a(rtl_se_hal_function.o)
                0x000000007009e374                rtl_set_base_addrs
 .text.wrap_ameba_hal_write_protect
                0x000000007009e3bc       0x48 ../../../../project/realtek_amebaD2_va0_example/GCC-RELEASE/project_ap/asdk/lib/application/libca32_se.a(rtl_se_hal_function.o)
                0x000000007009e3bc                wrap_ameba_hal_write_protect
 .text.rtl_ReadEfuse
                0x000000007009e404       0xa0 ../../../../project/realtek_amebaD2_va0_example/GCC-RELEASE/project_ap/asdk/lib/application/libca32_se.a(rtl_se_hal_function.o)
                0x000000007009e404                rtl_ReadEfuse
 .text.rtl_cryptoEngine_init_wrapper
                0x000000007009e4a4       0xa4 ../../../../project/realtek_amebaD2_va0_example/GCC-RELEASE/project_ap/asdk/lib/application/libca32_se.a(rtl_se_hal_function.o)
                0x000000007009e4a4                rtl_cryptoEngine_init_wrapper
 .text.rtl_cryptoAES_ecb_wrapper
                0x000000007009e548       0xbc ../../../../project/realtek_amebaD2_va0_example/GCC-RELEASE/project_ap/asdk/lib/application/libca32_se.a(rtl_se_hal_function.o)
                0x000000007009e548                rtl_cryptoAES_ecb_wrapper
 .text.rtl_cryptoAES_cbc_wrapper
                0x000000007009e604      0x164 ../../../../project/realtek_amebaD2_va0_example/GCC-RELEASE/project_ap/asdk/lib/application/libca32_se.a(rtl_se_hal_function.o)
                0x000000007009e604                rtl_cryptoAES_cbc_wrapper
 .text.rtl_cryptoAES_ctr_wrapper
                0x000000007009e768      0x160 ../../../../project/realtek_amebaD2_va0_example/GCC-RELEASE/project_ap/asdk/lib/application/libca32_se.a(rtl_se_hal_function.o)
                0x000000007009e768                rtl_cryptoAES_ctr_wrapper
 .text.rtl_cryptoAES_cfb128_wrapper
                0x000000007009e8c8      0x134 ../../../../project/realtek_amebaD2_va0_example/GCC-RELEASE/project_ap/asdk/lib/application/libca32_se.a(rtl_se_hal_function.o)
                0x000000007009e8c8                rtl_cryptoAES_cfb128_wrapper
 .text.rtl_cryptoAES_gcm_wrapper
                0x000000007009e9fc      0x1c4 ../../../../project/realtek_amebaD2_va0_example/GCC-RELEASE/project_ap/asdk/lib/application/libca32_se.a(rtl_se_hal_function.o)
                0x000000007009e9fc                rtl_cryptoAES_gcm_wrapper
 .text.rtl_write_encryp_factory_key_cert
                0x000000007009ebc0      0x248 ../../../../project/realtek_amebaD2_va0_example/GCC-RELEASE/project_ap/asdk/lib/application/libca32_se.a(rtl_se_hal_function.o)
                0x000000007009ebc0                rtl_write_encryp_factory_key_cert
 .text.rtl_write_factory_cert_wrapper
                0x000000007009ee08       0x14 ../../../../project/realtek_amebaD2_va0_example/GCC-RELEASE/project_ap/asdk/lib/application/libca32_se.a(rtl_se_hal_function.o)
                0x000000007009ee08                rtl_write_factory_cert_wrapper
 .text.rtl_write_factory_key_wrapper
                0x000000007009ee1c       0x14 ../../../../project/realtek_amebaD2_va0_example/GCC-RELEASE/project_ap/asdk/lib/application/libca32_se.a(rtl_se_hal_function.o)
                0x000000007009ee1c                rtl_write_factory_key_wrapper
 .text.rtl_read_decryp_factory_key_cert
                0x000000007009ee30      0x194 ../../../../project/realtek_amebaD2_va0_example/GCC-RELEASE/project_ap/asdk/lib/application/libca32_se.a(rtl_se_hal_function.o)
                0x000000007009ee30                rtl_read_decryp_factory_key_cert
 .text.rtl_read_factory_cert_wrapper
                0x000000007009efc4       0x14 ../../../../project/realtek_amebaD2_va0_example/GCC-RELEASE/project_ap/asdk/lib/application/libca32_se.a(rtl_se_hal_function.o)
                0x000000007009efc4                rtl_read_factory_cert_wrapper
 .text.rtl_read_factory_key_wrapper
                0x000000007009efd8       0x14 ../../../../project/realtek_amebaD2_va0_example/GCC-RELEASE/project_ap/asdk/lib/application/libca32_se.a(rtl_se_hal_function.o)
                0x000000007009efd8                rtl_read_factory_key_wrapper
 .text.rtl_write_storage_wrapper
                0x000000007009efec      0x3f0 ../../../../project/realtek_amebaD2_va0_example/GCC-RELEASE/project_ap/asdk/lib/application/libca32_se.a(rtl_se_hal_function.o)
                0x000000007009efec                rtl_write_storage_wrapper
 .text.rtl_read_storage_wrapper
                0x000000007009f3dc      0x294 ../../../../project/realtek_amebaD2_va0_example/GCC-RELEASE/project_ap/asdk/lib/application/libca32_se.a(rtl_se_hal_function.o)
                0x000000007009f3dc                rtl_read_storage_wrapper
 .text.rtl_slot_info_chk
                0x000000007009f670      0x348 ../../../../project/realtek_amebaD2_va0_example/GCC-RELEASE/project_ap/asdk/lib/application/libca32_se.a(rtl_se_hal_function.o)
 .text.rtl_secure_storage_init_wrapper
                0x000000007009f9b8       0xa8 ../../../../project/realtek_amebaD2_va0_example/GCC-RELEASE/project_ap/asdk/lib/application/libca32_se.a(rtl_se_hal_function.o)
                0x000000007009f9b8                rtl_secure_storage_init_wrapper
 .text.rtl_delete_storage_wrapper
                0x000000007009fa60       0x44 ../../../../project/realtek_amebaD2_va0_example/GCC-RELEASE/project_ap/asdk/lib/application/libca32_se.a(rtl_se_hal_function.o)
                0x000000007009fa60                rtl_delete_storage_wrapper
 .text.data_preprocess_s
                0x000000007009faa4      0x11c ../../../../project/realtek_amebaD2_va0_example/GCC-RELEASE/project_ap/asdk/lib/application/libca32_se.a(rtl_se_hal_function.o)
                0x000000007009faa4                data_preprocess_s
 .text.data_postprocess_s
                0x000000007009fbc0      0x118 ../../../../project/realtek_amebaD2_va0_example/GCC-RELEASE/project_ap/asdk/lib/application/libca32_se.a(rtl_se_hal_function.o)
                0x000000007009fbc0                data_postprocess_s
 .text.wrap_ameba_ftl_secure_init
                0x000000007009fcd8       0x3c ../../../../project/realtek_amebaD2_va0_example/GCC-RELEASE/project_ap/asdk/lib/application/libca32_se.a(rtl_se_hal_function.o)
                0x000000007009fcd8                wrap_ameba_ftl_secure_init
 .text.wrap_ameba_ftl_save_to_storage
                0x000000007009fd14       0x80 ../../../../project/realtek_amebaD2_va0_example/GCC-RELEASE/project_ap/asdk/lib/application/libca32_se.a(rtl_se_hal_function.o)
                0x000000007009fd14                wrap_ameba_ftl_save_to_storage
 .text.wrap_ameba_ftl_load_from_storage
                0x000000007009fd94       0x10 ../../../../project/realtek_amebaD2_va0_example/GCC-RELEASE/project_ap/asdk/lib/application/libca32_se.a(rtl_se_hal_function.o)
                0x000000007009fd94                wrap_ameba_ftl_load_from_storage
 .text.wrap_ameba_hal_SignatureVerify
                0x000000007009fda4       0x80 ../../../../project/realtek_amebaD2_va0_example/GCC-RELEASE/project_ap/asdk/lib/application/libca32_se.a(rtl_se_tizenrt_function.o)
                0x000000007009fda4                wrap_ameba_hal_SignatureVerify
 .text.wrap_SBOOT_Validate_Algorithm
                0x000000007009fe24       0x10 ../../../../project/realtek_amebaD2_va0_example/GCC-RELEASE/project_ap/asdk/lib/application/libca32_se.a(rtl_se_tizenrt_function.o)
                0x000000007009fe24                wrap_SBOOT_Validate_Algorithm
 .text.wrap_SBOOT_Validate_Signature
                0x000000007009fe34       0x38 ../../../../project/realtek_amebaD2_va0_example/GCC-RELEASE/project_ap/asdk/lib/application/libca32_se.a(rtl_se_tizenrt_function.o)
                0x000000007009fe34                wrap_SBOOT_Validate_Signature
 .text.wrap_SBOOT_Validate_ImgHash
                0x000000007009fe6c       0x18 ../../../../project/realtek_amebaD2_va0_example/GCC-RELEASE/project_ap/asdk/lib/application/libca32_se.a(rtl_se_tizenrt_function.o)
                0x000000007009fe6c                wrap_SBOOT_Validate_ImgHash
 .text.wrap_SBOOT_Validate_PubKey
                0x000000007009fe84       0x14 ../../../../project/realtek_amebaD2_va0_example/GCC-RELEASE/project_ap/asdk/lib/application/libca32_se.a(rtl_se_tizenrt_function.o)
                0x000000007009fe84                wrap_SBOOT_Validate_PubKey
 .text.rtl_enable_secure_bit
                0x000000007009fe98       0xe8 ../../../../project/realtek_amebaD2_va0_example/GCC-RELEASE/project_ap/asdk/lib/application/libca32_se.a(rtl_se_tizenrt_function.o)
                0x000000007009fe98                rtl_enable_secure_bit
 .text.rtl_WriteEfuse
                0x000000007009ff80       0xd0 ../../../../project/realtek_amebaD2_va0_example/GCC-RELEASE/project_ap/asdk/lib/application/libca32_se.a(rtl_se_tizenrt_function.o)
                0x000000007009ff80                rtl_WriteEfuse
 .text.wrap_ameba_hal_write_rdp_key
                0x00000000700a0050       0x88 ../../../../project/realtek_amebaD2_va0_example/GCC-RELEASE/project_ap/asdk/lib/application/libca32_se.a(rtl_se_tizenrt_function.o)
                0x00000000700a0050                wrap_ameba_hal_write_rdp_key
 .text.wrap_ameba_hal_write_secureboot_key
                0x00000000700a00d8       0x88 ../../../../project/realtek_amebaD2_va0_example/GCC-RELEASE/project_ap/asdk/lib/application/libca32_se.a(rtl_se_tizenrt_function.o)
                0x00000000700a00d8                wrap_ameba_hal_write_secureboot_key
 .text.wrap_ameba_hal_write_daaes_key
                0x00000000700a0160       0x88 ../../../../project/realtek_amebaD2_va0_example/GCC-RELEASE/project_ap/asdk/lib/application/libca32_se.a(rtl_se_tizenrt_function.o)
                0x00000000700a0160                wrap_ameba_hal_write_daaes_key
 .text.wrap_ameba_hal_read_key
                0x00000000700a01e8       0x38 ../../../../project/realtek_amebaD2_va0_example/GCC-RELEASE/project_ap/asdk/lib/application/libca32_se.a(rtl_se_tizenrt_function.o)
                0x00000000700a01e8                wrap_ameba_hal_read_key
 .text.wrap_ameba_hal_read_en_bit
                0x00000000700a0220       0x68 ../../../../project/realtek_amebaD2_va0_example/GCC-RELEASE/project_ap/asdk/lib/application/libca32_se.a(rtl_se_tizenrt_function.o)
                0x00000000700a0220                wrap_ameba_hal_read_en_bit
 .text.wrap_ameba_hal_enable_key
                0x00000000700a0288       0x84 ../../../../project/realtek_amebaD2_va0_example/GCC-RELEASE/project_ap/asdk/lib/application/libca32_se.a(rtl_se_tizenrt_function.o)
                0x00000000700a0288                wrap_ameba_hal_enable_key
 .text.wrap_Secure_KeyDeriveFunc
                0x00000000700a030c      0x220 ../../../../project/realtek_amebaD2_va0_example/GCC-RELEASE/project_ap/asdk/lib/application/libca32_se.a(rtl_se_tizenrt_function.o)
                0x00000000700a030c                wrap_Secure_KeyDeriveFunc
 .text.SBOOT_GetMdType
                0x00000000700a052c       0xc4 ../../../../project/realtek_amebaD2_va0_example/GCC-RELEASE/project_ap/asdk/lib/application/libca32_se.a(ameba_secure_boot_atf.o)
                0x00000000700a052c                SBOOT_GetMdType
 .text.SBOOT_Validate_Algorithm
                0x00000000700a05f0       0x5c ../../../../project/realtek_amebaD2_va0_example/GCC-RELEASE/project_ap/asdk/lib/application/libca32_se.a(ameba_secure_boot_atf.o)
                0x00000000700a05f0                SBOOT_Validate_Algorithm
 .text.SBOOT_Validate_Signature
                0x00000000700a064c       0x40 ../../../../project/realtek_amebaD2_va0_example/GCC-RELEASE/project_ap/asdk/lib/application/libca32_se.a(ameba_secure_boot_atf.o)
                0x00000000700a064c                SBOOT_Validate_Signature
 .text.SBOOT_Validate_ImgHash
                0x00000000700a068c      0x214 ../../../../project/realtek_amebaD2_va0_example/GCC-RELEASE/project_ap/asdk/lib/application/libca32_se.a(ameba_secure_boot_atf.o)
                0x00000000700a068c                SBOOT_Validate_ImgHash
 .text.SBOOT_Validate_PubKey
                0x00000000700a08a0       0xa4 ../../../../project/realtek_amebaD2_va0_example/GCC-RELEASE/project_ap/asdk/lib/application/libca32_se.a(ameba_secure_boot_atf.o)
                0x00000000700a08a0                SBOOT_Validate_PubKey
 .text.aes_gen_tables
                0x00000000700a0944      0x310 ../../../../project/realtek_amebaD2_va0_example/GCC-RELEASE/project_ap/asdk/lib/application/libca32_se.a(aes.o)
 .text.mbedtls_gf128mul_x_ble
                0x00000000700a0c54       0xbc ../../../../project/realtek_amebaD2_va0_example/GCC-RELEASE/project_ap/asdk/lib/application/libca32_se.a(aes.o)
 .text.mbedtls_aes_init
                0x00000000700a0d10        0xc ../../../../project/realtek_amebaD2_va0_example/GCC-RELEASE/project_ap/asdk/lib/application/libca32_se.a(aes.o)
                0x00000000700a0d10                mbedtls_aes_init
 .text.mbedtls_aes_free
                0x00000000700a0d1c       0x10 ../../../../project/realtek_amebaD2_va0_example/GCC-RELEASE/project_ap/asdk/lib/application/libca32_se.a(aes.o)
                0x00000000700a0d1c                mbedtls_aes_free
 .text.mbedtls_aes_xts_init
                0x00000000700a0d2c       0x18 ../../../../project/realtek_amebaD2_va0_example/GCC-RELEASE/project_ap/asdk/lib/application/libca32_se.a(aes.o)
                0x00000000700a0d2c                mbedtls_aes_xts_init
 .text.mbedtls_aes_xts_free
                0x00000000700a0d44       0x1c ../../../../project/realtek_amebaD2_va0_example/GCC-RELEASE/project_ap/asdk/lib/application/libca32_se.a(aes.o)
                0x00000000700a0d44                mbedtls_aes_xts_free
 .text.mbedtls_aes_setkey_enc
                0x00000000700a0d60      0x2c8 ../../../../project/realtek_amebaD2_va0_example/GCC-RELEASE/project_ap/asdk/lib/application/libca32_se.a(aes.o)
                0x00000000700a0d60                mbedtls_aes_setkey_enc
 .text.mbedtls_aes_setkey_dec
                0x00000000700a1028      0x158 ../../../../project/realtek_amebaD2_va0_example/GCC-RELEASE/project_ap/asdk/lib/application/libca32_se.a(aes.o)
                0x00000000700a1028                mbedtls_aes_setkey_dec
 .text.mbedtls_aes_xts_setkey_enc
                0x00000000700a1180       0x54 ../../../../project/realtek_amebaD2_va0_example/GCC-RELEASE/project_ap/asdk/lib/application/libca32_se.a(aes.o)
                0x00000000700a1180                mbedtls_aes_xts_setkey_enc
 .text.mbedtls_aes_xts_setkey_dec
                0x00000000700a11d4       0x54 ../../../../project/realtek_amebaD2_va0_example/GCC-RELEASE/project_ap/asdk/lib/application/libca32_se.a(aes.o)
                0x00000000700a11d4                mbedtls_aes_xts_setkey_dec
 .text.mbedtls_internal_aes_encrypt
                0x00000000700a1228      0x3e4 ../../../../project/realtek_amebaD2_va0_example/GCC-RELEASE/project_ap/asdk/lib/application/libca32_se.a(aes.o)
                0x00000000700a1228                mbedtls_internal_aes_encrypt
 .text.mbedtls_internal_aes_decrypt
                0x00000000700a160c      0x3ec ../../../../project/realtek_amebaD2_va0_example/GCC-RELEASE/project_ap/asdk/lib/application/libca32_se.a(aes.o)
                0x00000000700a160c                mbedtls_internal_aes_decrypt
 .text.mbedtls_aes_crypt_ecb
                0x00000000700a19f8       0x1c ../../../../project/realtek_amebaD2_va0_example/GCC-RELEASE/project_ap/asdk/lib/application/libca32_se.a(aes.o)
                0x00000000700a19f8                mbedtls_aes_crypt_ecb
 .text.mbedtls_aes_crypt_cbc
                0x00000000700a1a14      0x14c ../../../../project/realtek_amebaD2_va0_example/GCC-RELEASE/project_ap/asdk/lib/application/libca32_se.a(aes.o)
                0x00000000700a1a14                mbedtls_aes_crypt_cbc
 .text.mbedtls_aes_crypt_xts
                0x00000000700a1b60      0x1ec ../../../../project/realtek_amebaD2_va0_example/GCC-RELEASE/project_ap/asdk/lib/application/libca32_se.a(aes.o)
                0x00000000700a1b60                mbedtls_aes_crypt_xts
 .text.mbedtls_aes_crypt_cfb128
                0x00000000700a1d4c       0xb8 ../../../../project/realtek_amebaD2_va0_example/GCC-RELEASE/project_ap/asdk/lib/application/libca32_se.a(aes.o)
                0x00000000700a1d4c                mbedtls_aes_crypt_cfb128
 .text.mbedtls_aes_crypt_ofb
                0x00000000700a1e04       0x7c ../../../../project/realtek_amebaD2_va0_example/GCC-RELEASE/project_ap/asdk/lib/application/libca32_se.a(aes.o)
                0x00000000700a1e04                mbedtls_aes_crypt_ofb
 .text.mbedtls_aes_crypt_ctr
                0x00000000700a1e80       0x94 ../../../../project/realtek_amebaD2_va0_example/GCC-RELEASE/project_ap/asdk/lib/application/libca32_se.a(aes.o)
                0x00000000700a1e80                mbedtls_aes_crypt_ctr
 .text.mbedtls_asn1_get_len
                0x00000000700a1f14      0x128 ../../../../project/realtek_amebaD2_va0_example/GCC-RELEASE/project_ap/asdk/lib/application/libca32_se.a(asn1parse.o)
                0x00000000700a1f14                mbedtls_asn1_get_len
 .text.mbedtls_asn1_get_tag
                0x00000000700a203c       0x40 ../../../../project/realtek_amebaD2_va0_example/GCC-RELEASE/project_ap/asdk/lib/application/libca32_se.a(asn1parse.o)
                0x00000000700a203c                mbedtls_asn1_get_tag
 .text.mbedtls_asn1_get_int
                0x00000000700a207c       0x88 ../../../../project/realtek_amebaD2_va0_example/GCC-RELEASE/project_ap/asdk/lib/application/libca32_se.a(asn1parse.o)
                0x00000000700a207c                mbedtls_asn1_get_int
 .text.mbedtls_asn1_get_mpi
                0x00000000700a2104       0x48 ../../../../project/realtek_amebaD2_va0_example/GCC-RELEASE/project_ap/asdk/lib/application/libca32_se.a(asn1parse.o)
                0x00000000700a2104                mbedtls_asn1_get_mpi
 .text.mbedtls_asn1_get_bitstring_null
                0x00000000700a214c       0x50 ../../../../project/realtek_amebaD2_va0_example/GCC-RELEASE/project_ap/asdk/lib/application/libca32_se.a(asn1parse.o)
                0x00000000700a214c                mbedtls_asn1_get_bitstring_null
 .text.mbedtls_asn1_get_alg
                0x00000000700a219c       0xec ../../../../project/realtek_amebaD2_va0_example/GCC-RELEASE/project_ap/asdk/lib/application/libca32_se.a(asn1parse.o)
                0x00000000700a219c                mbedtls_asn1_get_alg
 .text.mpi_get_digit
                0x00000000700a2288       0x54 ../../../../project/realtek_amebaD2_va0_example/GCC-RELEASE/project_ap/asdk/lib/application/libca32_se.a(bignum.o)
 .text.mpi_sub_hlp
                0x00000000700a22dc       0x78 ../../../../project/realtek_amebaD2_va0_example/GCC-RELEASE/project_ap/asdk/lib/application/libca32_se.a(bignum.o)
 .text.mpi_mul_hlp
                0x00000000700a2354      0x3a4 ../../../../project/realtek_amebaD2_va0_example/GCC-RELEASE/project_ap/asdk/lib/application/libca32_se.a(bignum.o)
 .text.mpi_bigendian_to_host.part.0
                0x00000000700a26f8       0x30 ../../../../project/realtek_amebaD2_va0_example/GCC-RELEASE/project_ap/asdk/lib/application/libca32_se.a(bignum.o)
 .text.mbedtls_mpi_mod_int.part.0
                0x00000000700a2728       0x60 ../../../../project/realtek_amebaD2_va0_example/GCC-RELEASE/project_ap/asdk/lib/application/libca32_se.a(bignum.o)
 .text.mbedtls_mpi_init
                0x00000000700a2788       0x14 ../../../../project/realtek_amebaD2_va0_example/GCC-RELEASE/project_ap/asdk/lib/application/libca32_se.a(bignum.o)
                0x00000000700a2788                mbedtls_mpi_init
 .text.mbedtls_mpi_free
                0x00000000700a279c       0x40 ../../../../project/realtek_amebaD2_va0_example/GCC-RELEASE/project_ap/asdk/lib/application/libca32_se.a(bignum.o)
                0x00000000700a279c                mbedtls_mpi_free
 .text.mbedtls_mpi_grow
                0x00000000700a27dc       0x84 ../../../../project/realtek_amebaD2_va0_example/GCC-RELEASE/project_ap/asdk/lib/application/libca32_se.a(bignum.o)
                0x00000000700a27dc                mbedtls_mpi_grow
 .text.mbedtls_mpi_shrink
                0x00000000700a2860       0xb4 ../../../../project/realtek_amebaD2_va0_example/GCC-RELEASE/project_ap/asdk/lib/application/libca32_se.a(bignum.o)
                0x00000000700a2860                mbedtls_mpi_shrink
 .text.mbedtls_mpi_copy
                0x00000000700a2914       0xac ../../../../project/realtek_amebaD2_va0_example/GCC-RELEASE/project_ap/asdk/lib/application/libca32_se.a(bignum.o)
                0x00000000700a2914                mbedtls_mpi_copy
 .text.mbedtls_mpi_swap
                0x00000000700a29c0       0x58 ../../../../project/realtek_amebaD2_va0_example/GCC-RELEASE/project_ap/asdk/lib/application/libca32_se.a(bignum.o)
                0x00000000700a29c0                mbedtls_mpi_swap
 .text.mbedtls_mpi_safe_cond_assign
                0x00000000700a2a18       0x9c ../../../../project/realtek_amebaD2_va0_example/GCC-RELEASE/project_ap/asdk/lib/application/libca32_se.a(bignum.o)
                0x00000000700a2a18                mbedtls_mpi_safe_cond_assign
 .text.mbedtls_mpi_safe_cond_swap
                0x00000000700a2ab4       0xc4 ../../../../project/realtek_amebaD2_va0_example/GCC-RELEASE/project_ap/asdk/lib/application/libca32_se.a(bignum.o)
                0x00000000700a2ab4                mbedtls_mpi_safe_cond_swap
 .text.mbedtls_mpi_lset
                0x00000000700a2b78       0x58 ../../../../project/realtek_amebaD2_va0_example/GCC-RELEASE/project_ap/asdk/lib/application/libca32_se.a(bignum.o)
                0x00000000700a2b78                mbedtls_mpi_lset
 .text.mbedtls_mpi_get_bit
                0x00000000700a2bd0       0x28 ../../../../project/realtek_amebaD2_va0_example/GCC-RELEASE/project_ap/asdk/lib/application/libca32_se.a(bignum.o)
                0x00000000700a2bd0                mbedtls_mpi_get_bit
 .text.mbedtls_mpi_set_bit
                0x00000000700a2bf8       0x7c ../../../../project/realtek_amebaD2_va0_example/GCC-RELEASE/project_ap/asdk/lib/application/libca32_se.a(bignum.o)
                0x00000000700a2bf8                mbedtls_mpi_set_bit
 .text.mbedtls_mpi_lsb
                0x00000000700a2c74       0x5c ../../../../project/realtek_amebaD2_va0_example/GCC-RELEASE/project_ap/asdk/lib/application/libca32_se.a(bignum.o)
                0x00000000700a2c74                mbedtls_mpi_lsb
 .text.mbedtls_mpi_bitlen
                0x00000000700a2cd0       0x64 ../../../../project/realtek_amebaD2_va0_example/GCC-RELEASE/project_ap/asdk/lib/application/libca32_se.a(bignum.o)
                0x00000000700a2cd0                mbedtls_mpi_bitlen
 .text.mbedtls_mpi_size
                0x00000000700a2d34       0x14 ../../../../project/realtek_amebaD2_va0_example/GCC-RELEASE/project_ap/asdk/lib/application/libca32_se.a(bignum.o)
                0x00000000700a2d34                mbedtls_mpi_size
 .text.mbedtls_mpi_read_binary
                0x00000000700a2d48       0xa8 ../../../../project/realtek_amebaD2_va0_example/GCC-RELEASE/project_ap/asdk/lib/application/libca32_se.a(bignum.o)
                0x00000000700a2d48                mbedtls_mpi_read_binary
 .text.mbedtls_mpi_write_binary
                0x00000000700a2df0       0xb0 ../../../../project/realtek_amebaD2_va0_example/GCC-RELEASE/project_ap/asdk/lib/application/libca32_se.a(bignum.o)
                0x00000000700a2df0                mbedtls_mpi_write_binary
 .text.mbedtls_mpi_shift_l
                0x00000000700a2ea0      0x10c ../../../../project/realtek_amebaD2_va0_example/GCC-RELEASE/project_ap/asdk/lib/application/libca32_se.a(bignum.o)
                0x00000000700a2ea0                mbedtls_mpi_shift_l
 .text.mbedtls_mpi_shift_r
                0x00000000700a2fac       0xe4 ../../../../project/realtek_amebaD2_va0_example/GCC-RELEASE/project_ap/asdk/lib/application/libca32_se.a(bignum.o)
                0x00000000700a2fac                mbedtls_mpi_shift_r
 .text.mbedtls_mpi_cmp_abs
                0x00000000700a3090       0xbc ../../../../project/realtek_amebaD2_va0_example/GCC-RELEASE/project_ap/asdk/lib/application/libca32_se.a(bignum.o)
                0x00000000700a3090                mbedtls_mpi_cmp_abs
 .text.mpi_montmul
                0x00000000700a314c      0x134 ../../../../project/realtek_amebaD2_va0_example/GCC-RELEASE/project_ap/asdk/lib/application/libca32_se.a(bignum.o)
 .text.mbedtls_mpi_cmp_mpi
                0x00000000700a3280      0x108 ../../../../project/realtek_amebaD2_va0_example/GCC-RELEASE/project_ap/asdk/lib/application/libca32_se.a(bignum.o)
                0x00000000700a3280                mbedtls_mpi_cmp_mpi
 .text.mbedtls_mpi_cmp_int
                0x00000000700a3388       0x3c ../../../../project/realtek_amebaD2_va0_example/GCC-RELEASE/project_ap/asdk/lib/application/libca32_se.a(bignum.o)
                0x00000000700a3388                mbedtls_mpi_cmp_int
 .text.mbedtls_mpi_add_abs
                0x00000000700a33c4      0x11c ../../../../project/realtek_amebaD2_va0_example/GCC-RELEASE/project_ap/asdk/lib/application/libca32_se.a(bignum.o)
                0x00000000700a33c4                mbedtls_mpi_add_abs
 .text.mbedtls_mpi_sub_abs
                0x00000000700a34e0       0xc8 ../../../../project/realtek_amebaD2_va0_example/GCC-RELEASE/project_ap/asdk/lib/application/libca32_se.a(bignum.o)
                0x00000000700a34e0                mbedtls_mpi_sub_abs
 .text.mbedtls_mpi_add_mpi
                0x00000000700a35a8       0x7c ../../../../project/realtek_amebaD2_va0_example/GCC-RELEASE/project_ap/asdk/lib/application/libca32_se.a(bignum.o)
                0x00000000700a35a8                mbedtls_mpi_add_mpi
 .text.mbedtls_mpi_sub_mpi
                0x00000000700a3624       0x80 ../../../../project/realtek_amebaD2_va0_example/GCC-RELEASE/project_ap/asdk/lib/application/libca32_se.a(bignum.o)
                0x00000000700a3624                mbedtls_mpi_sub_mpi
 .text.mbedtls_mpi_add_int
                0x00000000700a36a4       0x3c ../../../../project/realtek_amebaD2_va0_example/GCC-RELEASE/project_ap/asdk/lib/application/libca32_se.a(bignum.o)
                0x00000000700a36a4                mbedtls_mpi_add_int
 .text.mbedtls_mpi_sub_int
                0x00000000700a36e0       0x3c ../../../../project/realtek_amebaD2_va0_example/GCC-RELEASE/project_ap/asdk/lib/application/libca32_se.a(bignum.o)
                0x00000000700a36e0                mbedtls_mpi_sub_int
 .text.mbedtls_mpi_mul_mpi
                0x00000000700a371c      0x138 ../../../../project/realtek_amebaD2_va0_example/GCC-RELEASE/project_ap/asdk/lib/application/libca32_se.a(bignum.o)
                0x00000000700a371c                mbedtls_mpi_mul_mpi
 .text.mbedtls_mpi_mul_int
                0x00000000700a3854       0x28 ../../../../project/realtek_amebaD2_va0_example/GCC-RELEASE/project_ap/asdk/lib/application/libca32_se.a(bignum.o)
                0x00000000700a3854                mbedtls_mpi_mul_int
 .text.mbedtls_mpi_read_string
                0x00000000700a387c      0x1b4 ../../../../project/realtek_amebaD2_va0_example/GCC-RELEASE/project_ap/asdk/lib/application/libca32_se.a(bignum.o)
                0x00000000700a387c                mbedtls_mpi_read_string
 .text.mbedtls_mpi_div_mpi
                0x00000000700a3a30      0x52c ../../../../project/realtek_amebaD2_va0_example/GCC-RELEASE/project_ap/asdk/lib/application/libca32_se.a(bignum.o)
                0x00000000700a3a30                mbedtls_mpi_div_mpi
 .text.mbedtls_mpi_mod_mpi
                0x00000000700a3f5c       0xac ../../../../project/realtek_amebaD2_va0_example/GCC-RELEASE/project_ap/asdk/lib/application/libca32_se.a(bignum.o)
                0x00000000700a3f5c                mbedtls_mpi_mod_mpi
 .text.mbedtls_mpi_mod_int
                0x00000000700a4008       0x60 ../../../../project/realtek_amebaD2_va0_example/GCC-RELEASE/project_ap/asdk/lib/application/libca32_se.a(bignum.o)
                0x00000000700a4008                mbedtls_mpi_mod_int
 .text.mpi_check_small_factors
                0x00000000700a4068       0x80 ../../../../project/realtek_amebaD2_va0_example/GCC-RELEASE/project_ap/asdk/lib/application/libca32_se.a(bignum.o)
 .text.mbedtls_mpi_exp_mod
                0x00000000700a40e8      0x670 ../../../../project/realtek_amebaD2_va0_example/GCC-RELEASE/project_ap/asdk/lib/application/libca32_se.a(bignum.o)
                0x00000000700a40e8                mbedtls_mpi_exp_mod
 .text.mbedtls_mpi_gcd
                0x00000000700a4758      0x1a8 ../../../../project/realtek_amebaD2_va0_example/GCC-RELEASE/project_ap/asdk/lib/application/libca32_se.a(bignum.o)
                0x00000000700a4758                mbedtls_mpi_gcd
 .text.mbedtls_mpi_fill_random